/home/samarth/Desktop/6g_ai_ran/snr_monitor/snr_monitor_1/solution1/.autopilot/db/chan_est.pp.0.cpp:1316:7: warning: Added loop label VITIS_LOOP_1223_1:   [xilinx-label-all-loops]
      for (i = 0; i < __N - 1; ++i) {
      ^~~
      VITIS_LOOP_1223_1: 
/home/samarth/Desktop/6g_ai_ran/snr_monitor/snr_monitor_1/solution1/.autopilot/db/chan_est.pp.0.cpp:1316:7: note: FIX-IT applied suggested code changes
/home/samarth/Desktop/6g_ai_ran/snr_monitor/snr_monitor_1/solution1/.autopilot/db/chan_est.pp.0.cpp:2290:5: warning: Added loop label VITIS_LOOP_676_1:   [xilinx-label-all-loops]
    for (unsigned i = low; i != high; ++i) {
    ^~~
    VITIS_LOOP_676_1: 
/home/samarth/Desktop/6g_ai_ran/snr_monitor/snr_monitor_1/solution1/.autopilot/db/chan_est.pp.0.cpp:2290:5: note: FIX-IT applied suggested code changes
/home/samarth/Desktop/6g_ai_ran/snr_monitor/snr_monitor_1/solution1/.autopilot/db/chan_est.pp.0.cpp:2304:5: warning: Added loop label VITIS_LOOP_690_1:   [xilinx-label-all-loops]
    for (unsigned i = low; i != high; ++i) {
    ^~~
    VITIS_LOOP_690_1: 
/home/samarth/Desktop/6g_ai_ran/snr_monitor/snr_monitor_1/solution1/.autopilot/db/chan_est.pp.0.cpp:2304:5: note: FIX-IT applied suggested code changes
/home/samarth/Desktop/6g_ai_ran/snr_monitor/snr_monitor_1/solution1/.autopilot/db/chan_est.pp.0.cpp:2318:5: warning: Added loop label VITIS_LOOP_704_1:   [xilinx-label-all-loops]
    for (unsigned i = low; i != high; ++i) {
    ^~~
    VITIS_LOOP_704_1: 
/home/samarth/Desktop/6g_ai_ran/snr_monitor/snr_monitor_1/solution1/.autopilot/db/chan_est.pp.0.cpp:2318:5: note: FIX-IT applied suggested code changes
/home/samarth/Desktop/6g_ai_ran/snr_monitor/snr_monitor_1/solution1/.autopilot/db/chan_est.pp.0.cpp:3947:7: warning: Added loop label VITIS_LOOP_1247_1:   [xilinx-label-all-loops]
      for (i = 0; i < __N - 1; ++i) {
      ^~~
      VITIS_LOOP_1247_1: 
/home/samarth/Desktop/6g_ai_ran/snr_monitor/snr_monitor_1/solution1/.autopilot/db/chan_est.pp.0.cpp:3947:7: note: FIX-IT applied suggested code changes
/home/samarth/Desktop/6g_ai_ran/snr_monitor/snr_monitor_1/solution1/.autopilot/db/chan_est.pp.0.cpp:9295:2: warning: Added loop label VITIS_LOOP_91_1:   [xilinx-label-all-loops]
 for (int a = 0; a < 2; a++) {
 ^~~
 VITIS_LOOP_91_1: 
/home/samarth/Desktop/6g_ai_ran/snr_monitor/snr_monitor_1/solution1/.autopilot/db/chan_est.pp.0.cpp:9295:2: note: FIX-IT applied suggested code changes
/home/samarth/Desktop/6g_ai_ran/snr_monitor/snr_monitor_1/solution1/.autopilot/db/chan_est.pp.0.cpp:9319:13: warning: Added loop label VITIS_LOOP_115_2:   [xilinx-label-all-loops]
            for (int a = 0; a < 2; a++) {
            ^~~
            VITIS_LOOP_115_2: 
/home/samarth/Desktop/6g_ai_ran/snr_monitor/snr_monitor_1/solution1/.autopilot/db/chan_est.pp.0.cpp:9319:13: note: FIX-IT applied suggested code changes
/home/samarth/Desktop/6g_ai_ran/snr_monitor/snr_monitor_1/solution1/.autopilot/db/chan_est.pp.0.cpp:9337:13: warning: Added loop label VITIS_LOOP_133_3:   [xilinx-label-all-loops]
            for (int b = 0; b < 2; b++) {
            ^~~
            VITIS_LOOP_133_3: 
/home/samarth/Desktop/6g_ai_ran/snr_monitor/snr_monitor_1/solution1/.autopilot/db/chan_est.pp.0.cpp:9337:13: note: FIX-IT applied suggested code changes
/home/samarth/Desktop/6g_ai_ran/snr_monitor/snr_monitor_1/solution1/.autopilot/db/chan_est.pp.0.cpp:9339:2: warning: Added loop label VITIS_LOOP_135_4:   [xilinx-label-all-loops]
 for (int a = 0; a < 2; a++) {
 ^~~
 VITIS_LOOP_135_4: 
/home/samarth/Desktop/6g_ai_ran/snr_monitor/snr_monitor_1/solution1/.autopilot/db/chan_est.pp.0.cpp:9339:2: note: FIX-IT applied suggested code changes
