

================================================================
== Vitis HLS Report for 'snr_monitor_top'
================================================================
* Date:           Mon Mar  2 11:31:41 2026

* Version:        2024.1 (Build 5069499 on May 21 2024)
* Project:        snr_monitor_1
* Solution:       solution1 (Vivado IP Flow Target)
* Product family: zynquplus
* Target device:  xczu7ev-ffvc1156-2-e


================================================================
== Performance Estimates
================================================================
+ Timing: 
    * Summary: 
    +--------+---------+----------+------------+
    |  Clock |  Target | Estimated| Uncertainty|
    +--------+---------+----------+------------+
    |ap_clk  |  3.33 ns|  2.380 ns|     0.90 ns|
    +--------+---------+----------+------------+

+ Latency: 
    * Summary: 
    +---------+---------+-----------+-----------+------+------+---------+
    |  Latency (cycles) |   Latency (absolute)  |   Interval  | Pipeline|
    |   min   |   max   |    min    |    max    |  min |  max |   Type  |
    +---------+---------+-----------+-----------+------+------+---------+
    |     5130|     5311|  17.083 us|  17.686 us|  5131|  5312|       no|
    +---------+---------+-----------+-----------+------+------+---------+

    + Detail: 
        * Instance: 
        N/A

        * Loop: 
        N/A

============================================================
+ Verbose Summary: Synthesis Manager
============================================================
InlineROM: 1
ExposeGlobal: 0
============================================================
+ Verbose Summary: CDFG Model
============================================================
IsTopModel: 1
ResetActiveHigh: 1
IsCombinational: 0
IsDatapathOnly: 0
HasWiredReturn: 1
HasMFsm: 0
HasVarLatency: 1
IsPipeline: 0
IsRtlPipelined: 0
IsInstanceOverlapped: 0
IsDontTouch: 0
HasImplIP: 0
IsGatedGlobalClock: 0


============================================================
+ Verbose Summary: Schedule
============================================================
* Number of FSM states : 78
* Pipeline : 0
* Dataflow Pipeline: 0

* FSM state transitions: 
1 --> 2 
2 --> 3 
3 --> 4 
4 --> 5 
5 --> 6 
6 --> 7 78 
7 --> 8 
8 --> 9 
9 --> 10 
10 --> 11 78 
11 --> 12 
12 --> 13 
13 --> 14 
14 --> 15 
15 --> 16 
16 --> 17 
17 --> 18 
18 --> 19 
19 --> 20 
20 --> 21 
21 --> 22 
22 --> 23 
23 --> 24 
24 --> 25 
25 --> 26 
26 --> 27 
27 --> 28 
28 --> 29 
29 --> 30 
30 --> 31 
31 --> 32 
32 --> 33 
33 --> 34 
34 --> 35 
35 --> 36 
36 --> 37 
37 --> 38 
38 --> 39 
39 --> 40 
40 --> 41 
41 --> 42 
42 --> 43 
43 --> 44 
44 --> 45 
45 --> 46 
46 --> 47 
47 --> 48 
48 --> 49 
49 --> 50 
50 --> 51 
51 --> 52 
52 --> 53 
53 --> 54 
54 --> 55 
55 --> 56 
56 --> 57 
57 --> 58 
58 --> 59 
59 --> 60 
60 --> 61 
61 --> 62 
62 --> 63 
63 --> 64 
64 --> 65 
65 --> 66 
66 --> 67 
67 --> 68 
68 --> 69 
69 --> 70 
70 --> 71 
71 --> 72 
72 --> 73 
73 --> 74 
74 --> 75 
75 --> 76 
76 --> 77 
77 --> 78 
78 --> 

* FSM state operations: 

State 1 <SV = 0> <Delay = 0.79>
ST_1 : Operation 79 [1/1] (0.00ns)   --->   "%symbol_num_read = read i4 @_ssdm_op_Read.ap_none.i4, i4 %symbol_num"   --->   Operation 79 'read' 'symbol_num_read' <Predicate = true> <Delay = 0.00>
ST_1 : Operation 80 [1/1] (0.00ns)   --->   "%sig_pow_loc = alloca i64 1"   --->   Operation 80 'alloca' 'sig_pow_loc' <Predicate = true> <Delay = 0.00>
ST_1 : Operation 81 [1/1] (0.00ns)   --->   "%nse_pow_loc = alloca i64 1"   --->   Operation 81 'alloca' 'nse_pow_loc' <Predicate = true> <Delay = 0.00>
ST_1 : Operation 82 [1/1] (0.00ns)   --->   "%fft_re = alloca i64 1" [snr_monitor.cpp:70]   --->   Operation 82 'alloca' 'fft_re' <Predicate = true> <Delay = 0.00>
ST_1 : Operation 83 [1/1] (0.00ns)   --->   "%fft_im = alloca i64 1" [snr_monitor.cpp:71]   --->   Operation 83 'alloca' 'fft_im' <Predicate = true> <Delay = 0.00>
ST_1 : Operation 84 [1/1] (0.00ns)   --->   "%h_re = alloca i64 1" [snr_monitor.cpp:76]   --->   Operation 84 'alloca' 'h_re' <Predicate = true> <Delay = 0.00>
ST_1 : Operation 85 [1/1] (0.00ns)   --->   "%h_im = alloca i64 1" [snr_monitor.cpp:77]   --->   Operation 85 'alloca' 'h_im' <Predicate = true> <Delay = 0.00>
ST_1 : Operation 86 [1/1] (0.79ns)   --->   "%icmp_ln113 = icmp_eq  i4 %symbol_num_read, i4 2" [snr_monitor.cpp:113]   --->   Operation 86 'icmp' 'icmp_ln113' <Predicate = true> <Delay = 0.79> <CoreInst = "Cmp">   --->   Core 9 'Cmp' <Latency = 0> <II = 1> <Delay = 0.79> <FuncUnit> <Opcode : 'seteq' 'setne' 'setle' 'setge' 'setlt' 'setgt'> <InPorts = 2> <OutPorts = 1>

State 2 <SV = 1> <Delay = 0.07>
ST_2 : Operation 87 [1/1] (0.00ns)   --->   "%empty = wait i32 @_ssdm_op_Wait"   --->   Operation 87 'wait' 'empty' <Predicate = true> <Delay = 0.00>
ST_2 : Operation 88 [2/2] (0.07ns)   --->   "%call_ln0 = call void @snr_monitor_top_Pipeline_buf_loop, i32 %fft_in_0_V_data_V, i4 %fft_in_0_V_keep_V, i4 %fft_in_0_V_strb_V, i1 %fft_in_0_V_last_V, i16 %fft_re, i16 %fft_im, i32 %fft_in_1_V_data_V, i4 %fft_in_1_V_keep_V, i4 %fft_in_1_V_strb_V, i1 %fft_in_1_V_last_V"   --->   Operation 88 'call' 'call_ln0' <Predicate = true> <Delay = 0.07> <CoreType = "Generic">   --->   Core 0 '' <Latency = 0> <II = 1> <Delay = 1.00> <Generic> <Opcode : >

State 3 <SV = 2> <Delay = 1.65>
ST_3 : Operation 89 [1/2] (1.65ns)   --->   "%call_ln0 = call void @snr_monitor_top_Pipeline_buf_loop, i32 %fft_in_0_V_data_V, i4 %fft_in_0_V_keep_V, i4 %fft_in_0_V_strb_V, i1 %fft_in_0_V_last_V, i16 %fft_re, i16 %fft_im, i32 %fft_in_1_V_data_V, i4 %fft_in_1_V_keep_V, i4 %fft_in_1_V_strb_V, i1 %fft_in_1_V_last_V"   --->   Operation 89 'call' 'call_ln0' <Predicate = true> <Delay = 1.65> <CoreType = "Generic">   --->   Core 0 '' <Latency = 0> <II = 1> <Delay = 1.00> <Generic> <Opcode : >

State 4 <SV = 3> <Delay = 0.00>
ST_4 : Operation 90 [1/1] (0.00ns)   --->   "%empty_24 = wait i32 @_ssdm_op_Wait"   --->   Operation 90 'wait' 'empty_24' <Predicate = true> <Delay = 0.00>

State 5 <SV = 4> <Delay = 0.07>
ST_5 : Operation 91 [1/1] (0.00ns)   --->   "%empty_25 = wait i32 @_ssdm_op_Wait"   --->   Operation 91 'wait' 'empty_25' <Predicate = true> <Delay = 0.00>
ST_5 : Operation 92 [2/2] (0.07ns)   --->   "%call_ln0 = call void @snr_monitor_top_Pipeline_weight_drain, i32 %weight_stream_V_data_V, i4 %weight_stream_V_keep_V, i4 %weight_stream_V_strb_V, i1 %weight_stream_V_last_V, i16 %h_re, i16 %h_im"   --->   Operation 92 'call' 'call_ln0' <Predicate = true> <Delay = 0.07> <CoreType = "Generic">   --->   Core 0 '' <Latency = 0> <II = 1> <Delay = 1.00> <Generic> <Opcode : >

State 6 <SV = 5> <Delay = 1.67>
ST_6 : Operation 93 [1/1] (0.00ns)   --->   "%spectopmodule_ln54 = spectopmodule void @_ssdm_op_SpecTopModule, void @empty_5" [snr_monitor.cpp:54]   --->   Operation 93 'spectopmodule' 'spectopmodule_ln54' <Predicate = true> <Delay = 0.00>
ST_6 : Operation 94 [1/1] (0.00ns)   --->   "%specinterface_ln0 = specinterface void @_ssdm_op_SpecInterface, i32 %fft_in_0_V_data_V, i4 %fft_in_0_V_keep_V, i4 %fft_in_0_V_strb_V, i1 %fft_in_0_V_last_V, void @empty, i32 1, i32 1, void @empty_0, i32 0, i32 0, void @empty_1, void @empty_1, void @empty_1, i32 0, i32 0, i32 0, i32 0, void @empty_1, void @empty_1, i32 4294967295, i32 0, i32 0"   --->   Operation 94 'specinterface' 'specinterface_ln0' <Predicate = true> <Delay = 0.00>
ST_6 : Operation 95 [1/1] (0.00ns)   --->   "%specbitsmap_ln0 = specbitsmap void @_ssdm_op_SpecBitsMap, i32 %fft_in_0_V_data_V"   --->   Operation 95 'specbitsmap' 'specbitsmap_ln0' <Predicate = true> <Delay = 0.00>
ST_6 : Operation 96 [1/1] (0.00ns)   --->   "%specbitsmap_ln0 = specbitsmap void @_ssdm_op_SpecBitsMap, i4 %fft_in_0_V_keep_V"   --->   Operation 96 'specbitsmap' 'specbitsmap_ln0' <Predicate = true> <Delay = 0.00>
ST_6 : Operation 97 [1/1] (0.00ns)   --->   "%specbitsmap_ln0 = specbitsmap void @_ssdm_op_SpecBitsMap, i4 %fft_in_0_V_strb_V"   --->   Operation 97 'specbitsmap' 'specbitsmap_ln0' <Predicate = true> <Delay = 0.00>
ST_6 : Operation 98 [1/1] (0.00ns)   --->   "%specbitsmap_ln0 = specbitsmap void @_ssdm_op_SpecBitsMap, i1 %fft_in_0_V_last_V"   --->   Operation 98 'specbitsmap' 'specbitsmap_ln0' <Predicate = true> <Delay = 0.00>
ST_6 : Operation 99 [1/1] (0.00ns)   --->   "%specinterface_ln0 = specinterface void @_ssdm_op_SpecInterface, i32 %fft_in_1_V_data_V, i4 %fft_in_1_V_keep_V, i4 %fft_in_1_V_strb_V, i1 %fft_in_1_V_last_V, void @empty, i32 1, i32 1, void @empty_0, i32 0, i32 0, void @empty_1, void @empty_1, void @empty_1, i32 0, i32 0, i32 0, i32 0, void @empty_1, void @empty_1, i32 4294967295, i32 0, i32 0"   --->   Operation 99 'specinterface' 'specinterface_ln0' <Predicate = true> <Delay = 0.00>
ST_6 : Operation 100 [1/1] (0.00ns)   --->   "%specbitsmap_ln0 = specbitsmap void @_ssdm_op_SpecBitsMap, i32 %fft_in_1_V_data_V"   --->   Operation 100 'specbitsmap' 'specbitsmap_ln0' <Predicate = true> <Delay = 0.00>
ST_6 : Operation 101 [1/1] (0.00ns)   --->   "%specbitsmap_ln0 = specbitsmap void @_ssdm_op_SpecBitsMap, i4 %fft_in_1_V_keep_V"   --->   Operation 101 'specbitsmap' 'specbitsmap_ln0' <Predicate = true> <Delay = 0.00>
ST_6 : Operation 102 [1/1] (0.00ns)   --->   "%specbitsmap_ln0 = specbitsmap void @_ssdm_op_SpecBitsMap, i4 %fft_in_1_V_strb_V"   --->   Operation 102 'specbitsmap' 'specbitsmap_ln0' <Predicate = true> <Delay = 0.00>
ST_6 : Operation 103 [1/1] (0.00ns)   --->   "%specbitsmap_ln0 = specbitsmap void @_ssdm_op_SpecBitsMap, i1 %fft_in_1_V_last_V"   --->   Operation 103 'specbitsmap' 'specbitsmap_ln0' <Predicate = true> <Delay = 0.00>
ST_6 : Operation 104 [1/1] (0.00ns)   --->   "%specinterface_ln0 = specinterface void @_ssdm_op_SpecInterface, i32 %weight_stream_V_data_V, i4 %weight_stream_V_keep_V, i4 %weight_stream_V_strb_V, i1 %weight_stream_V_last_V, void @empty, i32 1, i32 1, void @empty_0, i32 0, i32 0, void @empty_1, void @empty_1, void @empty_1, i32 0, i32 0, i32 0, i32 0, void @empty_1, void @empty_1, i32 4294967295, i32 0, i32 0"   --->   Operation 104 'specinterface' 'specinterface_ln0' <Predicate = true> <Delay = 0.00>
ST_6 : Operation 105 [1/1] (0.00ns)   --->   "%specbitsmap_ln0 = specbitsmap void @_ssdm_op_SpecBitsMap, i32 %weight_stream_V_data_V"   --->   Operation 105 'specbitsmap' 'specbitsmap_ln0' <Predicate = true> <Delay = 0.00>
ST_6 : Operation 106 [1/1] (0.00ns)   --->   "%specbitsmap_ln0 = specbitsmap void @_ssdm_op_SpecBitsMap, i4 %weight_stream_V_keep_V"   --->   Operation 106 'specbitsmap' 'specbitsmap_ln0' <Predicate = true> <Delay = 0.00>
ST_6 : Operation 107 [1/1] (0.00ns)   --->   "%specbitsmap_ln0 = specbitsmap void @_ssdm_op_SpecBitsMap, i4 %weight_stream_V_strb_V"   --->   Operation 107 'specbitsmap' 'specbitsmap_ln0' <Predicate = true> <Delay = 0.00>
ST_6 : Operation 108 [1/1] (0.00ns)   --->   "%specbitsmap_ln0 = specbitsmap void @_ssdm_op_SpecBitsMap, i1 %weight_stream_V_last_V"   --->   Operation 108 'specbitsmap' 'specbitsmap_ln0' <Predicate = true> <Delay = 0.00>
ST_6 : Operation 109 [1/1] (0.00ns)   --->   "%specbitsmap_ln0 = specbitsmap void @_ssdm_op_SpecBitsMap, i4 %symbol_num"   --->   Operation 109 'specbitsmap' 'specbitsmap_ln0' <Predicate = true> <Delay = 0.00>
ST_6 : Operation 110 [1/1] (0.00ns)   --->   "%specinterface_ln0 = specinterface void @_ssdm_op_SpecInterface, i4 %symbol_num, void @empty_2, i32 4294967295, i32 4294967295, void @empty_1, i32 0, i32 0, void @empty_1, void @empty_1, void @empty_1, i32 0, i32 0, i32 0, i32 0, void @empty_1, void @empty_1, i32 4294967295, i32 0, i32 0"   --->   Operation 110 'specinterface' 'specinterface_ln0' <Predicate = true> <Delay = 0.00>
ST_6 : Operation 111 [1/1] (0.00ns)   --->   "%specbitsmap_ln0 = specbitsmap void @_ssdm_op_SpecBitsMap, i32 %snr_out"   --->   Operation 111 'specbitsmap' 'specbitsmap_ln0' <Predicate = true> <Delay = 0.00>
ST_6 : Operation 112 [1/1] (0.00ns)   --->   "%specinterface_ln0 = specinterface void @_ssdm_op_SpecInterface, i32 %snr_out, void @empty_3, i32 4294967295, i32 4294967295, void @empty_0, i32 0, i32 0, void @empty_7, void @empty_9, void @empty_1, i32 0, i32 0, i32 0, i32 0, void @empty_1, void @empty_1, i32 4294967295, i32 0, i32 0"   --->   Operation 112 'specinterface' 'specinterface_ln0' <Predicate = true> <Delay = 0.00>
ST_6 : Operation 113 [1/1] (0.00ns)   --->   "%specinterface_ln0 = specinterface void @_ssdm_op_SpecInterface, i32 %snr_out, void @empty_10, i32 4294967295, i32 4294967295, void @empty_1, i32 0, i32 0, void @empty_1, void @empty_1, void @empty_1, i32 0, i32 0, i32 0, i32 0, void @empty_1, void @empty_1, i32 4294967295, i32 0, i32 0"   --->   Operation 113 'specinterface' 'specinterface_ln0' <Predicate = true> <Delay = 0.00>
ST_6 : Operation 114 [1/1] (0.00ns)   --->   "%specinterface_ln0 = specinterface void @_ssdm_op_SpecInterface, i32 0, void @empty_3, i32 0, i32 0, void @empty_1, i32 0, i32 0, void @empty_7, void @empty_1, void @empty_1, i32 0, i32 0, i32 0, i32 0, void @empty_1, void @empty_1, i32 4294967295, i32 0, i32 0"   --->   Operation 114 'specinterface' 'specinterface_ln0' <Predicate = true> <Delay = 0.00>
ST_6 : Operation 115 [1/1] (0.00ns)   --->   "%specaxissidechannel_ln83 = specaxissidechannel void @_ssdm_op_SpecAXISSideChannel, i32 %fft_in_1_V_data_V, i4 %fft_in_1_V_keep_V, i4 %fft_in_1_V_strb_V, i1 0, i1 %fft_in_1_V_last_V, i1 0, i1 0, void @empty_11" [snr_monitor.cpp:83]   --->   Operation 115 'specaxissidechannel' 'specaxissidechannel_ln83' <Predicate = true> <Delay = 0.00>
ST_6 : Operation 116 [1/1] (0.00ns)   --->   "%specaxissidechannel_ln83 = specaxissidechannel void @_ssdm_op_SpecAXISSideChannel, i32 %fft_in_0_V_data_V, i4 %fft_in_0_V_keep_V, i4 %fft_in_0_V_strb_V, i1 0, i1 %fft_in_0_V_last_V, i1 0, i1 0, void @empty_12" [snr_monitor.cpp:83]   --->   Operation 116 'specaxissidechannel' 'specaxissidechannel_ln83' <Predicate = true> <Delay = 0.00>
ST_6 : Operation 117 [1/1] (0.00ns)   --->   "%specaxissidechannel_ln83 = specaxissidechannel void @_ssdm_op_SpecAXISSideChannel, i32 %weight_stream_V_data_V, i4 %weight_stream_V_keep_V, i4 %weight_stream_V_strb_V, i1 0, i1 %weight_stream_V_last_V, i1 0, i1 0, void @empty_13" [snr_monitor.cpp:83]   --->   Operation 117 'specaxissidechannel' 'specaxissidechannel_ln83' <Predicate = true> <Delay = 0.00>
ST_6 : Operation 118 [1/2] (1.67ns)   --->   "%call_ln0 = call void @snr_monitor_top_Pipeline_weight_drain, i32 %weight_stream_V_data_V, i4 %weight_stream_V_keep_V, i4 %weight_stream_V_strb_V, i1 %weight_stream_V_last_V, i16 %h_re, i16 %h_im"   --->   Operation 118 'call' 'call_ln0' <Predicate = true> <Delay = 1.67> <CoreType = "Generic">   --->   Core 0 '' <Latency = 0> <II = 1> <Delay = 1.00> <Generic> <Opcode : >
ST_6 : Operation 119 [1/1] (0.00ns)   --->   "%br_ln113 = br i1 %icmp_ln113, void %if.end101, void %for.body32.preheader" [snr_monitor.cpp:113]   --->   Operation 119 'br' 'br_ln113' <Predicate = true> <Delay = 0.00>

State 7 <SV = 6> <Delay = 0.00>
ST_7 : Operation 120 [2/2] (0.00ns)   --->   "%call_ln0 = call void @snr_monitor_top_Pipeline_pilot_snr, i16 %fft_re, i16 %fft_im, i16 %h_re, i16 %h_im, i39 %nse_pow_loc, i39 %sig_pow_loc, i15 %DMRS_RE, i15 %DMRS_IM"   --->   Operation 120 'call' 'call_ln0' <Predicate = true> <Delay = 0.00> <CoreType = "Generic">   --->   Core 0 '' <Latency = 0> <II = 1> <Delay = 1.00> <Generic> <Opcode : >

State 8 <SV = 7> <Delay = 0.00>
ST_8 : Operation 121 [1/2] (0.00ns)   --->   "%call_ln0 = call void @snr_monitor_top_Pipeline_pilot_snr, i16 %fft_re, i16 %fft_im, i16 %h_re, i16 %h_im, i39 %nse_pow_loc, i39 %sig_pow_loc, i15 %DMRS_RE, i15 %DMRS_IM"   --->   Operation 121 'call' 'call_ln0' <Predicate = true> <Delay = 0.00> <CoreType = "Generic">   --->   Core 0 '' <Latency = 0> <II = 1> <Delay = 1.00> <Generic> <Opcode : >

State 9 <SV = 8> <Delay = 2.18>
ST_9 : Operation 122 [1/1] (0.00ns)   --->   "%nse_pow_loc_load = load i39 %nse_pow_loc"   --->   Operation 122 'load' 'nse_pow_loc_load' <Predicate = true> <Delay = 0.00>
ST_9 : Operation 123 [1/1] (0.00ns)   --->   "%sig_pow_loc_load = load i39 %sig_pow_loc"   --->   Operation 123 'load' 'sig_pow_loc_load' <Predicate = true> <Delay = 0.00>
ST_9 : Operation 124 [1/1] (0.00ns)   --->   "%sext_ln119 = sext i39 %sig_pow_loc_load" [snr_monitor.cpp:119]   --->   Operation 124 'sext' 'sext_ln119' <Predicate = true> <Delay = 0.00>
ST_9 : Operation 125 [1/1] (0.00ns)   --->   "%sext_ln119_1 = sext i39 %nse_pow_loc_load" [snr_monitor.cpp:119]   --->   Operation 125 'sext' 'sext_ln119_1' <Predicate = true> <Delay = 0.00>
ST_9 : Operation 126 [1/1] (0.00ns)   --->   "%trunc_ln168 = trunc i39 %nse_pow_loc_load" [snr_monitor.cpp:168]   --->   Operation 126 'trunc' 'trunc_ln168' <Predicate = true> <Delay = 0.00>
ST_9 : Operation 127 [1/1] (0.00ns)   --->   "%p_shl = bitconcatenate i48 @_ssdm_op_BitConcatenate.i48.i32.i16, i32 %trunc_ln168, i16 0" [snr_monitor.cpp:168]   --->   Operation 127 'bitconcatenate' 'p_shl' <Predicate = true> <Delay = 0.00>
ST_9 : Operation 128 [1/1] (1.09ns)   --->   "%sub_ln168 = sub i48 %p_shl, i48 %sext_ln119_1" [snr_monitor.cpp:168]   --->   Operation 128 'sub' 'sub_ln168' <Predicate = true> <Delay = 1.09> <CoreInst = "Adder">   --->   Core 1 'Adder' <Latency = 0> <II = 1> <Delay = 1.09> <FuncUnit> <Opcode : 'add' 'sub'> <InPorts = 2> <OutPorts = 1>
ST_9 : Operation 129 [1/1] (1.09ns)   --->   "%icmp_ln168_1 = icmp_sgt  i48 %sext_ln119, i48 %sub_ln168" [snr_monitor.cpp:168]   --->   Operation 129 'icmp' 'icmp_ln168_1' <Predicate = true> <Delay = 1.09> <CoreInst = "Cmp">   --->   Core 9 'Cmp' <Latency = 0> <II = 1> <Delay = 1.09> <FuncUnit> <Opcode : 'seteq' 'setne' 'setle' 'setge' 'setlt' 'setgt'> <InPorts = 2> <OutPorts = 1>

State 10 <SV = 9> <Delay = 1.74>
ST_10 : Operation 130 [1/1] (1.03ns)   --->   "%icmp_ln168 = icmp_slt  i39 %nse_pow_loc_load, i39 1" [snr_monitor.cpp:168]   --->   Operation 130 'icmp' 'icmp_ln168' <Predicate = true> <Delay = 1.03> <CoreInst = "Cmp">   --->   Core 9 'Cmp' <Latency = 0> <II = 1> <Delay = 1.03> <FuncUnit> <Opcode : 'seteq' 'setne' 'setle' 'setge' 'setlt' 'setgt'> <InPorts = 2> <OutPorts = 1>
ST_10 : Operation 131 [1/1] (0.28ns)   --->   "%or_ln168 = or i1 %icmp_ln168, i1 %icmp_ln168_1" [snr_monitor.cpp:168]   --->   Operation 131 'or' 'or_ln168' <Predicate = true> <Delay = 0.28> <CoreInst = "LogicGate">   --->   Core 74 'LogicGate' <Latency = 0> <II = 1> <Delay = 0.28> <FuncUnit> <Opcode : 'and' 'or' 'xor'> <InPorts = 2> <OutPorts = 1>
ST_10 : Operation 132 [1/1] (0.42ns)   --->   "%br_ln168 = br i1 %or_ln168, void %if.else, void %if.end100" [snr_monitor.cpp:168]   --->   Operation 132 'br' 'br_ln168' <Predicate = true> <Delay = 0.42>
ST_10 : Operation 133 [1/1] (0.00ns)   --->   "%numerator = bitconcatenate i55 @_ssdm_op_BitConcatenate.i55.i39.i16, i39 %sig_pow_loc_load, i16 0" [snr_monitor.cpp:172]   --->   Operation 133 'bitconcatenate' 'numerator' <Predicate = (!or_ln168)> <Delay = 0.00>
ST_10 : Operation 134 [1/1] (0.00ns)   --->   "%sext_ln172 = sext i55 %numerator" [snr_monitor.cpp:172]   --->   Operation 134 'sext' 'sext_ln172' <Predicate = (!or_ln168)> <Delay = 0.00>
ST_10 : Operation 135 [1/1] (0.00ns)   --->   "%zext_ln173 = zext i39 %nse_pow_loc_load" [snr_monitor.cpp:173]   --->   Operation 135 'zext' 'zext_ln173' <Predicate = (!or_ln168)> <Delay = 0.00>
ST_10 : Operation 136 [68/68] (1.56ns)   --->   "%udiv_ln173 = udiv i64 %sext_ln172, i64 %zext_ln173" [snr_monitor.cpp:173]   --->   Operation 136 'udiv' 'udiv_ln173' <Predicate = (!or_ln168)> <Delay = 1.56> <CoreInst = "DivnS_SEQ">   --->   Core 7 'DivnS_SEQ' <Latency = 67> <II = 32> <Delay = 1.56> <FuncUnit> <Opcode : 'udiv' 'sdiv' 'urem' 'srem'> <InPorts = 2> <OutPorts = 1>

State 11 <SV = 10> <Delay = 1.56>
ST_11 : Operation 137 [67/68] (1.56ns)   --->   "%udiv_ln173 = udiv i64 %sext_ln172, i64 %zext_ln173" [snr_monitor.cpp:173]   --->   Operation 137 'udiv' 'udiv_ln173' <Predicate = true> <Delay = 1.56> <CoreInst = "DivnS_SEQ">   --->   Core 7 'DivnS_SEQ' <Latency = 67> <II = 32> <Delay = 1.56> <FuncUnit> <Opcode : 'udiv' 'sdiv' 'urem' 'srem'> <InPorts = 2> <OutPorts = 1>

State 12 <SV = 11> <Delay = 1.56>
ST_12 : Operation 138 [66/68] (1.56ns)   --->   "%udiv_ln173 = udiv i64 %sext_ln172, i64 %zext_ln173" [snr_monitor.cpp:173]   --->   Operation 138 'udiv' 'udiv_ln173' <Predicate = true> <Delay = 1.56> <CoreInst = "DivnS_SEQ">   --->   Core 7 'DivnS_SEQ' <Latency = 67> <II = 32> <Delay = 1.56> <FuncUnit> <Opcode : 'udiv' 'sdiv' 'urem' 'srem'> <InPorts = 2> <OutPorts = 1>

State 13 <SV = 12> <Delay = 1.56>
ST_13 : Operation 139 [65/68] (1.56ns)   --->   "%udiv_ln173 = udiv i64 %sext_ln172, i64 %zext_ln173" [snr_monitor.cpp:173]   --->   Operation 139 'udiv' 'udiv_ln173' <Predicate = true> <Delay = 1.56> <CoreInst = "DivnS_SEQ">   --->   Core 7 'DivnS_SEQ' <Latency = 67> <II = 32> <Delay = 1.56> <FuncUnit> <Opcode : 'udiv' 'sdiv' 'urem' 'srem'> <InPorts = 2> <OutPorts = 1>

State 14 <SV = 13> <Delay = 1.56>
ST_14 : Operation 140 [64/68] (1.56ns)   --->   "%udiv_ln173 = udiv i64 %sext_ln172, i64 %zext_ln173" [snr_monitor.cpp:173]   --->   Operation 140 'udiv' 'udiv_ln173' <Predicate = true> <Delay = 1.56> <CoreInst = "DivnS_SEQ">   --->   Core 7 'DivnS_SEQ' <Latency = 67> <II = 32> <Delay = 1.56> <FuncUnit> <Opcode : 'udiv' 'sdiv' 'urem' 'srem'> <InPorts = 2> <OutPorts = 1>

State 15 <SV = 14> <Delay = 1.56>
ST_15 : Operation 141 [63/68] (1.56ns)   --->   "%udiv_ln173 = udiv i64 %sext_ln172, i64 %zext_ln173" [snr_monitor.cpp:173]   --->   Operation 141 'udiv' 'udiv_ln173' <Predicate = true> <Delay = 1.56> <CoreInst = "DivnS_SEQ">   --->   Core 7 'DivnS_SEQ' <Latency = 67> <II = 32> <Delay = 1.56> <FuncUnit> <Opcode : 'udiv' 'sdiv' 'urem' 'srem'> <InPorts = 2> <OutPorts = 1>

State 16 <SV = 15> <Delay = 1.56>
ST_16 : Operation 142 [62/68] (1.56ns)   --->   "%udiv_ln173 = udiv i64 %sext_ln172, i64 %zext_ln173" [snr_monitor.cpp:173]   --->   Operation 142 'udiv' 'udiv_ln173' <Predicate = true> <Delay = 1.56> <CoreInst = "DivnS_SEQ">   --->   Core 7 'DivnS_SEQ' <Latency = 67> <II = 32> <Delay = 1.56> <FuncUnit> <Opcode : 'udiv' 'sdiv' 'urem' 'srem'> <InPorts = 2> <OutPorts = 1>

State 17 <SV = 16> <Delay = 1.56>
ST_17 : Operation 143 [61/68] (1.56ns)   --->   "%udiv_ln173 = udiv i64 %sext_ln172, i64 %zext_ln173" [snr_monitor.cpp:173]   --->   Operation 143 'udiv' 'udiv_ln173' <Predicate = true> <Delay = 1.56> <CoreInst = "DivnS_SEQ">   --->   Core 7 'DivnS_SEQ' <Latency = 67> <II = 32> <Delay = 1.56> <FuncUnit> <Opcode : 'udiv' 'sdiv' 'urem' 'srem'> <InPorts = 2> <OutPorts = 1>

State 18 <SV = 17> <Delay = 1.56>
ST_18 : Operation 144 [60/68] (1.56ns)   --->   "%udiv_ln173 = udiv i64 %sext_ln172, i64 %zext_ln173" [snr_monitor.cpp:173]   --->   Operation 144 'udiv' 'udiv_ln173' <Predicate = true> <Delay = 1.56> <CoreInst = "DivnS_SEQ">   --->   Core 7 'DivnS_SEQ' <Latency = 67> <II = 32> <Delay = 1.56> <FuncUnit> <Opcode : 'udiv' 'sdiv' 'urem' 'srem'> <InPorts = 2> <OutPorts = 1>

State 19 <SV = 18> <Delay = 1.56>
ST_19 : Operation 145 [59/68] (1.56ns)   --->   "%udiv_ln173 = udiv i64 %sext_ln172, i64 %zext_ln173" [snr_monitor.cpp:173]   --->   Operation 145 'udiv' 'udiv_ln173' <Predicate = true> <Delay = 1.56> <CoreInst = "DivnS_SEQ">   --->   Core 7 'DivnS_SEQ' <Latency = 67> <II = 32> <Delay = 1.56> <FuncUnit> <Opcode : 'udiv' 'sdiv' 'urem' 'srem'> <InPorts = 2> <OutPorts = 1>

State 20 <SV = 19> <Delay = 1.56>
ST_20 : Operation 146 [58/68] (1.56ns)   --->   "%udiv_ln173 = udiv i64 %sext_ln172, i64 %zext_ln173" [snr_monitor.cpp:173]   --->   Operation 146 'udiv' 'udiv_ln173' <Predicate = true> <Delay = 1.56> <CoreInst = "DivnS_SEQ">   --->   Core 7 'DivnS_SEQ' <Latency = 67> <II = 32> <Delay = 1.56> <FuncUnit> <Opcode : 'udiv' 'sdiv' 'urem' 'srem'> <InPorts = 2> <OutPorts = 1>

State 21 <SV = 20> <Delay = 1.56>
ST_21 : Operation 147 [57/68] (1.56ns)   --->   "%udiv_ln173 = udiv i64 %sext_ln172, i64 %zext_ln173" [snr_monitor.cpp:173]   --->   Operation 147 'udiv' 'udiv_ln173' <Predicate = true> <Delay = 1.56> <CoreInst = "DivnS_SEQ">   --->   Core 7 'DivnS_SEQ' <Latency = 67> <II = 32> <Delay = 1.56> <FuncUnit> <Opcode : 'udiv' 'sdiv' 'urem' 'srem'> <InPorts = 2> <OutPorts = 1>

State 22 <SV = 21> <Delay = 1.56>
ST_22 : Operation 148 [56/68] (1.56ns)   --->   "%udiv_ln173 = udiv i64 %sext_ln172, i64 %zext_ln173" [snr_monitor.cpp:173]   --->   Operation 148 'udiv' 'udiv_ln173' <Predicate = true> <Delay = 1.56> <CoreInst = "DivnS_SEQ">   --->   Core 7 'DivnS_SEQ' <Latency = 67> <II = 32> <Delay = 1.56> <FuncUnit> <Opcode : 'udiv' 'sdiv' 'urem' 'srem'> <InPorts = 2> <OutPorts = 1>

State 23 <SV = 22> <Delay = 1.56>
ST_23 : Operation 149 [55/68] (1.56ns)   --->   "%udiv_ln173 = udiv i64 %sext_ln172, i64 %zext_ln173" [snr_monitor.cpp:173]   --->   Operation 149 'udiv' 'udiv_ln173' <Predicate = true> <Delay = 1.56> <CoreInst = "DivnS_SEQ">   --->   Core 7 'DivnS_SEQ' <Latency = 67> <II = 32> <Delay = 1.56> <FuncUnit> <Opcode : 'udiv' 'sdiv' 'urem' 'srem'> <InPorts = 2> <OutPorts = 1>

State 24 <SV = 23> <Delay = 1.56>
ST_24 : Operation 150 [54/68] (1.56ns)   --->   "%udiv_ln173 = udiv i64 %sext_ln172, i64 %zext_ln173" [snr_monitor.cpp:173]   --->   Operation 150 'udiv' 'udiv_ln173' <Predicate = true> <Delay = 1.56> <CoreInst = "DivnS_SEQ">   --->   Core 7 'DivnS_SEQ' <Latency = 67> <II = 32> <Delay = 1.56> <FuncUnit> <Opcode : 'udiv' 'sdiv' 'urem' 'srem'> <InPorts = 2> <OutPorts = 1>

State 25 <SV = 24> <Delay = 1.56>
ST_25 : Operation 151 [53/68] (1.56ns)   --->   "%udiv_ln173 = udiv i64 %sext_ln172, i64 %zext_ln173" [snr_monitor.cpp:173]   --->   Operation 151 'udiv' 'udiv_ln173' <Predicate = true> <Delay = 1.56> <CoreInst = "DivnS_SEQ">   --->   Core 7 'DivnS_SEQ' <Latency = 67> <II = 32> <Delay = 1.56> <FuncUnit> <Opcode : 'udiv' 'sdiv' 'urem' 'srem'> <InPorts = 2> <OutPorts = 1>

State 26 <SV = 25> <Delay = 1.56>
ST_26 : Operation 152 [52/68] (1.56ns)   --->   "%udiv_ln173 = udiv i64 %sext_ln172, i64 %zext_ln173" [snr_monitor.cpp:173]   --->   Operation 152 'udiv' 'udiv_ln173' <Predicate = true> <Delay = 1.56> <CoreInst = "DivnS_SEQ">   --->   Core 7 'DivnS_SEQ' <Latency = 67> <II = 32> <Delay = 1.56> <FuncUnit> <Opcode : 'udiv' 'sdiv' 'urem' 'srem'> <InPorts = 2> <OutPorts = 1>

State 27 <SV = 26> <Delay = 1.56>
ST_27 : Operation 153 [51/68] (1.56ns)   --->   "%udiv_ln173 = udiv i64 %sext_ln172, i64 %zext_ln173" [snr_monitor.cpp:173]   --->   Operation 153 'udiv' 'udiv_ln173' <Predicate = true> <Delay = 1.56> <CoreInst = "DivnS_SEQ">   --->   Core 7 'DivnS_SEQ' <Latency = 67> <II = 32> <Delay = 1.56> <FuncUnit> <Opcode : 'udiv' 'sdiv' 'urem' 'srem'> <InPorts = 2> <OutPorts = 1>

State 28 <SV = 27> <Delay = 1.56>
ST_28 : Operation 154 [50/68] (1.56ns)   --->   "%udiv_ln173 = udiv i64 %sext_ln172, i64 %zext_ln173" [snr_monitor.cpp:173]   --->   Operation 154 'udiv' 'udiv_ln173' <Predicate = true> <Delay = 1.56> <CoreInst = "DivnS_SEQ">   --->   Core 7 'DivnS_SEQ' <Latency = 67> <II = 32> <Delay = 1.56> <FuncUnit> <Opcode : 'udiv' 'sdiv' 'urem' 'srem'> <InPorts = 2> <OutPorts = 1>

State 29 <SV = 28> <Delay = 1.56>
ST_29 : Operation 155 [49/68] (1.56ns)   --->   "%udiv_ln173 = udiv i64 %sext_ln172, i64 %zext_ln173" [snr_monitor.cpp:173]   --->   Operation 155 'udiv' 'udiv_ln173' <Predicate = true> <Delay = 1.56> <CoreInst = "DivnS_SEQ">   --->   Core 7 'DivnS_SEQ' <Latency = 67> <II = 32> <Delay = 1.56> <FuncUnit> <Opcode : 'udiv' 'sdiv' 'urem' 'srem'> <InPorts = 2> <OutPorts = 1>

State 30 <SV = 29> <Delay = 1.56>
ST_30 : Operation 156 [48/68] (1.56ns)   --->   "%udiv_ln173 = udiv i64 %sext_ln172, i64 %zext_ln173" [snr_monitor.cpp:173]   --->   Operation 156 'udiv' 'udiv_ln173' <Predicate = true> <Delay = 1.56> <CoreInst = "DivnS_SEQ">   --->   Core 7 'DivnS_SEQ' <Latency = 67> <II = 32> <Delay = 1.56> <FuncUnit> <Opcode : 'udiv' 'sdiv' 'urem' 'srem'> <InPorts = 2> <OutPorts = 1>

State 31 <SV = 30> <Delay = 1.56>
ST_31 : Operation 157 [47/68] (1.56ns)   --->   "%udiv_ln173 = udiv i64 %sext_ln172, i64 %zext_ln173" [snr_monitor.cpp:173]   --->   Operation 157 'udiv' 'udiv_ln173' <Predicate = true> <Delay = 1.56> <CoreInst = "DivnS_SEQ">   --->   Core 7 'DivnS_SEQ' <Latency = 67> <II = 32> <Delay = 1.56> <FuncUnit> <Opcode : 'udiv' 'sdiv' 'urem' 'srem'> <InPorts = 2> <OutPorts = 1>

State 32 <SV = 31> <Delay = 1.56>
ST_32 : Operation 158 [46/68] (1.56ns)   --->   "%udiv_ln173 = udiv i64 %sext_ln172, i64 %zext_ln173" [snr_monitor.cpp:173]   --->   Operation 158 'udiv' 'udiv_ln173' <Predicate = true> <Delay = 1.56> <CoreInst = "DivnS_SEQ">   --->   Core 7 'DivnS_SEQ' <Latency = 67> <II = 32> <Delay = 1.56> <FuncUnit> <Opcode : 'udiv' 'sdiv' 'urem' 'srem'> <InPorts = 2> <OutPorts = 1>

State 33 <SV = 32> <Delay = 1.56>
ST_33 : Operation 159 [45/68] (1.56ns)   --->   "%udiv_ln173 = udiv i64 %sext_ln172, i64 %zext_ln173" [snr_monitor.cpp:173]   --->   Operation 159 'udiv' 'udiv_ln173' <Predicate = true> <Delay = 1.56> <CoreInst = "DivnS_SEQ">   --->   Core 7 'DivnS_SEQ' <Latency = 67> <II = 32> <Delay = 1.56> <FuncUnit> <Opcode : 'udiv' 'sdiv' 'urem' 'srem'> <InPorts = 2> <OutPorts = 1>

State 34 <SV = 33> <Delay = 1.56>
ST_34 : Operation 160 [44/68] (1.56ns)   --->   "%udiv_ln173 = udiv i64 %sext_ln172, i64 %zext_ln173" [snr_monitor.cpp:173]   --->   Operation 160 'udiv' 'udiv_ln173' <Predicate = true> <Delay = 1.56> <CoreInst = "DivnS_SEQ">   --->   Core 7 'DivnS_SEQ' <Latency = 67> <II = 32> <Delay = 1.56> <FuncUnit> <Opcode : 'udiv' 'sdiv' 'urem' 'srem'> <InPorts = 2> <OutPorts = 1>

State 35 <SV = 34> <Delay = 1.56>
ST_35 : Operation 161 [43/68] (1.56ns)   --->   "%udiv_ln173 = udiv i64 %sext_ln172, i64 %zext_ln173" [snr_monitor.cpp:173]   --->   Operation 161 'udiv' 'udiv_ln173' <Predicate = true> <Delay = 1.56> <CoreInst = "DivnS_SEQ">   --->   Core 7 'DivnS_SEQ' <Latency = 67> <II = 32> <Delay = 1.56> <FuncUnit> <Opcode : 'udiv' 'sdiv' 'urem' 'srem'> <InPorts = 2> <OutPorts = 1>

State 36 <SV = 35> <Delay = 1.56>
ST_36 : Operation 162 [42/68] (1.56ns)   --->   "%udiv_ln173 = udiv i64 %sext_ln172, i64 %zext_ln173" [snr_monitor.cpp:173]   --->   Operation 162 'udiv' 'udiv_ln173' <Predicate = true> <Delay = 1.56> <CoreInst = "DivnS_SEQ">   --->   Core 7 'DivnS_SEQ' <Latency = 67> <II = 32> <Delay = 1.56> <FuncUnit> <Opcode : 'udiv' 'sdiv' 'urem' 'srem'> <InPorts = 2> <OutPorts = 1>

State 37 <SV = 36> <Delay = 1.56>
ST_37 : Operation 163 [41/68] (1.56ns)   --->   "%udiv_ln173 = udiv i64 %sext_ln172, i64 %zext_ln173" [snr_monitor.cpp:173]   --->   Operation 163 'udiv' 'udiv_ln173' <Predicate = true> <Delay = 1.56> <CoreInst = "DivnS_SEQ">   --->   Core 7 'DivnS_SEQ' <Latency = 67> <II = 32> <Delay = 1.56> <FuncUnit> <Opcode : 'udiv' 'sdiv' 'urem' 'srem'> <InPorts = 2> <OutPorts = 1>

State 38 <SV = 37> <Delay = 1.56>
ST_38 : Operation 164 [40/68] (1.56ns)   --->   "%udiv_ln173 = udiv i64 %sext_ln172, i64 %zext_ln173" [snr_monitor.cpp:173]   --->   Operation 164 'udiv' 'udiv_ln173' <Predicate = true> <Delay = 1.56> <CoreInst = "DivnS_SEQ">   --->   Core 7 'DivnS_SEQ' <Latency = 67> <II = 32> <Delay = 1.56> <FuncUnit> <Opcode : 'udiv' 'sdiv' 'urem' 'srem'> <InPorts = 2> <OutPorts = 1>

State 39 <SV = 38> <Delay = 1.56>
ST_39 : Operation 165 [39/68] (1.56ns)   --->   "%udiv_ln173 = udiv i64 %sext_ln172, i64 %zext_ln173" [snr_monitor.cpp:173]   --->   Operation 165 'udiv' 'udiv_ln173' <Predicate = true> <Delay = 1.56> <CoreInst = "DivnS_SEQ">   --->   Core 7 'DivnS_SEQ' <Latency = 67> <II = 32> <Delay = 1.56> <FuncUnit> <Opcode : 'udiv' 'sdiv' 'urem' 'srem'> <InPorts = 2> <OutPorts = 1>

State 40 <SV = 39> <Delay = 1.56>
ST_40 : Operation 166 [38/68] (1.56ns)   --->   "%udiv_ln173 = udiv i64 %sext_ln172, i64 %zext_ln173" [snr_monitor.cpp:173]   --->   Operation 166 'udiv' 'udiv_ln173' <Predicate = true> <Delay = 1.56> <CoreInst = "DivnS_SEQ">   --->   Core 7 'DivnS_SEQ' <Latency = 67> <II = 32> <Delay = 1.56> <FuncUnit> <Opcode : 'udiv' 'sdiv' 'urem' 'srem'> <InPorts = 2> <OutPorts = 1>

State 41 <SV = 40> <Delay = 1.56>
ST_41 : Operation 167 [37/68] (1.56ns)   --->   "%udiv_ln173 = udiv i64 %sext_ln172, i64 %zext_ln173" [snr_monitor.cpp:173]   --->   Operation 167 'udiv' 'udiv_ln173' <Predicate = true> <Delay = 1.56> <CoreInst = "DivnS_SEQ">   --->   Core 7 'DivnS_SEQ' <Latency = 67> <II = 32> <Delay = 1.56> <FuncUnit> <Opcode : 'udiv' 'sdiv' 'urem' 'srem'> <InPorts = 2> <OutPorts = 1>

State 42 <SV = 41> <Delay = 1.56>
ST_42 : Operation 168 [36/68] (1.56ns)   --->   "%udiv_ln173 = udiv i64 %sext_ln172, i64 %zext_ln173" [snr_monitor.cpp:173]   --->   Operation 168 'udiv' 'udiv_ln173' <Predicate = true> <Delay = 1.56> <CoreInst = "DivnS_SEQ">   --->   Core 7 'DivnS_SEQ' <Latency = 67> <II = 32> <Delay = 1.56> <FuncUnit> <Opcode : 'udiv' 'sdiv' 'urem' 'srem'> <InPorts = 2> <OutPorts = 1>

State 43 <SV = 42> <Delay = 1.56>
ST_43 : Operation 169 [35/68] (1.56ns)   --->   "%udiv_ln173 = udiv i64 %sext_ln172, i64 %zext_ln173" [snr_monitor.cpp:173]   --->   Operation 169 'udiv' 'udiv_ln173' <Predicate = true> <Delay = 1.56> <CoreInst = "DivnS_SEQ">   --->   Core 7 'DivnS_SEQ' <Latency = 67> <II = 32> <Delay = 1.56> <FuncUnit> <Opcode : 'udiv' 'sdiv' 'urem' 'srem'> <InPorts = 2> <OutPorts = 1>

State 44 <SV = 43> <Delay = 1.56>
ST_44 : Operation 170 [34/68] (1.56ns)   --->   "%udiv_ln173 = udiv i64 %sext_ln172, i64 %zext_ln173" [snr_monitor.cpp:173]   --->   Operation 170 'udiv' 'udiv_ln173' <Predicate = true> <Delay = 1.56> <CoreInst = "DivnS_SEQ">   --->   Core 7 'DivnS_SEQ' <Latency = 67> <II = 32> <Delay = 1.56> <FuncUnit> <Opcode : 'udiv' 'sdiv' 'urem' 'srem'> <InPorts = 2> <OutPorts = 1>

State 45 <SV = 44> <Delay = 1.56>
ST_45 : Operation 171 [33/68] (1.56ns)   --->   "%udiv_ln173 = udiv i64 %sext_ln172, i64 %zext_ln173" [snr_monitor.cpp:173]   --->   Operation 171 'udiv' 'udiv_ln173' <Predicate = true> <Delay = 1.56> <CoreInst = "DivnS_SEQ">   --->   Core 7 'DivnS_SEQ' <Latency = 67> <II = 32> <Delay = 1.56> <FuncUnit> <Opcode : 'udiv' 'sdiv' 'urem' 'srem'> <InPorts = 2> <OutPorts = 1>

State 46 <SV = 45> <Delay = 1.56>
ST_46 : Operation 172 [32/68] (1.56ns)   --->   "%udiv_ln173 = udiv i64 %sext_ln172, i64 %zext_ln173" [snr_monitor.cpp:173]   --->   Operation 172 'udiv' 'udiv_ln173' <Predicate = true> <Delay = 1.56> <CoreInst = "DivnS_SEQ">   --->   Core 7 'DivnS_SEQ' <Latency = 67> <II = 32> <Delay = 1.56> <FuncUnit> <Opcode : 'udiv' 'sdiv' 'urem' 'srem'> <InPorts = 2> <OutPorts = 1>

State 47 <SV = 46> <Delay = 1.56>
ST_47 : Operation 173 [31/68] (1.56ns)   --->   "%udiv_ln173 = udiv i64 %sext_ln172, i64 %zext_ln173" [snr_monitor.cpp:173]   --->   Operation 173 'udiv' 'udiv_ln173' <Predicate = true> <Delay = 1.56> <CoreInst = "DivnS_SEQ">   --->   Core 7 'DivnS_SEQ' <Latency = 67> <II = 32> <Delay = 1.56> <FuncUnit> <Opcode : 'udiv' 'sdiv' 'urem' 'srem'> <InPorts = 2> <OutPorts = 1>

State 48 <SV = 47> <Delay = 1.56>
ST_48 : Operation 174 [30/68] (1.56ns)   --->   "%udiv_ln173 = udiv i64 %sext_ln172, i64 %zext_ln173" [snr_monitor.cpp:173]   --->   Operation 174 'udiv' 'udiv_ln173' <Predicate = true> <Delay = 1.56> <CoreInst = "DivnS_SEQ">   --->   Core 7 'DivnS_SEQ' <Latency = 67> <II = 32> <Delay = 1.56> <FuncUnit> <Opcode : 'udiv' 'sdiv' 'urem' 'srem'> <InPorts = 2> <OutPorts = 1>

State 49 <SV = 48> <Delay = 1.56>
ST_49 : Operation 175 [29/68] (1.56ns)   --->   "%udiv_ln173 = udiv i64 %sext_ln172, i64 %zext_ln173" [snr_monitor.cpp:173]   --->   Operation 175 'udiv' 'udiv_ln173' <Predicate = true> <Delay = 1.56> <CoreInst = "DivnS_SEQ">   --->   Core 7 'DivnS_SEQ' <Latency = 67> <II = 32> <Delay = 1.56> <FuncUnit> <Opcode : 'udiv' 'sdiv' 'urem' 'srem'> <InPorts = 2> <OutPorts = 1>

State 50 <SV = 49> <Delay = 1.56>
ST_50 : Operation 176 [28/68] (1.56ns)   --->   "%udiv_ln173 = udiv i64 %sext_ln172, i64 %zext_ln173" [snr_monitor.cpp:173]   --->   Operation 176 'udiv' 'udiv_ln173' <Predicate = true> <Delay = 1.56> <CoreInst = "DivnS_SEQ">   --->   Core 7 'DivnS_SEQ' <Latency = 67> <II = 32> <Delay = 1.56> <FuncUnit> <Opcode : 'udiv' 'sdiv' 'urem' 'srem'> <InPorts = 2> <OutPorts = 1>

State 51 <SV = 50> <Delay = 1.56>
ST_51 : Operation 177 [27/68] (1.56ns)   --->   "%udiv_ln173 = udiv i64 %sext_ln172, i64 %zext_ln173" [snr_monitor.cpp:173]   --->   Operation 177 'udiv' 'udiv_ln173' <Predicate = true> <Delay = 1.56> <CoreInst = "DivnS_SEQ">   --->   Core 7 'DivnS_SEQ' <Latency = 67> <II = 32> <Delay = 1.56> <FuncUnit> <Opcode : 'udiv' 'sdiv' 'urem' 'srem'> <InPorts = 2> <OutPorts = 1>

State 52 <SV = 51> <Delay = 1.56>
ST_52 : Operation 178 [26/68] (1.56ns)   --->   "%udiv_ln173 = udiv i64 %sext_ln172, i64 %zext_ln173" [snr_monitor.cpp:173]   --->   Operation 178 'udiv' 'udiv_ln173' <Predicate = true> <Delay = 1.56> <CoreInst = "DivnS_SEQ">   --->   Core 7 'DivnS_SEQ' <Latency = 67> <II = 32> <Delay = 1.56> <FuncUnit> <Opcode : 'udiv' 'sdiv' 'urem' 'srem'> <InPorts = 2> <OutPorts = 1>

State 53 <SV = 52> <Delay = 1.56>
ST_53 : Operation 179 [25/68] (1.56ns)   --->   "%udiv_ln173 = udiv i64 %sext_ln172, i64 %zext_ln173" [snr_monitor.cpp:173]   --->   Operation 179 'udiv' 'udiv_ln173' <Predicate = true> <Delay = 1.56> <CoreInst = "DivnS_SEQ">   --->   Core 7 'DivnS_SEQ' <Latency = 67> <II = 32> <Delay = 1.56> <FuncUnit> <Opcode : 'udiv' 'sdiv' 'urem' 'srem'> <InPorts = 2> <OutPorts = 1>

State 54 <SV = 53> <Delay = 1.56>
ST_54 : Operation 180 [24/68] (1.56ns)   --->   "%udiv_ln173 = udiv i64 %sext_ln172, i64 %zext_ln173" [snr_monitor.cpp:173]   --->   Operation 180 'udiv' 'udiv_ln173' <Predicate = true> <Delay = 1.56> <CoreInst = "DivnS_SEQ">   --->   Core 7 'DivnS_SEQ' <Latency = 67> <II = 32> <Delay = 1.56> <FuncUnit> <Opcode : 'udiv' 'sdiv' 'urem' 'srem'> <InPorts = 2> <OutPorts = 1>

State 55 <SV = 54> <Delay = 1.56>
ST_55 : Operation 181 [23/68] (1.56ns)   --->   "%udiv_ln173 = udiv i64 %sext_ln172, i64 %zext_ln173" [snr_monitor.cpp:173]   --->   Operation 181 'udiv' 'udiv_ln173' <Predicate = true> <Delay = 1.56> <CoreInst = "DivnS_SEQ">   --->   Core 7 'DivnS_SEQ' <Latency = 67> <II = 32> <Delay = 1.56> <FuncUnit> <Opcode : 'udiv' 'sdiv' 'urem' 'srem'> <InPorts = 2> <OutPorts = 1>

State 56 <SV = 55> <Delay = 1.56>
ST_56 : Operation 182 [22/68] (1.56ns)   --->   "%udiv_ln173 = udiv i64 %sext_ln172, i64 %zext_ln173" [snr_monitor.cpp:173]   --->   Operation 182 'udiv' 'udiv_ln173' <Predicate = true> <Delay = 1.56> <CoreInst = "DivnS_SEQ">   --->   Core 7 'DivnS_SEQ' <Latency = 67> <II = 32> <Delay = 1.56> <FuncUnit> <Opcode : 'udiv' 'sdiv' 'urem' 'srem'> <InPorts = 2> <OutPorts = 1>

State 57 <SV = 56> <Delay = 1.56>
ST_57 : Operation 183 [21/68] (1.56ns)   --->   "%udiv_ln173 = udiv i64 %sext_ln172, i64 %zext_ln173" [snr_monitor.cpp:173]   --->   Operation 183 'udiv' 'udiv_ln173' <Predicate = true> <Delay = 1.56> <CoreInst = "DivnS_SEQ">   --->   Core 7 'DivnS_SEQ' <Latency = 67> <II = 32> <Delay = 1.56> <FuncUnit> <Opcode : 'udiv' 'sdiv' 'urem' 'srem'> <InPorts = 2> <OutPorts = 1>

State 58 <SV = 57> <Delay = 1.56>
ST_58 : Operation 184 [20/68] (1.56ns)   --->   "%udiv_ln173 = udiv i64 %sext_ln172, i64 %zext_ln173" [snr_monitor.cpp:173]   --->   Operation 184 'udiv' 'udiv_ln173' <Predicate = true> <Delay = 1.56> <CoreInst = "DivnS_SEQ">   --->   Core 7 'DivnS_SEQ' <Latency = 67> <II = 32> <Delay = 1.56> <FuncUnit> <Opcode : 'udiv' 'sdiv' 'urem' 'srem'> <InPorts = 2> <OutPorts = 1>

State 59 <SV = 58> <Delay = 1.56>
ST_59 : Operation 185 [19/68] (1.56ns)   --->   "%udiv_ln173 = udiv i64 %sext_ln172, i64 %zext_ln173" [snr_monitor.cpp:173]   --->   Operation 185 'udiv' 'udiv_ln173' <Predicate = true> <Delay = 1.56> <CoreInst = "DivnS_SEQ">   --->   Core 7 'DivnS_SEQ' <Latency = 67> <II = 32> <Delay = 1.56> <FuncUnit> <Opcode : 'udiv' 'sdiv' 'urem' 'srem'> <InPorts = 2> <OutPorts = 1>

State 60 <SV = 59> <Delay = 1.56>
ST_60 : Operation 186 [18/68] (1.56ns)   --->   "%udiv_ln173 = udiv i64 %sext_ln172, i64 %zext_ln173" [snr_monitor.cpp:173]   --->   Operation 186 'udiv' 'udiv_ln173' <Predicate = true> <Delay = 1.56> <CoreInst = "DivnS_SEQ">   --->   Core 7 'DivnS_SEQ' <Latency = 67> <II = 32> <Delay = 1.56> <FuncUnit> <Opcode : 'udiv' 'sdiv' 'urem' 'srem'> <InPorts = 2> <OutPorts = 1>

State 61 <SV = 60> <Delay = 1.56>
ST_61 : Operation 187 [17/68] (1.56ns)   --->   "%udiv_ln173 = udiv i64 %sext_ln172, i64 %zext_ln173" [snr_monitor.cpp:173]   --->   Operation 187 'udiv' 'udiv_ln173' <Predicate = true> <Delay = 1.56> <CoreInst = "DivnS_SEQ">   --->   Core 7 'DivnS_SEQ' <Latency = 67> <II = 32> <Delay = 1.56> <FuncUnit> <Opcode : 'udiv' 'sdiv' 'urem' 'srem'> <InPorts = 2> <OutPorts = 1>

State 62 <SV = 61> <Delay = 1.56>
ST_62 : Operation 188 [16/68] (1.56ns)   --->   "%udiv_ln173 = udiv i64 %sext_ln172, i64 %zext_ln173" [snr_monitor.cpp:173]   --->   Operation 188 'udiv' 'udiv_ln173' <Predicate = true> <Delay = 1.56> <CoreInst = "DivnS_SEQ">   --->   Core 7 'DivnS_SEQ' <Latency = 67> <II = 32> <Delay = 1.56> <FuncUnit> <Opcode : 'udiv' 'sdiv' 'urem' 'srem'> <InPorts = 2> <OutPorts = 1>

State 63 <SV = 62> <Delay = 1.56>
ST_63 : Operation 189 [15/68] (1.56ns)   --->   "%udiv_ln173 = udiv i64 %sext_ln172, i64 %zext_ln173" [snr_monitor.cpp:173]   --->   Operation 189 'udiv' 'udiv_ln173' <Predicate = true> <Delay = 1.56> <CoreInst = "DivnS_SEQ">   --->   Core 7 'DivnS_SEQ' <Latency = 67> <II = 32> <Delay = 1.56> <FuncUnit> <Opcode : 'udiv' 'sdiv' 'urem' 'srem'> <InPorts = 2> <OutPorts = 1>

State 64 <SV = 63> <Delay = 1.56>
ST_64 : Operation 190 [14/68] (1.56ns)   --->   "%udiv_ln173 = udiv i64 %sext_ln172, i64 %zext_ln173" [snr_monitor.cpp:173]   --->   Operation 190 'udiv' 'udiv_ln173' <Predicate = true> <Delay = 1.56> <CoreInst = "DivnS_SEQ">   --->   Core 7 'DivnS_SEQ' <Latency = 67> <II = 32> <Delay = 1.56> <FuncUnit> <Opcode : 'udiv' 'sdiv' 'urem' 'srem'> <InPorts = 2> <OutPorts = 1>

State 65 <SV = 64> <Delay = 1.56>
ST_65 : Operation 191 [13/68] (1.56ns)   --->   "%udiv_ln173 = udiv i64 %sext_ln172, i64 %zext_ln173" [snr_monitor.cpp:173]   --->   Operation 191 'udiv' 'udiv_ln173' <Predicate = true> <Delay = 1.56> <CoreInst = "DivnS_SEQ">   --->   Core 7 'DivnS_SEQ' <Latency = 67> <II = 32> <Delay = 1.56> <FuncUnit> <Opcode : 'udiv' 'sdiv' 'urem' 'srem'> <InPorts = 2> <OutPorts = 1>

State 66 <SV = 65> <Delay = 1.56>
ST_66 : Operation 192 [12/68] (1.56ns)   --->   "%udiv_ln173 = udiv i64 %sext_ln172, i64 %zext_ln173" [snr_monitor.cpp:173]   --->   Operation 192 'udiv' 'udiv_ln173' <Predicate = true> <Delay = 1.56> <CoreInst = "DivnS_SEQ">   --->   Core 7 'DivnS_SEQ' <Latency = 67> <II = 32> <Delay = 1.56> <FuncUnit> <Opcode : 'udiv' 'sdiv' 'urem' 'srem'> <InPorts = 2> <OutPorts = 1>

State 67 <SV = 66> <Delay = 1.56>
ST_67 : Operation 193 [11/68] (1.56ns)   --->   "%udiv_ln173 = udiv i64 %sext_ln172, i64 %zext_ln173" [snr_monitor.cpp:173]   --->   Operation 193 'udiv' 'udiv_ln173' <Predicate = true> <Delay = 1.56> <CoreInst = "DivnS_SEQ">   --->   Core 7 'DivnS_SEQ' <Latency = 67> <II = 32> <Delay = 1.56> <FuncUnit> <Opcode : 'udiv' 'sdiv' 'urem' 'srem'> <InPorts = 2> <OutPorts = 1>

State 68 <SV = 67> <Delay = 1.56>
ST_68 : Operation 194 [10/68] (1.56ns)   --->   "%udiv_ln173 = udiv i64 %sext_ln172, i64 %zext_ln173" [snr_monitor.cpp:173]   --->   Operation 194 'udiv' 'udiv_ln173' <Predicate = true> <Delay = 1.56> <CoreInst = "DivnS_SEQ">   --->   Core 7 'DivnS_SEQ' <Latency = 67> <II = 32> <Delay = 1.56> <FuncUnit> <Opcode : 'udiv' 'sdiv' 'urem' 'srem'> <InPorts = 2> <OutPorts = 1>

State 69 <SV = 68> <Delay = 1.56>
ST_69 : Operation 195 [9/68] (1.56ns)   --->   "%udiv_ln173 = udiv i64 %sext_ln172, i64 %zext_ln173" [snr_monitor.cpp:173]   --->   Operation 195 'udiv' 'udiv_ln173' <Predicate = true> <Delay = 1.56> <CoreInst = "DivnS_SEQ">   --->   Core 7 'DivnS_SEQ' <Latency = 67> <II = 32> <Delay = 1.56> <FuncUnit> <Opcode : 'udiv' 'sdiv' 'urem' 'srem'> <InPorts = 2> <OutPorts = 1>

State 70 <SV = 69> <Delay = 1.56>
ST_70 : Operation 196 [8/68] (1.56ns)   --->   "%udiv_ln173 = udiv i64 %sext_ln172, i64 %zext_ln173" [snr_monitor.cpp:173]   --->   Operation 196 'udiv' 'udiv_ln173' <Predicate = true> <Delay = 1.56> <CoreInst = "DivnS_SEQ">   --->   Core 7 'DivnS_SEQ' <Latency = 67> <II = 32> <Delay = 1.56> <FuncUnit> <Opcode : 'udiv' 'sdiv' 'urem' 'srem'> <InPorts = 2> <OutPorts = 1>

State 71 <SV = 70> <Delay = 1.56>
ST_71 : Operation 197 [7/68] (1.56ns)   --->   "%udiv_ln173 = udiv i64 %sext_ln172, i64 %zext_ln173" [snr_monitor.cpp:173]   --->   Operation 197 'udiv' 'udiv_ln173' <Predicate = true> <Delay = 1.56> <CoreInst = "DivnS_SEQ">   --->   Core 7 'DivnS_SEQ' <Latency = 67> <II = 32> <Delay = 1.56> <FuncUnit> <Opcode : 'udiv' 'sdiv' 'urem' 'srem'> <InPorts = 2> <OutPorts = 1>

State 72 <SV = 71> <Delay = 1.56>
ST_72 : Operation 198 [6/68] (1.56ns)   --->   "%udiv_ln173 = udiv i64 %sext_ln172, i64 %zext_ln173" [snr_monitor.cpp:173]   --->   Operation 198 'udiv' 'udiv_ln173' <Predicate = true> <Delay = 1.56> <CoreInst = "DivnS_SEQ">   --->   Core 7 'DivnS_SEQ' <Latency = 67> <II = 32> <Delay = 1.56> <FuncUnit> <Opcode : 'udiv' 'sdiv' 'urem' 'srem'> <InPorts = 2> <OutPorts = 1>

State 73 <SV = 72> <Delay = 1.56>
ST_73 : Operation 199 [5/68] (1.56ns)   --->   "%udiv_ln173 = udiv i64 %sext_ln172, i64 %zext_ln173" [snr_monitor.cpp:173]   --->   Operation 199 'udiv' 'udiv_ln173' <Predicate = true> <Delay = 1.56> <CoreInst = "DivnS_SEQ">   --->   Core 7 'DivnS_SEQ' <Latency = 67> <II = 32> <Delay = 1.56> <FuncUnit> <Opcode : 'udiv' 'sdiv' 'urem' 'srem'> <InPorts = 2> <OutPorts = 1>

State 74 <SV = 73> <Delay = 1.56>
ST_74 : Operation 200 [4/68] (1.56ns)   --->   "%udiv_ln173 = udiv i64 %sext_ln172, i64 %zext_ln173" [snr_monitor.cpp:173]   --->   Operation 200 'udiv' 'udiv_ln173' <Predicate = true> <Delay = 1.56> <CoreInst = "DivnS_SEQ">   --->   Core 7 'DivnS_SEQ' <Latency = 67> <II = 32> <Delay = 1.56> <FuncUnit> <Opcode : 'udiv' 'sdiv' 'urem' 'srem'> <InPorts = 2> <OutPorts = 1>

State 75 <SV = 74> <Delay = 1.56>
ST_75 : Operation 201 [3/68] (1.56ns)   --->   "%udiv_ln173 = udiv i64 %sext_ln172, i64 %zext_ln173" [snr_monitor.cpp:173]   --->   Operation 201 'udiv' 'udiv_ln173' <Predicate = true> <Delay = 1.56> <CoreInst = "DivnS_SEQ">   --->   Core 7 'DivnS_SEQ' <Latency = 67> <II = 32> <Delay = 1.56> <FuncUnit> <Opcode : 'udiv' 'sdiv' 'urem' 'srem'> <InPorts = 2> <OutPorts = 1>

State 76 <SV = 75> <Delay = 1.56>
ST_76 : Operation 202 [2/68] (1.56ns)   --->   "%udiv_ln173 = udiv i64 %sext_ln172, i64 %zext_ln173" [snr_monitor.cpp:173]   --->   Operation 202 'udiv' 'udiv_ln173' <Predicate = true> <Delay = 1.56> <CoreInst = "DivnS_SEQ">   --->   Core 7 'DivnS_SEQ' <Latency = 67> <II = 32> <Delay = 1.56> <FuncUnit> <Opcode : 'udiv' 'sdiv' 'urem' 'srem'> <InPorts = 2> <OutPorts = 1>

State 77 <SV = 76> <Delay = 1.56>
ST_77 : Operation 203 [1/68] (1.56ns)   --->   "%udiv_ln173 = udiv i64 %sext_ln172, i64 %zext_ln173" [snr_monitor.cpp:173]   --->   Operation 203 'udiv' 'udiv_ln173' <Predicate = true> <Delay = 1.56> <CoreInst = "DivnS_SEQ">   --->   Core 7 'DivnS_SEQ' <Latency = 67> <II = 32> <Delay = 1.56> <FuncUnit> <Opcode : 'udiv' 'sdiv' 'urem' 'srem'> <InPorts = 2> <OutPorts = 1>
ST_77 : Operation 204 [1/1] (0.00ns)   --->   "%trunc_ln173 = trunc i32 %udiv_ln173" [snr_monitor.cpp:173]   --->   Operation 204 'trunc' 'trunc_ln173' <Predicate = true> <Delay = 0.00>
ST_77 : Operation 205 [1/1] (0.42ns)   --->   "%br_ln0 = br void %if.end100"   --->   Operation 205 'br' 'br_ln0' <Predicate = true> <Delay = 0.42>

State 78 <SV = 77> <Delay = 1.00>
ST_78 : Operation 206 [1/1] (0.00ns)   --->   "%storemerge = phi i32 %trunc_ln173, void %if.else, i32 4294967295, void %for.body32.preheader" [snr_monitor.cpp:173]   --->   Operation 206 'phi' 'storemerge' <Predicate = (icmp_ln113)> <Delay = 0.00>
ST_78 : Operation 207 [1/1] (1.00ns)   --->   "%write_ln169 = write void @_ssdm_op_Write.s_axilite.i32P0A, i32 %snr_out, i32 %storemerge" [snr_monitor.cpp:169]   --->   Operation 207 'write' 'write_ln169' <Predicate = (icmp_ln113)> <Delay = 1.00> <CoreInst = "s_axilite">   --->   Core 120 's_axilite' <Latency = 0> <II = 1> <Delay = 1.00> <Adapter> <Opcode : 'read' 'write'>
ST_78 : Operation 208 [1/1] (0.00ns)   --->   "%br_ln175 = br void %if.end101" [snr_monitor.cpp:175]   --->   Operation 208 'br' 'br_ln175' <Predicate = (icmp_ln113)> <Delay = 0.00>
ST_78 : Operation 209 [1/1] (0.00ns)   --->   "%ret_ln178 = ret" [snr_monitor.cpp:178]   --->   Operation 209 'ret' 'ret_ln178' <Predicate = true> <Delay = 0.00>


============================================================
+ Verbose Summary: Timing violations
============================================================
Target clock period: 3.330ns, clock uncertainty: 0.899ns.

 <State 1>: 0.797ns
The critical path consists of the following:
	wire read operation ('symbol_num_read') on port 'symbol_num' [17]  (0.000 ns)
	'icmp' operation 1 bit ('icmp_ln113', snr_monitor.cpp:113) [54]  (0.797 ns)

 <State 2>: 0.079ns
The critical path consists of the following:
	'call' operation 0 bit ('call_ln0') to 'snr_monitor_top_Pipeline_buf_loop' [50]  (0.079 ns)

 <State 3>: 1.652ns
The critical path consists of the following:
	'call' operation 0 bit ('call_ln0') to 'snr_monitor_top_Pipeline_buf_loop' [50]  (1.652 ns)

 <State 4>: 0.000ns
The critical path consists of the following:

 <State 5>: 0.079ns
The critical path consists of the following:
	'call' operation 0 bit ('call_ln0') to 'snr_monitor_top_Pipeline_weight_drain' [53]  (0.079 ns)

 <State 6>: 1.674ns
The critical path consists of the following:
	'call' operation 0 bit ('call_ln0') to 'snr_monitor_top_Pipeline_weight_drain' [53]  (1.674 ns)

 <State 7>: 0.000ns
The critical path consists of the following:

 <State 8>: 0.000ns
The critical path consists of the following:

 <State 9>: 2.180ns
The critical path consists of the following:
	'load' operation 39 bit ('nse_pow_loc_load') on local variable 'nse_pow_loc' [58]  (0.000 ns)
	'sub' operation 48 bit ('sub_ln168', snr_monitor.cpp:168) [65]  (1.090 ns)
	'icmp' operation 1 bit ('icmp_ln168_1', snr_monitor.cpp:168) [66]  (1.090 ns)

 <State 10>: 1.746ns
The critical path consists of the following:
	'icmp' operation 1 bit ('icmp_ln168', snr_monitor.cpp:168) [62]  (1.032 ns)
	'or' operation 1 bit ('or_ln168', snr_monitor.cpp:168) [67]  (0.287 ns)
	multiplexor before 'phi' operation 32 bit ('storemerge', snr_monitor.cpp:173) with incoming values : ('trunc_ln173', snr_monitor.cpp:173) [77]  (0.427 ns)

 <State 11>: 1.564ns
The critical path consists of the following:
	'udiv' operation 32 bit ('udiv_ln173', snr_monitor.cpp:173) [73]  (1.564 ns)

 <State 12>: 1.564ns
The critical path consists of the following:
	'udiv' operation 32 bit ('udiv_ln173', snr_monitor.cpp:173) [73]  (1.564 ns)

 <State 13>: 1.564ns
The critical path consists of the following:
	'udiv' operation 32 bit ('udiv_ln173', snr_monitor.cpp:173) [73]  (1.564 ns)

 <State 14>: 1.564ns
The critical path consists of the following:
	'udiv' operation 32 bit ('udiv_ln173', snr_monitor.cpp:173) [73]  (1.564 ns)

 <State 15>: 1.564ns
The critical path consists of the following:
	'udiv' operation 32 bit ('udiv_ln173', snr_monitor.cpp:173) [73]  (1.564 ns)

 <State 16>: 1.564ns
The critical path consists of the following:
	'udiv' operation 32 bit ('udiv_ln173', snr_monitor.cpp:173) [73]  (1.564 ns)

 <State 17>: 1.564ns
The critical path consists of the following:
	'udiv' operation 32 bit ('udiv_ln173', snr_monitor.cpp:173) [73]  (1.564 ns)

 <State 18>: 1.564ns
The critical path consists of the following:
	'udiv' operation 32 bit ('udiv_ln173', snr_monitor.cpp:173) [73]  (1.564 ns)

 <State 19>: 1.564ns
The critical path consists of the following:
	'udiv' operation 32 bit ('udiv_ln173', snr_monitor.cpp:173) [73]  (1.564 ns)

 <State 20>: 1.564ns
The critical path consists of the following:
	'udiv' operation 32 bit ('udiv_ln173', snr_monitor.cpp:173) [73]  (1.564 ns)

 <State 21>: 1.564ns
The critical path consists of the following:
	'udiv' operation 32 bit ('udiv_ln173', snr_monitor.cpp:173) [73]  (1.564 ns)

 <State 22>: 1.564ns
The critical path consists of the following:
	'udiv' operation 32 bit ('udiv_ln173', snr_monitor.cpp:173) [73]  (1.564 ns)

 <State 23>: 1.564ns
The critical path consists of the following:
	'udiv' operation 32 bit ('udiv_ln173', snr_monitor.cpp:173) [73]  (1.564 ns)

 <State 24>: 1.564ns
The critical path consists of the following:
	'udiv' operation 32 bit ('udiv_ln173', snr_monitor.cpp:173) [73]  (1.564 ns)

 <State 25>: 1.564ns
The critical path consists of the following:
	'udiv' operation 32 bit ('udiv_ln173', snr_monitor.cpp:173) [73]  (1.564 ns)

 <State 26>: 1.564ns
The critical path consists of the following:
	'udiv' operation 32 bit ('udiv_ln173', snr_monitor.cpp:173) [73]  (1.564 ns)

 <State 27>: 1.564ns
The critical path consists of the following:
	'udiv' operation 32 bit ('udiv_ln173', snr_monitor.cpp:173) [73]  (1.564 ns)

 <State 28>: 1.564ns
The critical path consists of the following:
	'udiv' operation 32 bit ('udiv_ln173', snr_monitor.cpp:173) [73]  (1.564 ns)

 <State 29>: 1.564ns
The critical path consists of the following:
	'udiv' operation 32 bit ('udiv_ln173', snr_monitor.cpp:173) [73]  (1.564 ns)

 <State 30>: 1.564ns
The critical path consists of the following:
	'udiv' operation 32 bit ('udiv_ln173', snr_monitor.cpp:173) [73]  (1.564 ns)

 <State 31>: 1.564ns
The critical path consists of the following:
	'udiv' operation 32 bit ('udiv_ln173', snr_monitor.cpp:173) [73]  (1.564 ns)

 <State 32>: 1.564ns
The critical path consists of the following:
	'udiv' operation 32 bit ('udiv_ln173', snr_monitor.cpp:173) [73]  (1.564 ns)

 <State 33>: 1.564ns
The critical path consists of the following:
	'udiv' operation 32 bit ('udiv_ln173', snr_monitor.cpp:173) [73]  (1.564 ns)

 <State 34>: 1.564ns
The critical path consists of the following:
	'udiv' operation 32 bit ('udiv_ln173', snr_monitor.cpp:173) [73]  (1.564 ns)

 <State 35>: 1.564ns
The critical path consists of the following:
	'udiv' operation 32 bit ('udiv_ln173', snr_monitor.cpp:173) [73]  (1.564 ns)

 <State 36>: 1.564ns
The critical path consists of the following:
	'udiv' operation 32 bit ('udiv_ln173', snr_monitor.cpp:173) [73]  (1.564 ns)

 <State 37>: 1.564ns
The critical path consists of the following:
	'udiv' operation 32 bit ('udiv_ln173', snr_monitor.cpp:173) [73]  (1.564 ns)

 <State 38>: 1.564ns
The critical path consists of the following:
	'udiv' operation 32 bit ('udiv_ln173', snr_monitor.cpp:173) [73]  (1.564 ns)

 <State 39>: 1.564ns
The critical path consists of the following:
	'udiv' operation 32 bit ('udiv_ln173', snr_monitor.cpp:173) [73]  (1.564 ns)

 <State 40>: 1.564ns
The critical path consists of the following:
	'udiv' operation 32 bit ('udiv_ln173', snr_monitor.cpp:173) [73]  (1.564 ns)

 <State 41>: 1.564ns
The critical path consists of the following:
	'udiv' operation 32 bit ('udiv_ln173', snr_monitor.cpp:173) [73]  (1.564 ns)

 <State 42>: 1.564ns
The critical path consists of the following:
	'udiv' operation 32 bit ('udiv_ln173', snr_monitor.cpp:173) [73]  (1.564 ns)

 <State 43>: 1.564ns
The critical path consists of the following:
	'udiv' operation 32 bit ('udiv_ln173', snr_monitor.cpp:173) [73]  (1.564 ns)

 <State 44>: 1.564ns
The critical path consists of the following:
	'udiv' operation 32 bit ('udiv_ln173', snr_monitor.cpp:173) [73]  (1.564 ns)

 <State 45>: 1.564ns
The critical path consists of the following:
	'udiv' operation 32 bit ('udiv_ln173', snr_monitor.cpp:173) [73]  (1.564 ns)

 <State 46>: 1.564ns
The critical path consists of the following:
	'udiv' operation 32 bit ('udiv_ln173', snr_monitor.cpp:173) [73]  (1.564 ns)

 <State 47>: 1.564ns
The critical path consists of the following:
	'udiv' operation 32 bit ('udiv_ln173', snr_monitor.cpp:173) [73]  (1.564 ns)

 <State 48>: 1.564ns
The critical path consists of the following:
	'udiv' operation 32 bit ('udiv_ln173', snr_monitor.cpp:173) [73]  (1.564 ns)

 <State 49>: 1.564ns
The critical path consists of the following:
	'udiv' operation 32 bit ('udiv_ln173', snr_monitor.cpp:173) [73]  (1.564 ns)

 <State 50>: 1.564ns
The critical path consists of the following:
	'udiv' operation 32 bit ('udiv_ln173', snr_monitor.cpp:173) [73]  (1.564 ns)

 <State 51>: 1.564ns
The critical path consists of the following:
	'udiv' operation 32 bit ('udiv_ln173', snr_monitor.cpp:173) [73]  (1.564 ns)

 <State 52>: 1.564ns
The critical path consists of the following:
	'udiv' operation 32 bit ('udiv_ln173', snr_monitor.cpp:173) [73]  (1.564 ns)

 <State 53>: 1.564ns
The critical path consists of the following:
	'udiv' operation 32 bit ('udiv_ln173', snr_monitor.cpp:173) [73]  (1.564 ns)

 <State 54>: 1.564ns
The critical path consists of the following:
	'udiv' operation 32 bit ('udiv_ln173', snr_monitor.cpp:173) [73]  (1.564 ns)

 <State 55>: 1.564ns
The critical path consists of the following:
	'udiv' operation 32 bit ('udiv_ln173', snr_monitor.cpp:173) [73]  (1.564 ns)

 <State 56>: 1.564ns
The critical path consists of the following:
	'udiv' operation 32 bit ('udiv_ln173', snr_monitor.cpp:173) [73]  (1.564 ns)

 <State 57>: 1.564ns
The critical path consists of the following:
	'udiv' operation 32 bit ('udiv_ln173', snr_monitor.cpp:173) [73]  (1.564 ns)

 <State 58>: 1.564ns
The critical path consists of the following:
	'udiv' operation 32 bit ('udiv_ln173', snr_monitor.cpp:173) [73]  (1.564 ns)

 <State 59>: 1.564ns
The critical path consists of the following:
	'udiv' operation 32 bit ('udiv_ln173', snr_monitor.cpp:173) [73]  (1.564 ns)

 <State 60>: 1.564ns
The critical path consists of the following:
	'udiv' operation 32 bit ('udiv_ln173', snr_monitor.cpp:173) [73]  (1.564 ns)

 <State 61>: 1.564ns
The critical path consists of the following:
	'udiv' operation 32 bit ('udiv_ln173', snr_monitor.cpp:173) [73]  (1.564 ns)

 <State 62>: 1.564ns
The critical path consists of the following:
	'udiv' operation 32 bit ('udiv_ln173', snr_monitor.cpp:173) [73]  (1.564 ns)

 <State 63>: 1.564ns
The critical path consists of the following:
	'udiv' operation 32 bit ('udiv_ln173', snr_monitor.cpp:173) [73]  (1.564 ns)

 <State 64>: 1.564ns
The critical path consists of the following:
	'udiv' operation 32 bit ('udiv_ln173', snr_monitor.cpp:173) [73]  (1.564 ns)

 <State 65>: 1.564ns
The critical path consists of the following:
	'udiv' operation 32 bit ('udiv_ln173', snr_monitor.cpp:173) [73]  (1.564 ns)

 <State 66>: 1.564ns
The critical path consists of the following:
	'udiv' operation 32 bit ('udiv_ln173', snr_monitor.cpp:173) [73]  (1.564 ns)

 <State 67>: 1.564ns
The critical path consists of the following:
	'udiv' operation 32 bit ('udiv_ln173', snr_monitor.cpp:173) [73]  (1.564 ns)

 <State 68>: 1.564ns
The critical path consists of the following:
	'udiv' operation 32 bit ('udiv_ln173', snr_monitor.cpp:173) [73]  (1.564 ns)

 <State 69>: 1.564ns
The critical path consists of the following:
	'udiv' operation 32 bit ('udiv_ln173', snr_monitor.cpp:173) [73]  (1.564 ns)

 <State 70>: 1.564ns
The critical path consists of the following:
	'udiv' operation 32 bit ('udiv_ln173', snr_monitor.cpp:173) [73]  (1.564 ns)

 <State 71>: 1.564ns
The critical path consists of the following:
	'udiv' operation 32 bit ('udiv_ln173', snr_monitor.cpp:173) [73]  (1.564 ns)

 <State 72>: 1.564ns
The critical path consists of the following:
	'udiv' operation 32 bit ('udiv_ln173', snr_monitor.cpp:173) [73]  (1.564 ns)

 <State 73>: 1.564ns
The critical path consists of the following:
	'udiv' operation 32 bit ('udiv_ln173', snr_monitor.cpp:173) [73]  (1.564 ns)

 <State 74>: 1.564ns
The critical path consists of the following:
	'udiv' operation 32 bit ('udiv_ln173', snr_monitor.cpp:173) [73]  (1.564 ns)

 <State 75>: 1.564ns
The critical path consists of the following:
	'udiv' operation 32 bit ('udiv_ln173', snr_monitor.cpp:173) [73]  (1.564 ns)

 <State 76>: 1.564ns
The critical path consists of the following:
	'udiv' operation 32 bit ('udiv_ln173', snr_monitor.cpp:173) [73]  (1.564 ns)

 <State 77>: 1.564ns
The critical path consists of the following:
	'udiv' operation 32 bit ('udiv_ln173', snr_monitor.cpp:173) [73]  (1.564 ns)

 <State 78>: 1.000ns
The critical path consists of the following:
	'phi' operation 32 bit ('storemerge', snr_monitor.cpp:173) with incoming values : ('trunc_ln173', snr_monitor.cpp:173) [77]  (0.000 ns)
	s_axi write operation ('write_ln169', snr_monitor.cpp:169) on port 'snr_out' (snr_monitor.cpp:169) [78]  (1.000 ns)


============================================================
+ Verbose Summary: Binding
============================================================
N/A
* FSMD analyzer results:
  - Output states:
 - Input state : 
  - Chain level:
	State 1
	State 2
	State 3
	State 4
	State 5
	State 6
	State 7
	State 8
	State 9
	State 10
	State 11
	State 12
	State 13
	State 14
	State 15
	State 16
	State 17
	State 18
	State 19
	State 20
	State 21
	State 22
	State 23
	State 24
	State 25
	State 26
	State 27
	State 28
	State 29
	State 30
	State 31
	State 32
	State 33
	State 34
	State 35
	State 36
	State 37
	State 38
	State 39
	State 40
	State 41
	State 42
	State 43
	State 44
	State 45
	State 46
	State 47
	State 48
	State 49
	State 50
	State 51
	State 52
	State 53
	State 54
	State 55
	State 56
	State 57
	State 58
	State 59
	State 60
	State 61
	State 62
	State 63
	State 64
	State 65
	State 66
	State 67
	State 68
	State 69
	State 70
	State 71
	State 72
	State 73
	State 74
	State 75
	State 76
	State 77
	State 78


============================================================
+ Verbose Summary: Datapath Resource usage 
============================================================
N/A
