

================================================================
== Vitis HLS Report for 'snr_monitor_top_Pipeline_weight_drain'
================================================================
* Date:           Mon Mar  2 11:31:41 2026

* Version:        2024.1 (Build 5069499 on May 21 2024)
* Project:        snr_monitor_1
* Solution:       solution1 (Vivado IP Flow Target)
* Product family: zynquplus
* Target device:  xczu7ev-ffvc1156-2-e


================================================================
== Performance Estimates
================================================================
+ Timing: 
    * Summary: 
    +--------+---------+----------+------------+
    |  Clock |  Target | Estimated| Uncertainty|
    +--------+---------+----------+------------+
    |ap_clk  |  3.33 ns|  1.674 ns|     0.90 ns|
    +--------+---------+----------+------------+

+ Latency: 
    * Summary: 
    +---------+---------+-----------+-----------+------+------+-----------------------------------------------+
    |  Latency (cycles) |   Latency (absolute)  |   Interval  |                    Pipeline                   |
    |   min   |   max   |    min    |    max    |  min |  max |                      Type                     |
    +---------+---------+-----------+-----------+------+------+-----------------------------------------------+
    |     4098|     4098|  13.646 us|  13.646 us|  4097|  4097|  loop auto-rewind stp(delay=0 clock cycles(s))|
    +---------+---------+-----------+-----------+------+------+-----------------------------------------------+

    + Detail: 
        * Instance: 
        N/A

        * Loop: 
        +----------------+---------+---------+----------+-----------+-----------+------+----------+
        |                |  Latency (cycles) | Iteration|  Initiation Interval  | Trip |          |
        |    Loop Name   |   min   |   max   |  Latency |  achieved |   target  | Count| Pipelined|
        +----------------+---------+---------+----------+-----------+-----------+------+----------+
        |- weight_drain  |     4096|     4096|         2|          1|          1|  4096|       yes|
        +----------------+---------+---------+----------+-----------+-----------+------+----------+

============================================================
+ Verbose Summary: Synthesis Manager
============================================================
InlineROM: 1
ExposeGlobal: 0
============================================================
+ Verbose Summary: CDFG Model
============================================================
IsTopModel: 0
ResetActiveHigh: 1
IsCombinational: 0
IsDatapathOnly: 0
HasWiredReturn: 1
HasMFsm: 2
HasVarLatency: 1
IsPipeline: 0
IsRtlPipelined: 0
IsInstanceOverlapped: 0
IsDontTouch: 0
HasImplIP: 0
IsGatedGlobalClock: 0

+ Individual pipeline summary: 
  * Pipeline-0: initiation interval (II) = 1, depth = 2


============================================================
+ Verbose Summary: Schedule
============================================================
* Number of FSM states : 2
* Pipeline : 1
  Pipeline-0 : II = 1, D = 2, States = { 1 2 }
* Dataflow Pipeline: 0

* FSM state transitions: 
1 --> 2 
2 --> 

* FSM state operations: 

State 1 <SV = 0> <Delay = 1.67>
ST_1 : Operation 5 [1/1] (0.00ns)   --->   "%idx = alloca i32 1" [snr_monitor.cpp:99]   --->   Operation 5 'alloca' 'idx' <Predicate = true> <Delay = 0.00>
ST_1 : Operation 6 [1/1] (0.00ns)   --->   "%specaxissidechannel_ln0 = specaxissidechannel void @_ssdm_op_SpecAXISSideChannel, i32 %weight_stream_V_data_V, i4 %weight_stream_V_keep_V, i4 %weight_stream_V_strb_V, i1 0, i1 %weight_stream_V_last_V, i1 0, i1 0, void @empty_13"   --->   Operation 6 'specaxissidechannel' 'specaxissidechannel_ln0' <Predicate = true> <Delay = 0.00>
ST_1 : Operation 7 [1/1] (0.00ns)   --->   "%specinterface_ln0 = specinterface void @_ssdm_op_SpecInterface, i1 %weight_stream_V_last_V, i4 %weight_stream_V_strb_V, i4 %weight_stream_V_keep_V, i32 %weight_stream_V_data_V, void @empty, i32 0, i32 0, void @empty_0, i32 0, i32 0, void @empty_1, void @empty_1, void @empty_1, i32 0, i32 0, i32 0, i32 0, void @empty_1, void @empty_1, i32 4294967295, i32 0, i32 0"   --->   Operation 7 'specinterface' 'specinterface_ln0' <Predicate = true> <Delay = 0.00>
ST_1 : Operation 8 [1/1] (0.42ns)   --->   "%store_ln99 = store i13 0, i13 %idx" [snr_monitor.cpp:99]   --->   Operation 8 'store' 'store_ln99' <Predicate = true> <Delay = 0.42>
ST_1 : Operation 9 [1/1] (0.00ns)   --->   "%br_ln99 = br void %for.body13" [snr_monitor.cpp:99]   --->   Operation 9 'br' 'br_ln99' <Predicate = true> <Delay = 0.00>
ST_1 : Operation 10 [1/1] (0.00ns)   --->   "%idx_1 = load i13 %idx" [snr_monitor.cpp:99]   --->   Operation 10 'load' 'idx_1' <Predicate = true> <Delay = 0.00>
ST_1 : Operation 11 [1/1] (0.82ns)   --->   "%icmp_ln99 = icmp_eq  i13 %idx_1, i13 4096" [snr_monitor.cpp:99]   --->   Operation 11 'icmp' 'icmp_ln99' <Predicate = true> <Delay = 0.82> <CoreInst = "Cmp">   --->   Core 9 'Cmp' <Latency = 0> <II = 1> <Delay = 0.82> <FuncUnit> <Opcode : 'seteq' 'setne' 'setle' 'setge' 'setlt' 'setgt'> <InPorts = 2> <OutPorts = 1>
ST_1 : Operation 12 [1/1] (0.82ns)   --->   "%add_ln99 = add i13 %idx_1, i13 1" [snr_monitor.cpp:99]   --->   Operation 12 'add' 'add_ln99' <Predicate = true> <Delay = 0.82> <CoreInst = "Adder">   --->   Core 1 'Adder' <Latency = 0> <II = 1> <Delay = 0.82> <FuncUnit> <Opcode : 'add' 'sub'> <InPorts = 2> <OutPorts = 1>
ST_1 : Operation 13 [1/1] (0.00ns)   --->   "%br_ln99 = br i1 %icmp_ln99, void %for.body13.split, void %for.end27.exitStub" [snr_monitor.cpp:99]   --->   Operation 13 'br' 'br_ln99' <Predicate = true> <Delay = 0.00>
ST_1 : Operation 14 [1/1] (0.07ns)   --->   "%empty = read i41 @_ssdm_op_Read.axis.volatile.i32P0A.i4P0A.i4P0A.i1P0A, i32 %weight_stream_V_data_V, i4 %weight_stream_V_keep_V, i4 %weight_stream_V_strb_V, i1 %weight_stream_V_last_V" [snr_monitor.cpp:101]   --->   Operation 14 'read' 'empty' <Predicate = (!icmp_ln99)> <Delay = 0.07> <CoreInst = "regslice">   --->   Core 148 'regslice' <Latency = 0> <II = 1> <Delay = 0.65> <Adapter> <Opcode : 'read' 'write'>
ST_1 : Operation 15 [1/1] (0.00ns)   --->   "%w_data = extractvalue i41 %empty" [snr_monitor.cpp:101]   --->   Operation 15 'extractvalue' 'w_data' <Predicate = (!icmp_ln99)> <Delay = 0.00>
ST_1 : Operation 16 [1/1] (0.00ns)   --->   "%tmp = partselect i3 @_ssdm_op_PartSelect.i3.i13.i32.i32, i13 %idx_1, i32 10, i32 12" [snr_monitor.cpp:102]   --->   Operation 16 'partselect' 'tmp' <Predicate = (!icmp_ln99)> <Delay = 0.00>
ST_1 : Operation 17 [1/1] (0.67ns)   --->   "%icmp_ln102 = icmp_eq  i3 %tmp, i3 0" [snr_monitor.cpp:102]   --->   Operation 17 'icmp' 'icmp_ln102' <Predicate = (!icmp_ln99)> <Delay = 0.67> <CoreInst = "Cmp">   --->   Core 9 'Cmp' <Latency = 0> <II = 1> <Delay = 0.67> <FuncUnit> <Opcode : 'seteq' 'setne' 'setle' 'setge' 'setlt' 'setgt'> <InPorts = 2> <OutPorts = 1>
ST_1 : Operation 18 [1/1] (0.00ns)   --->   "%br_ln102 = br i1 %icmp_ln102, void %for.inc25, void %if.then" [snr_monitor.cpp:102]   --->   Operation 18 'br' 'br_ln102' <Predicate = (!icmp_ln99)> <Delay = 0.00>
ST_1 : Operation 19 [1/1] (0.42ns)   --->   "%store_ln99 = store i13 %add_ln99, i13 %idx" [snr_monitor.cpp:99]   --->   Operation 19 'store' 'store_ln99' <Predicate = (!icmp_ln99)> <Delay = 0.42>
ST_1 : Operation 20 [1/1] (0.00ns)   --->   "%br_ln99 = br void %for.body13" [snr_monitor.cpp:99]   --->   Operation 20 'br' 'br_ln99' <Predicate = (!icmp_ln99)> <Delay = 0.00>
ST_1 : Operation 32 [1/1] (0.42ns)   --->   "%ret_ln0 = ret"   --->   Operation 32 'ret' 'ret_ln0' <Predicate = (icmp_ln99)> <Delay = 0.42>

State 2 <SV = 1> <Delay = 1.23>
ST_2 : Operation 21 [1/1] (0.00ns)   --->   "%zext_ln99 = zext i13 %idx_1" [snr_monitor.cpp:99]   --->   Operation 21 'zext' 'zext_ln99' <Predicate = true> <Delay = 0.00>
ST_2 : Operation 22 [1/1] (0.00ns)   --->   "%specpipeline_ln100 = specpipeline void @_ssdm_op_SpecPipeline, i32 1, i32 0, i32 0, i32 0, void @empty_1" [snr_monitor.cpp:100]   --->   Operation 22 'specpipeline' 'specpipeline_ln100' <Predicate = true> <Delay = 0.00>
ST_2 : Operation 23 [1/1] (0.00ns)   --->   "%speclooptripcount_ln99 = speclooptripcount void @_ssdm_op_SpecLoopTripCount, i64 4096, i64 4096, i64 4096" [snr_monitor.cpp:99]   --->   Operation 23 'speclooptripcount' 'speclooptripcount_ln99' <Predicate = true> <Delay = 0.00>
ST_2 : Operation 24 [1/1] (0.00ns)   --->   "%specloopname_ln99 = specloopname void @_ssdm_op_SpecLoopName, void @empty_4" [snr_monitor.cpp:99]   --->   Operation 24 'specloopname' 'specloopname_ln99' <Predicate = true> <Delay = 0.00>
ST_2 : Operation 25 [1/1] (0.00ns)   --->   "%trunc_ln104 = trunc i32 %w_data" [snr_monitor.cpp:104]   --->   Operation 25 'trunc' 'trunc_ln104' <Predicate = (icmp_ln102)> <Delay = 0.00>
ST_2 : Operation 26 [1/1] (0.00ns)   --->   "%h_re_addr = getelementptr i16 %h_re, i64 0, i64 %zext_ln99" [snr_monitor.cpp:104]   --->   Operation 26 'getelementptr' 'h_re_addr' <Predicate = (icmp_ln102)> <Delay = 0.00>
ST_2 : Operation 27 [1/1] (1.23ns)   --->   "%store_ln104 = store i16 %trunc_ln104, i10 %h_re_addr" [snr_monitor.cpp:104]   --->   Operation 27 'store' 'store_ln104' <Predicate = (icmp_ln102)> <Delay = 1.23> <CoreInst = "RAM">   --->   Core 82 'RAM' <Latency = 1> <II = 1> <Delay = 1.23> <Storage> <Opcode : 'load' 'store'> <Ports = 2> <Width = 16> <Depth = 1024> <RAM>
ST_2 : Operation 28 [1/1] (0.00ns)   --->   "%tmp_s = partselect i16 @_ssdm_op_PartSelect.i16.i32.i32.i32, i32 %w_data, i32 16, i32 31" [snr_monitor.cpp:105]   --->   Operation 28 'partselect' 'tmp_s' <Predicate = (icmp_ln102)> <Delay = 0.00>
ST_2 : Operation 29 [1/1] (0.00ns)   --->   "%h_im_addr = getelementptr i16 %h_im, i64 0, i64 %zext_ln99" [snr_monitor.cpp:105]   --->   Operation 29 'getelementptr' 'h_im_addr' <Predicate = (icmp_ln102)> <Delay = 0.00>
ST_2 : Operation 30 [1/1] (1.23ns)   --->   "%store_ln105 = store i16 %tmp_s, i10 %h_im_addr" [snr_monitor.cpp:105]   --->   Operation 30 'store' 'store_ln105' <Predicate = (icmp_ln102)> <Delay = 1.23> <CoreInst = "RAM">   --->   Core 82 'RAM' <Latency = 1> <II = 1> <Delay = 1.23> <Storage> <Opcode : 'load' 'store'> <Ports = 2> <Width = 16> <Depth = 1024> <RAM>
ST_2 : Operation 31 [1/1] (0.00ns)   --->   "%br_ln106 = br void %for.inc25" [snr_monitor.cpp:106]   --->   Operation 31 'br' 'br_ln106' <Predicate = (icmp_ln102)> <Delay = 0.00>


============================================================
+ Verbose Summary: Timing violations
============================================================
Target clock period: 3.330ns, clock uncertainty: 0.899ns.

 <State 1>: 1.674ns
The critical path consists of the following:
	'store' operation 0 bit ('store_ln99', snr_monitor.cpp:99) of constant 0 on local variable 'idx', snr_monitor.cpp:99 [10]  (0.427 ns)
	'load' operation 13 bit ('idx', snr_monitor.cpp:99) on local variable 'idx', snr_monitor.cpp:99 [13]  (0.000 ns)
	'icmp' operation 1 bit ('icmp_ln99', snr_monitor.cpp:99) [14]  (0.820 ns)
	'store' operation 0 bit ('store_ln99', snr_monitor.cpp:99) of variable 'add_ln99', snr_monitor.cpp:99 on local variable 'idx', snr_monitor.cpp:99 [36]  (0.427 ns)

 <State 2>: 1.237ns
The critical path consists of the following:
	'getelementptr' operation 10 bit ('h_re_addr', snr_monitor.cpp:104) [29]  (0.000 ns)
	'store' operation 0 bit ('store_ln104', snr_monitor.cpp:104) of variable 'trunc_ln104', snr_monitor.cpp:104 on array 'h_re' [30]  (1.237 ns)


============================================================
+ Verbose Summary: Binding
============================================================
N/A
* FSMD analyzer results:
  - Output states:
 - Input state : 
  - Chain level:
	State 1
	State 2


============================================================
+ Verbose Summary: Datapath Resource usage 
============================================================
N/A
