

================================================================
== Vitis HLS Report for 'snr_monitor_top_Pipeline_weight_drain'
================================================================
* Date:           Mon Mar  2 11:31:41 2026

* Version:        2024.1 (Build 5069499 on May 21 2024)
* Project:        snr_monitor_1
* Solution:       solution1 (Vivado IP Flow Target)
* Product family: zynquplus
* Target device:  xczu7ev-ffvc1156-2-e


================================================================
== Performance Estimates
================================================================
+ Timing: 
    * Summary: 
    +--------+---------+----------+------------+
    |  Clock |  Target | Estimated| Uncertainty|
    +--------+---------+----------+------------+
    |ap_clk  |  3.33 ns|  1.674 ns|     0.90 ns|
    +--------+---------+----------+------------+

+ Latency: 
    * Summary: 
    +---------+---------+-----------+-----------+------+------+-----------------------------------------------+
    |  Latency (cycles) |   Latency (absolute)  |   Interval  |                    Pipeline                   |
    |   min   |   max   |    min    |    max    |  min |  max |                      Type                     |
    +---------+---------+-----------+-----------+------+------+-----------------------------------------------+
    |     4098|     4098|  13.646 us|  13.646 us|  4097|  4097|  loop auto-rewind stp(delay=0 clock cycles(s))|
    +---------+---------+-----------+-----------+------+------+-----------------------------------------------+

    + Detail: 
        * Instance: 
        N/A

        * Loop: 
        +----------------+---------+---------+----------+-----------+-----------+------+----------+
        |                |  Latency (cycles) | Iteration|  Initiation Interval  | Trip |          |
        |    Loop Name   |   min   |   max   |  Latency |  achieved |   target  | Count| Pipelined|
        +----------------+---------+---------+----------+-----------+-----------+------+----------+
        |- weight_drain  |     4096|     4096|         2|          1|          1|  4096|       yes|
        +----------------+---------+---------+----------+-----------+-----------+------+----------+



================================================================
== Utilization Estimates
================================================================
* Summary: 
+-----------------+---------+------+--------+--------+-----+
|       Name      | BRAM_18K|  DSP |   FF   |   LUT  | URAM|
+-----------------+---------+------+--------+--------+-----+
|DSP              |        -|     -|       -|       -|    -|
|Expression       |        -|     -|       0|      57|    -|
|FIFO             |        -|     -|       -|       -|    -|
|Instance         |        -|     -|       -|       -|    -|
|Memory           |        -|     -|       -|       -|    -|
|Multiplexer      |        -|     -|       0|      45|    -|
|Register         |        -|     -|      62|       -|    -|
+-----------------+---------+------+--------+--------+-----+
|Total            |        0|     0|      62|     102|    0|
+-----------------+---------+------+--------+--------+-----+
|Available        |      624|  1728|  460800|  230400|   96|
+-----------------+---------+------+--------+--------+-----+
|Utilization (%)  |        0|     0|      ~0|      ~0|    0|
+-----------------+---------+------+--------+--------+-----+

+ Detail: 
    * Instance: 
    N/A

    * DSP: 
    N/A

    * Memory: 
    N/A

    * FIFO: 
    N/A

    * Expression: 
    +----------------------------------+----------+----+---+----+------------+------------+
    |           Variable Name          | Operation| DSP| FF| LUT| Bitwidth P0| Bitwidth P1|
    +----------------------------------+----------+----+---+----+------------+------------+
    |add_ln99_fu_122_p2                |         +|   0|  0|  20|          13|           1|
    |ap_block_pp0_stage0_11001         |       and|   0|  0|   2|           1|           1|
    |ap_block_state1_pp0_stage0_iter0  |       and|   0|  0|   2|           1|           1|
    |icmp_ln102_fu_142_p2              |      icmp|   0|  0|  10|           3|           1|
    |icmp_ln99_fu_116_p2               |      icmp|   0|  0|  21|          13|          14|
    |ap_enable_pp0                     |       xor|   0|  0|   2|           1|           2|
    +----------------------------------+----------+----+---+----+------------+------------+
    |Total                             |          |   0|  0|  57|          32|          20|
    +----------------------------------+----------+----+---+----+------------+------------+

    * Multiplexer: 
    +---------------------------+----+-----------+-----+-----------+
    |            Name           | LUT| Input Size| Bits| Total Bits|
    +---------------------------+----+-----------+-----+-----------+
    |ap_done_int                |   9|          2|    1|          2|
    |ap_enable_reg_pp0_iter1    |   9|          2|    1|          2|
    |ap_sig_allocacmp_idx_1     |   9|          2|   13|         26|
    |idx_fu_66                  |   9|          2|   13|         26|
    |weight_stream_TDATA_blk_n  |   9|          2|    1|          2|
    +---------------------------+----+-----------+-----+-----------+
    |Total                      |  45|         10|   29|         58|
    +---------------------------+----+-----------+-----+-----------+

    * Register: 
    +-------------------------+----+----+-----+-----------+
    |           Name          | FF | LUT| Bits| Const Bits|
    +-------------------------+----+----+-----+-----------+
    |ap_CS_fsm                |   1|   0|    1|          0|
    |ap_done_reg              |   1|   0|    1|          0|
    |ap_enable_reg_pp0_iter1  |   1|   0|    1|          0|
    |icmp_ln102_reg_193       |   1|   0|    1|          0|
    |idx_1_reg_179            |  13|   0|   13|          0|
    |idx_fu_66                |  13|   0|   13|          0|
    |w_data_reg_187           |  32|   0|   32|          0|
    +-------------------------+----+----+-----+-----------+
    |Total                    |  62|   0|   62|          0|
    +-------------------------+----+----+-----+-----------+



================================================================
== Interface
================================================================
* Summary: 
+----------------------+-----+-----+------------+---------------------------------------+--------------+
|       RTL Ports      | Dir | Bits|  Protocol  |             Source Object             |    C Type    |
+----------------------+-----+-----+------------+---------------------------------------+--------------+
|ap_clk                |   in|    1|  ap_ctrl_hs|  snr_monitor_top_Pipeline_weight_drain|  return value|
|ap_rst                |   in|    1|  ap_ctrl_hs|  snr_monitor_top_Pipeline_weight_drain|  return value|
|ap_start              |   in|    1|  ap_ctrl_hs|  snr_monitor_top_Pipeline_weight_drain|  return value|
|ap_done               |  out|    1|  ap_ctrl_hs|  snr_monitor_top_Pipeline_weight_drain|  return value|
|ap_idle               |  out|    1|  ap_ctrl_hs|  snr_monitor_top_Pipeline_weight_drain|  return value|
|ap_ready              |  out|    1|  ap_ctrl_hs|  snr_monitor_top_Pipeline_weight_drain|  return value|
|weight_stream_TVALID  |   in|    1|        axis|                 weight_stream_V_data_V|       pointer|
|weight_stream_TDATA   |   in|   32|        axis|                 weight_stream_V_data_V|       pointer|
|weight_stream_TREADY  |  out|    1|        axis|                 weight_stream_V_last_V|       pointer|
|weight_stream_TLAST   |   in|    1|        axis|                 weight_stream_V_last_V|       pointer|
|weight_stream_TKEEP   |   in|    4|        axis|                 weight_stream_V_keep_V|       pointer|
|weight_stream_TSTRB   |   in|    4|        axis|                 weight_stream_V_strb_V|       pointer|
|h_re_address0         |  out|   10|   ap_memory|                                   h_re|         array|
|h_re_ce0              |  out|    1|   ap_memory|                                   h_re|         array|
|h_re_we0              |  out|    1|   ap_memory|                                   h_re|         array|
|h_re_d0               |  out|   16|   ap_memory|                                   h_re|         array|
|h_im_address0         |  out|   10|   ap_memory|                                   h_im|         array|
|h_im_ce0              |  out|    1|   ap_memory|                                   h_im|         array|
|h_im_we0              |  out|    1|   ap_memory|                                   h_im|         array|
|h_im_d0               |  out|   16|   ap_memory|                                   h_im|         array|
+----------------------+-----+-----+------------+---------------------------------------+--------------+

============================================================
+ Verbose Summary: Synthesis Manager
============================================================
InlineROM: 1
ExposeGlobal: 0
============================================================
+ Verbose Summary: CDFG Model
============================================================
IsTopModel: 0
ResetActiveHigh: 1
IsCombinational: 2
IsDatapathOnly: 2
HasWiredReturn: 1
HasMFsm: 2
HasVarLatency: 1
IsPipeline: 0
IsRtlPipelined: 0
IsInstanceOverlapped: 0
IsDontTouch: 0
HasImplIP: 0
IsGatedGlobalClock: 0

+ Individual pipeline summary: 
  * Pipeline-0: initiation interval (II) = 1, depth = 2


============================================================
+ Verbose Summary: Schedule
============================================================
* Number of FSM states : 2
* Pipeline : 1
  Pipeline-0 : II = 1, D = 2, States = { 1 2 }
* Dataflow Pipeline: 0

* FSM state transitions: 
1 --> 2 
2 --> 

* FSM state operations: 

State 1 <SV = 0> <Delay = 1.67>
ST_1 : Operation 5 [1/1] (0.00ns)   --->   "%idx = alloca i32 1" [snr_monitor.cpp:99]   --->   Operation 5 'alloca' 'idx' <Predicate = true> <Delay = 0.00>
ST_1 : Operation 6 [1/1] (0.00ns)   --->   "%specaxissidechannel_ln0 = specaxissidechannel void @_ssdm_op_SpecAXISSideChannel, i32 %weight_stream_V_data_V, i4 %weight_stream_V_keep_V, i4 %weight_stream_V_strb_V, i1 0, i1 %weight_stream_V_last_V, i1 0, i1 0, void @empty_13"   --->   Operation 6 'specaxissidechannel' 'specaxissidechannel_ln0' <Predicate = true> <Delay = 0.00>
ST_1 : Operation 7 [1/1] (0.00ns)   --->   "%specinterface_ln0 = specinterface void @_ssdm_op_SpecInterface, i1 %weight_stream_V_last_V, i4 %weight_stream_V_strb_V, i4 %weight_stream_V_keep_V, i32 %weight_stream_V_data_V, void @empty, i32 0, i32 0, void @empty_0, i32 0, i32 0, void @empty_1, void @empty_1, void @empty_1, i32 0, i32 0, i32 0, i32 0, void @empty_1, void @empty_1, i32 4294967295, i32 0, i32 0"   --->   Operation 7 'specinterface' 'specinterface_ln0' <Predicate = true> <Delay = 0.00>
ST_1 : Operation 8 [1/1] (0.42ns)   --->   "%store_ln99 = store i13 0, i13 %idx" [snr_monitor.cpp:99]   --->   Operation 8 'store' 'store_ln99' <Predicate = true> <Delay = 0.42>
ST_1 : Operation 9 [1/1] (0.00ns)   --->   "%br_ln99 = br void %for.body13" [snr_monitor.cpp:99]   --->   Operation 9 'br' 'br_ln99' <Predicate = true> <Delay = 0.00>
ST_1 : Operation 10 [1/1] (0.00ns)   --->   "%idx_1 = load i13 %idx" [snr_monitor.cpp:99]   --->   Operation 10 'load' 'idx_1' <Predicate = true> <Delay = 0.00>
ST_1 : Operation 11 [1/1] (0.82ns)   --->   "%icmp_ln99 = icmp_eq  i13 %idx_1, i13 4096" [snr_monitor.cpp:99]   --->   Operation 11 'icmp' 'icmp_ln99' <Predicate = true> <Delay = 0.82> <CoreInst = "Cmp">   --->   Core 9 'Cmp' <Latency = 0> <II = 1> <Delay = 0.83> <FuncUnit> <Opcode : 'seteq' 'setne' 'setle' 'setge' 'setlt' 'setgt'> <InPorts = 2> <OutPorts = 1>
ST_1 : Operation 12 [1/1] (0.82ns)   --->   "%add_ln99 = add i13 %idx_1, i13 1" [snr_monitor.cpp:99]   --->   Operation 12 'add' 'add_ln99' <Predicate = true> <Delay = 0.82> <CoreInst = "Adder">   --->   Core 1 'Adder' <Latency = 0> <II = 1> <Delay = 0.82> <FuncUnit> <Opcode : 'add' 'sub'> <InPorts = 2> <OutPorts = 1>
ST_1 : Operation 13 [1/1] (0.00ns)   --->   "%br_ln99 = br i1 %icmp_ln99, void %for.body13.split, void %for.end27.exitStub" [snr_monitor.cpp:99]   --->   Operation 13 'br' 'br_ln99' <Predicate = true> <Delay = 0.00>
ST_1 : Operation 14 [1/1] (0.07ns)   --->   "%empty = read i41 @_ssdm_op_Read.axis.volatile.i32P0A.i4P0A.i4P0A.i1P0A, i32 %weight_stream_V_data_V, i4 %weight_stream_V_keep_V, i4 %weight_stream_V_strb_V, i1 %weight_stream_V_last_V" [snr_monitor.cpp:101]   --->   Operation 14 'read' 'empty' <Predicate = (!icmp_ln99)> <Delay = 0.07> <CoreInst = "regslice">   --->   Core 148 'regslice' <Latency = 0> <II = 1> <Delay = 0.65> <Adapter> <Opcode : 'read' 'write'>
ST_1 : Operation 15 [1/1] (0.00ns)   --->   "%w_data = extractvalue i41 %empty" [snr_monitor.cpp:101]   --->   Operation 15 'extractvalue' 'w_data' <Predicate = (!icmp_ln99)> <Delay = 0.00>
ST_1 : Operation 16 [1/1] (0.00ns)   --->   "%tmp = partselect i3 @_ssdm_op_PartSelect.i3.i13.i32.i32, i13 %idx_1, i32 10, i32 12" [snr_monitor.cpp:102]   --->   Operation 16 'partselect' 'tmp' <Predicate = (!icmp_ln99)> <Delay = 0.00>
ST_1 : Operation 17 [1/1] (0.67ns)   --->   "%icmp_ln102 = icmp_eq  i3 %tmp, i3 0" [snr_monitor.cpp:102]   --->   Operation 17 'icmp' 'icmp_ln102' <Predicate = (!icmp_ln99)> <Delay = 0.67> <CoreInst = "Cmp">   --->   Core 9 'Cmp' <Latency = 0> <II = 1> <Delay = 0.67> <FuncUnit> <Opcode : 'seteq' 'setne' 'setle' 'setge' 'setlt' 'setgt'> <InPorts = 2> <OutPorts = 1>
ST_1 : Operation 18 [1/1] (0.00ns)   --->   "%br_ln102 = br i1 %icmp_ln102, void %for.inc25, void %if.then" [snr_monitor.cpp:102]   --->   Operation 18 'br' 'br_ln102' <Predicate = (!icmp_ln99)> <Delay = 0.00>
ST_1 : Operation 19 [1/1] (0.42ns)   --->   "%store_ln99 = store i13 %add_ln99, i13 %idx" [snr_monitor.cpp:99]   --->   Operation 19 'store' 'store_ln99' <Predicate = (!icmp_ln99)> <Delay = 0.42>
ST_1 : Operation 20 [1/1] (0.00ns)   --->   "%br_ln99 = br void %for.body13" [snr_monitor.cpp:99]   --->   Operation 20 'br' 'br_ln99' <Predicate = (!icmp_ln99)> <Delay = 0.00>
ST_1 : Operation 32 [1/1] (0.42ns)   --->   "%ret_ln0 = ret"   --->   Operation 32 'ret' 'ret_ln0' <Predicate = (icmp_ln99)> <Delay = 0.42>

State 2 <SV = 1> <Delay = 1.23>
ST_2 : Operation 21 [1/1] (0.00ns)   --->   "%zext_ln99 = zext i13 %idx_1" [snr_monitor.cpp:99]   --->   Operation 21 'zext' 'zext_ln99' <Predicate = true> <Delay = 0.00>
ST_2 : Operation 22 [1/1] (0.00ns)   --->   "%specpipeline_ln100 = specpipeline void @_ssdm_op_SpecPipeline, i32 1, i32 0, i32 0, i32 0, void @empty_1" [snr_monitor.cpp:100]   --->   Operation 22 'specpipeline' 'specpipeline_ln100' <Predicate = true> <Delay = 0.00>
ST_2 : Operation 23 [1/1] (0.00ns)   --->   "%speclooptripcount_ln99 = speclooptripcount void @_ssdm_op_SpecLoopTripCount, i64 4096, i64 4096, i64 4096" [snr_monitor.cpp:99]   --->   Operation 23 'speclooptripcount' 'speclooptripcount_ln99' <Predicate = true> <Delay = 0.00>
ST_2 : Operation 24 [1/1] (0.00ns)   --->   "%specloopname_ln99 = specloopname void @_ssdm_op_SpecLoopName, void @empty_4" [snr_monitor.cpp:99]   --->   Operation 24 'specloopname' 'specloopname_ln99' <Predicate = true> <Delay = 0.00>
ST_2 : Operation 25 [1/1] (0.00ns)   --->   "%trunc_ln104 = trunc i32 %w_data" [snr_monitor.cpp:104]   --->   Operation 25 'trunc' 'trunc_ln104' <Predicate = (icmp_ln102)> <Delay = 0.00>
ST_2 : Operation 26 [1/1] (0.00ns)   --->   "%h_re_addr = getelementptr i16 %h_re, i64 0, i64 %zext_ln99" [snr_monitor.cpp:104]   --->   Operation 26 'getelementptr' 'h_re_addr' <Predicate = (icmp_ln102)> <Delay = 0.00>
ST_2 : Operation 27 [1/1] (1.23ns)   --->   "%store_ln104 = store i16 %trunc_ln104, i10 %h_re_addr" [snr_monitor.cpp:104]   --->   Operation 27 'store' 'store_ln104' <Predicate = (icmp_ln102)> <Delay = 1.23> <CoreInst = "RAM">   --->   Core 82 'RAM' <Latency = 1> <II = 1> <Delay = 1.23> <Storage> <Opcode : 'load' 'store'> <Ports = 2> <Width = 16> <Depth = 1024> <RAM>
ST_2 : Operation 28 [1/1] (0.00ns)   --->   "%tmp_s = partselect i16 @_ssdm_op_PartSelect.i16.i32.i32.i32, i32 %w_data, i32 16, i32 31" [snr_monitor.cpp:105]   --->   Operation 28 'partselect' 'tmp_s' <Predicate = (icmp_ln102)> <Delay = 0.00>
ST_2 : Operation 29 [1/1] (0.00ns)   --->   "%h_im_addr = getelementptr i16 %h_im, i64 0, i64 %zext_ln99" [snr_monitor.cpp:105]   --->   Operation 29 'getelementptr' 'h_im_addr' <Predicate = (icmp_ln102)> <Delay = 0.00>
ST_2 : Operation 30 [1/1] (1.23ns)   --->   "%store_ln105 = store i16 %tmp_s, i10 %h_im_addr" [snr_monitor.cpp:105]   --->   Operation 30 'store' 'store_ln105' <Predicate = (icmp_ln102)> <Delay = 1.23> <CoreInst = "RAM">   --->   Core 82 'RAM' <Latency = 1> <II = 1> <Delay = 1.23> <Storage> <Opcode : 'load' 'store'> <Ports = 2> <Width = 16> <Depth = 1024> <RAM>
ST_2 : Operation 31 [1/1] (0.00ns)   --->   "%br_ln106 = br void %for.inc25" [snr_monitor.cpp:106]   --->   Operation 31 'br' 'br_ln106' <Predicate = (icmp_ln102)> <Delay = 0.00>


============================================================
+ Verbose Summary: Binding
============================================================
STG Binding: 
---------------- STG Properties BEGIN ----------------
- Is combinational: 0
- Is one-state seq: 0
- Is datapath-only: 0
- Is pipelined: 0
- Is top level: 0
Port [ Return ] is wired: 1; IO mode=ap_ctrl_hs:ce=0
Port [ weight_stream_V_data_V]:  wired=1; compound=1; hidden=0; nouse=0; global=0; static=0; extern=0; dir=0; type=0; pingpong=0; private_global=0; IO mode=axis:ce=0
Port [ weight_stream_V_keep_V]:  wired=1; compound=1; hidden=0; nouse=0; global=0; static=0; extern=0; dir=0; type=0; pingpong=0; private_global=0; IO mode=axis:ce=0
Port [ weight_stream_V_strb_V]:  wired=1; compound=1; hidden=0; nouse=0; global=0; static=0; extern=0; dir=0; type=0; pingpong=0; private_global=0; IO mode=axis:ce=0
Port [ weight_stream_V_last_V]:  wired=1; compound=1; hidden=0; nouse=0; global=0; static=0; extern=0; dir=0; type=0; pingpong=0; private_global=0; IO mode=axis:ce=0
Port [ h_re]:  wired=1; compound=1; hidden=0; nouse=0; global=0; static=0; extern=0; dir=1; type=1; pingpong=0; private_global=0; MemPort=[03]; IO mode=ap_memory:ce=0
Port [ h_im]:  wired=1; compound=1; hidden=0; nouse=0; global=0; static=0; extern=0; dir=1; type=1; pingpong=0; private_global=0; MemPort=[03]; IO mode=ap_memory:ce=0
---------------- STG Properties END ------------------

---------------- Datapath Model BEGIN ----------------

<LifeTime>
<method=bitvector/>
idx                     (alloca             ) [ 010]
specaxissidechannel_ln0 (specaxissidechannel) [ 000]
specinterface_ln0       (specinterface      ) [ 000]
store_ln99              (store              ) [ 000]
br_ln99                 (br                 ) [ 000]
idx_1                   (load               ) [ 011]
icmp_ln99               (icmp               ) [ 010]
add_ln99                (add                ) [ 000]
br_ln99                 (br                 ) [ 000]
empty                   (read               ) [ 000]
w_data                  (extractvalue       ) [ 011]
tmp                     (partselect         ) [ 000]
icmp_ln102              (icmp               ) [ 011]
br_ln102                (br                 ) [ 000]
store_ln99              (store              ) [ 000]
br_ln99                 (br                 ) [ 000]
zext_ln99               (zext               ) [ 000]
specpipeline_ln100      (specpipeline       ) [ 000]
speclooptripcount_ln99  (speclooptripcount  ) [ 000]
specloopname_ln99       (specloopname       ) [ 000]
trunc_ln104             (trunc              ) [ 000]
h_re_addr               (getelementptr      ) [ 000]
store_ln104             (store              ) [ 000]
tmp_s                   (partselect         ) [ 000]
h_im_addr               (getelementptr      ) [ 000]
store_ln105             (store              ) [ 000]
br_ln106                (br                 ) [ 000]
ret_ln0                 (ret                ) [ 000]
</LifeTime>

<model>

<comp_list>
<comp id="0" class="1000" name="weight_stream_V_data_V">
<pin_list>
<pin id="1" dir="1" index="0" bw="1" slack="0"/>
</pin_list>
<bind>
<StgValue><ssdm name="weight_stream_V_data_V"/></StgValue>
</bind>
</comp>

<comp id="2" class="1000" name="weight_stream_V_keep_V">
<pin_list>
<pin id="3" dir="1" index="0" bw="1" slack="0"/>
</pin_list>
<bind>
<StgValue><ssdm name="weight_stream_V_keep_V"/></StgValue>
</bind>
</comp>

<comp id="4" class="1000" name="weight_stream_V_strb_V">
<pin_list>
<pin id="5" dir="1" index="0" bw="1" slack="0"/>
</pin_list>
<bind>
<StgValue><ssdm name="weight_stream_V_strb_V"/></StgValue>
</bind>
</comp>

<comp id="6" class="1000" name="weight_stream_V_last_V">
<pin_list>
<pin id="7" dir="1" index="0" bw="1" slack="0"/>
</pin_list>
<bind>
<StgValue><ssdm name="weight_stream_V_last_V"/></StgValue>
</bind>
</comp>

<comp id="8" class="1000" name="h_re">
<pin_list>
<pin id="9" dir="1" index="0" bw="1" slack="0"/>
</pin_list>
<bind>
<StgValue><ssdm name="h_re"/><MemPortTyVec>0 3 </MemPortTyVec>
</StgValue>
</bind>
</comp>

<comp id="10" class="1000" name="h_im">
<pin_list>
<pin id="11" dir="1" index="0" bw="1" slack="0"/>
</pin_list>
<bind>
<StgValue><ssdm name="h_im"/><MemPortTyVec>0 3 </MemPortTyVec>
</StgValue>
</bind>
</comp>

<comp id="12" class="1001" name="const_12">
<pin_list>
<pin id="13" dir="1" index="0" bw="1" slack="0"/>
</pin_list>
<bind>
<StgValue><ssdm name=""/></StgValue>
</bind>
</comp>

<comp id="14" class="1001" name="const_14">
<pin_list>
<pin id="15" dir="1" index="0" bw="1" slack="2147483647"/>
</pin_list>
<bind>
<StgValue><ssdm name="_ssdm_op_SpecAXISSideChannel"/></StgValue>
</bind>
</comp>

<comp id="16" class="1001" name="const_16">
<pin_list>
<pin id="17" dir="1" index="0" bw="1" slack="2147483647"/>
</pin_list>
<bind>
<StgValue><ssdm name=""/></StgValue>
</bind>
</comp>

<comp id="18" class="1001" name="const_18">
<pin_list>
<pin id="19" dir="1" index="0" bw="1" slack="2147483647"/>
</pin_list>
<bind>
<StgValue><ssdm name="empty_13"/></StgValue>
</bind>
</comp>

<comp id="20" class="1001" name="const_20">
<pin_list>
<pin id="21" dir="1" index="0" bw="1" slack="2147483647"/>
</pin_list>
<bind>
<StgValue><ssdm name="_ssdm_op_SpecInterface"/></StgValue>
</bind>
</comp>

<comp id="22" class="1001" name="const_22">
<pin_list>
<pin id="23" dir="1" index="0" bw="1" slack="2147483647"/>
</pin_list>
<bind>
<StgValue><ssdm name="empty"/></StgValue>
</bind>
</comp>

<comp id="24" class="1001" name="const_24">
<pin_list>
<pin id="25" dir="1" index="0" bw="1" slack="2147483647"/>
</pin_list>
<bind>
<StgValue><ssdm name=""/></StgValue>
</bind>
</comp>

<comp id="26" class="1001" name="const_26">
<pin_list>
<pin id="27" dir="1" index="0" bw="1" slack="2147483647"/>
</pin_list>
<bind>
<StgValue><ssdm name="empty_0"/></StgValue>
</bind>
</comp>

<comp id="28" class="1001" name="const_28">
<pin_list>
<pin id="29" dir="1" index="0" bw="1" slack="2147483647"/>
</pin_list>
<bind>
<StgValue><ssdm name="empty_1"/></StgValue>
</bind>
</comp>

<comp id="30" class="1001" name="const_30">
<pin_list>
<pin id="31" dir="1" index="0" bw="1" slack="2147483647"/>
</pin_list>
<bind>
<StgValue><ssdm name=""/></StgValue>
</bind>
</comp>

<comp id="32" class="1001" name="const_32">
<pin_list>
<pin id="33" dir="1" index="0" bw="1" slack="0"/>
</pin_list>
<bind>
<StgValue><ssdm name=""/></StgValue>
</bind>
</comp>

<comp id="34" class="1001" name="const_34">
<pin_list>
<pin id="35" dir="1" index="0" bw="1" slack="0"/>
</pin_list>
<bind>
<StgValue><ssdm name=""/></StgValue>
</bind>
</comp>

<comp id="36" class="1001" name="const_36">
<pin_list>
<pin id="37" dir="1" index="0" bw="1" slack="0"/>
</pin_list>
<bind>
<StgValue><ssdm name=""/></StgValue>
</bind>
</comp>

<comp id="38" class="1001" name="const_38">
<pin_list>
<pin id="39" dir="1" index="0" bw="1" slack="0"/>
</pin_list>
<bind>
<StgValue><ssdm name="_ssdm_op_Read.axis.volatile.i32P0A.i4P0A.i4P0A.i1P0A"/></StgValue>
</bind>
</comp>

<comp id="40" class="1001" name="const_40">
<pin_list>
<pin id="41" dir="1" index="0" bw="1" slack="0"/>
</pin_list>
<bind>
<StgValue><ssdm name="_ssdm_op_PartSelect.i3.i13.i32.i32"/></StgValue>
</bind>
</comp>

<comp id="42" class="1001" name="const_42">
<pin_list>
<pin id="43" dir="1" index="0" bw="1" slack="0"/>
</pin_list>
<bind>
<StgValue><ssdm name=""/></StgValue>
</bind>
</comp>

<comp id="44" class="1001" name="const_44">
<pin_list>
<pin id="45" dir="1" index="0" bw="1" slack="0"/>
</pin_list>
<bind>
<StgValue><ssdm name=""/></StgValue>
</bind>
</comp>

<comp id="46" class="1001" name="const_46">
<pin_list>
<pin id="47" dir="1" index="0" bw="1" slack="0"/>
</pin_list>
<bind>
<StgValue><ssdm name=""/></StgValue>
</bind>
</comp>

<comp id="48" class="1001" name="const_48">
<pin_list>
<pin id="49" dir="1" index="0" bw="1" slack="2147483647"/>
</pin_list>
<bind>
<StgValue><ssdm name="_ssdm_op_SpecPipeline"/></StgValue>
</bind>
</comp>

<comp id="50" class="1001" name="const_50">
<pin_list>
<pin id="51" dir="1" index="0" bw="1" slack="2147483647"/>
</pin_list>
<bind>
<StgValue><ssdm name="_ssdm_op_SpecLoopTripCount"/></StgValue>
</bind>
</comp>

<comp id="52" class="1001" name="const_52">
<pin_list>
<pin id="53" dir="1" index="0" bw="1" slack="2147483647"/>
</pin_list>
<bind>
<StgValue><ssdm name=""/></StgValue>
</bind>
</comp>

<comp id="54" class="1001" name="const_54">
<pin_list>
<pin id="55" dir="1" index="0" bw="1" slack="2147483647"/>
</pin_list>
<bind>
<StgValue><ssdm name="_ssdm_op_SpecLoopName"/></StgValue>
</bind>
</comp>

<comp id="56" class="1001" name="const_56">
<pin_list>
<pin id="57" dir="1" index="0" bw="1" slack="2147483647"/>
</pin_list>
<bind>
<StgValue><ssdm name="empty_4"/></StgValue>
</bind>
</comp>

<comp id="58" class="1001" name="const_58">
<pin_list>
<pin id="59" dir="1" index="0" bw="1" slack="0"/>
</pin_list>
<bind>
<StgValue><ssdm name=""/></StgValue>
</bind>
</comp>

<comp id="60" class="1001" name="const_60">
<pin_list>
<pin id="61" dir="1" index="0" bw="1" slack="0"/>
</pin_list>
<bind>
<StgValue><ssdm name="_ssdm_op_PartSelect.i16.i32.i32.i32"/></StgValue>
</bind>
</comp>

<comp id="62" class="1001" name="const_62">
<pin_list>
<pin id="63" dir="1" index="0" bw="1" slack="0"/>
</pin_list>
<bind>
<StgValue><ssdm name=""/></StgValue>
</bind>
</comp>

<comp id="64" class="1001" name="const_64">
<pin_list>
<pin id="65" dir="1" index="0" bw="1" slack="0"/>
</pin_list>
<bind>
<StgValue><ssdm name=""/></StgValue>
</bind>
</comp>

<comp id="66" class="1004" name="idx_fu_66">
<pin_list>
<pin id="67" dir="0" index="0" bw="1" slack="0"/>
<pin id="68" dir="1" index="1" bw="13" slack="0"/>
</pin_list>
<bind>
<opcode="alloca(26) " fcode="alloca"/>
<opset="idx/1 "/>
</bind>
</comp>

<comp id="70" class="1004" name="empty_read_fu_70">
<pin_list>
<pin id="71" dir="0" index="0" bw="41" slack="0"/>
<pin id="72" dir="0" index="1" bw="32" slack="0"/>
<pin id="73" dir="0" index="2" bw="4" slack="0"/>
<pin id="74" dir="0" index="3" bw="4" slack="0"/>
<pin id="75" dir="0" index="4" bw="1" slack="0"/>
<pin id="76" dir="1" index="5" bw="41" slack="0"/>
</pin_list>
<bind>
<opcode="read(1150) " fcode="read"/>
<opset="empty/1 "/>
</bind>
</comp>

<comp id="82" class="1004" name="h_re_addr_gep_fu_82">
<pin_list>
<pin id="83" dir="0" index="0" bw="16" slack="0"/>
<pin id="84" dir="0" index="1" bw="1" slack="0"/>
<pin id="85" dir="0" index="2" bw="13" slack="0"/>
<pin id="86" dir="1" index="3" bw="10" slack="0"/>
</pin_list>
<bind>
<opcode="getelementptr(29) " fcode="getelementptr"/>
<opset="h_re_addr/2 "/>
</bind>
</comp>

<comp id="89" class="1004" name="store_ln104_access_fu_89">
<pin_list>
<pin id="90" dir="0" index="0" bw="10" slack="0"/>
<pin id="91" dir="0" index="1" bw="16" slack="0"/>
<pin id="92" dir="0" index="2" bw="0" slack="2147483647"/>
<pin id="93" dir="1" index="3" bw="16" slack="2147483647"/>
</pin_list>
<bind>
<opcode="store(28) " fcode="store"/>
<opset="store_ln104/2 "/>
</bind>
</comp>

<comp id="95" class="1004" name="h_im_addr_gep_fu_95">
<pin_list>
<pin id="96" dir="0" index="0" bw="16" slack="0"/>
<pin id="97" dir="0" index="1" bw="1" slack="0"/>
<pin id="98" dir="0" index="2" bw="13" slack="0"/>
<pin id="99" dir="1" index="3" bw="10" slack="0"/>
</pin_list>
<bind>
<opcode="getelementptr(29) " fcode="getelementptr"/>
<opset="h_im_addr/2 "/>
</bind>
</comp>

<comp id="102" class="1004" name="store_ln105_access_fu_102">
<pin_list>
<pin id="103" dir="0" index="0" bw="10" slack="0"/>
<pin id="104" dir="0" index="1" bw="16" slack="0"/>
<pin id="105" dir="0" index="2" bw="0" slack="2147483647"/>
<pin id="106" dir="1" index="3" bw="16" slack="2147483647"/>
</pin_list>
<bind>
<opcode="store(28) " fcode="store"/>
<opset="store_ln105/2 "/>
</bind>
</comp>

<comp id="108" class="1004" name="store_ln99_store_fu_108">
<pin_list>
<pin id="109" dir="0" index="0" bw="1" slack="0"/>
<pin id="110" dir="0" index="1" bw="13" slack="0"/>
<pin id="111" dir="1" index="2" bw="0" slack="2147483647"/>
</pin_list>
<bind>
<opcode="store(28) " fcode="store"/>
<opset="store_ln99/1 "/>
</bind>
</comp>

<comp id="113" class="1004" name="idx_1_load_fu_113">
<pin_list>
<pin id="114" dir="0" index="0" bw="13" slack="0"/>
<pin id="115" dir="1" index="1" bw="13" slack="0"/>
</pin_list>
<bind>
<opcode="load(27) " fcode="load"/>
<opset="idx_1/1 "/>
</bind>
</comp>

<comp id="116" class="1004" name="icmp_ln99_fu_116">
<pin_list>
<pin id="117" dir="0" index="0" bw="13" slack="0"/>
<pin id="118" dir="0" index="1" bw="13" slack="0"/>
<pin id="119" dir="1" index="2" bw="1" slack="2147483647"/>
</pin_list>
<bind>
<opcode="icmp(45) " fcode="icmp"/>
<opset="icmp_ln99/1 "/>
</bind>
</comp>

<comp id="122" class="1004" name="add_ln99_fu_122">
<pin_list>
<pin id="123" dir="0" index="0" bw="13" slack="0"/>
<pin id="124" dir="0" index="1" bw="1" slack="0"/>
<pin id="125" dir="1" index="2" bw="13" slack="0"/>
</pin_list>
<bind>
<opcode="add(8) " fcode="add"/>
<opset="add_ln99/1 "/>
</bind>
</comp>

<comp id="128" class="1004" name="w_data_fu_128">
<pin_list>
<pin id="129" dir="0" index="0" bw="41" slack="0"/>
<pin id="130" dir="1" index="1" bw="32" slack="1"/>
</pin_list>
<bind>
<opcode="extractvalue(56) " fcode="extractvalue"/>
<opset="w_data/1 "/>
</bind>
</comp>

<comp id="132" class="1004" name="tmp_fu_132">
<pin_list>
<pin id="133" dir="0" index="0" bw="3" slack="0"/>
<pin id="134" dir="0" index="1" bw="13" slack="0"/>
<pin id="135" dir="0" index="2" bw="5" slack="0"/>
<pin id="136" dir="0" index="3" bw="5" slack="0"/>
<pin id="137" dir="1" index="4" bw="3" slack="0"/>
</pin_list>
<bind>
<opcode="partselect(1002) " fcode="partselect"/>
<opset="tmp/1 "/>
</bind>
</comp>

<comp id="142" class="1004" name="icmp_ln102_fu_142">
<pin_list>
<pin id="143" dir="0" index="0" bw="3" slack="0"/>
<pin id="144" dir="0" index="1" bw="3" slack="0"/>
<pin id="145" dir="1" index="2" bw="1" slack="1"/>
</pin_list>
<bind>
<opcode="icmp(45) " fcode="icmp"/>
<opset="icmp_ln102/1 "/>
</bind>
</comp>

<comp id="148" class="1004" name="store_ln99_store_fu_148">
<pin_list>
<pin id="149" dir="0" index="0" bw="13" slack="0"/>
<pin id="150" dir="0" index="1" bw="13" slack="0"/>
<pin id="151" dir="1" index="2" bw="0" slack="2147483647"/>
</pin_list>
<bind>
<opcode="store(28) " fcode="store"/>
<opset="store_ln99/1 "/>
</bind>
</comp>

<comp id="153" class="1004" name="zext_ln99_fu_153">
<pin_list>
<pin id="154" dir="0" index="0" bw="13" slack="1"/>
<pin id="155" dir="1" index="1" bw="64" slack="0"/>
</pin_list>
<bind>
<opcode="zext(34) " fcode="zext"/>
<opset="zext_ln99/2 "/>
</bind>
</comp>

<comp id="158" class="1004" name="trunc_ln104_fu_158">
<pin_list>
<pin id="159" dir="0" index="0" bw="32" slack="1"/>
<pin id="160" dir="1" index="1" bw="16" slack="0"/>
</pin_list>
<bind>
<opcode="trunc(33) " fcode="trunc"/>
<opset="trunc_ln104/2 "/>
</bind>
</comp>

<comp id="162" class="1004" name="tmp_s_fu_162">
<pin_list>
<pin id="163" dir="0" index="0" bw="16" slack="0"/>
<pin id="164" dir="0" index="1" bw="32" slack="1"/>
<pin id="165" dir="0" index="2" bw="6" slack="0"/>
<pin id="166" dir="0" index="3" bw="6" slack="0"/>
<pin id="167" dir="1" index="4" bw="16" slack="0"/>
</pin_list>
<bind>
<opcode="partselect(1002) " fcode="partselect"/>
<opset="tmp_s/2 "/>
</bind>
</comp>

<comp id="172" class="1005" name="idx_reg_172">
<pin_list>
<pin id="173" dir="0" index="0" bw="13" slack="0"/>
<pin id="174" dir="1" index="1" bw="13" slack="0"/>
</pin_list>
<bind>
<opset="idx "/>
</bind>
</comp>

<comp id="179" class="1005" name="idx_1_reg_179">
<pin_list>
<pin id="180" dir="0" index="0" bw="13" slack="1"/>
<pin id="181" dir="1" index="1" bw="13" slack="1"/>
</pin_list>
<bind>
<opset="idx_1 "/>
</bind>
</comp>

<comp id="187" class="1005" name="w_data_reg_187">
<pin_list>
<pin id="188" dir="0" index="0" bw="32" slack="1"/>
<pin id="189" dir="1" index="1" bw="32" slack="1"/>
</pin_list>
<bind>
<opset="w_data "/>
</bind>
</comp>

<comp id="193" class="1005" name="icmp_ln102_reg_193">
<pin_list>
<pin id="194" dir="0" index="0" bw="1" slack="1"/>
<pin id="195" dir="1" index="1" bw="1" slack="2147483647"/>
</pin_list>
<bind>
<opset="icmp_ln102 "/>
</bind>
</comp>

</comp_list>

<net_list>
<net id="69"><net_src comp="12" pin="0"/><net_sink comp="66" pin=0"/></net>

<net id="77"><net_src comp="38" pin="0"/><net_sink comp="70" pin=0"/></net>

<net id="78"><net_src comp="0" pin="0"/><net_sink comp="70" pin=1"/></net>

<net id="79"><net_src comp="2" pin="0"/><net_sink comp="70" pin=2"/></net>

<net id="80"><net_src comp="4" pin="0"/><net_sink comp="70" pin=3"/></net>

<net id="81"><net_src comp="6" pin="0"/><net_sink comp="70" pin=4"/></net>

<net id="87"><net_src comp="8" pin="0"/><net_sink comp="82" pin=0"/></net>

<net id="88"><net_src comp="58" pin="0"/><net_sink comp="82" pin=1"/></net>

<net id="94"><net_src comp="82" pin="3"/><net_sink comp="89" pin=0"/></net>

<net id="100"><net_src comp="10" pin="0"/><net_sink comp="95" pin=0"/></net>

<net id="101"><net_src comp="58" pin="0"/><net_sink comp="95" pin=1"/></net>

<net id="107"><net_src comp="95" pin="3"/><net_sink comp="102" pin=0"/></net>

<net id="112"><net_src comp="32" pin="0"/><net_sink comp="108" pin=0"/></net>

<net id="120"><net_src comp="113" pin="1"/><net_sink comp="116" pin=0"/></net>

<net id="121"><net_src comp="34" pin="0"/><net_sink comp="116" pin=1"/></net>

<net id="126"><net_src comp="113" pin="1"/><net_sink comp="122" pin=0"/></net>

<net id="127"><net_src comp="36" pin="0"/><net_sink comp="122" pin=1"/></net>

<net id="131"><net_src comp="70" pin="5"/><net_sink comp="128" pin=0"/></net>

<net id="138"><net_src comp="40" pin="0"/><net_sink comp="132" pin=0"/></net>

<net id="139"><net_src comp="113" pin="1"/><net_sink comp="132" pin=1"/></net>

<net id="140"><net_src comp="42" pin="0"/><net_sink comp="132" pin=2"/></net>

<net id="141"><net_src comp="44" pin="0"/><net_sink comp="132" pin=3"/></net>

<net id="146"><net_src comp="132" pin="4"/><net_sink comp="142" pin=0"/></net>

<net id="147"><net_src comp="46" pin="0"/><net_sink comp="142" pin=1"/></net>

<net id="152"><net_src comp="122" pin="2"/><net_sink comp="148" pin=0"/></net>

<net id="156"><net_src comp="153" pin="1"/><net_sink comp="82" pin=2"/></net>

<net id="157"><net_src comp="153" pin="1"/><net_sink comp="95" pin=2"/></net>

<net id="161"><net_src comp="158" pin="1"/><net_sink comp="89" pin=1"/></net>

<net id="168"><net_src comp="60" pin="0"/><net_sink comp="162" pin=0"/></net>

<net id="169"><net_src comp="62" pin="0"/><net_sink comp="162" pin=2"/></net>

<net id="170"><net_src comp="64" pin="0"/><net_sink comp="162" pin=3"/></net>

<net id="171"><net_src comp="162" pin="4"/><net_sink comp="102" pin=1"/></net>

<net id="175"><net_src comp="66" pin="1"/><net_sink comp="172" pin=0"/></net>

<net id="176"><net_src comp="172" pin="1"/><net_sink comp="108" pin=1"/></net>

<net id="177"><net_src comp="172" pin="1"/><net_sink comp="113" pin=0"/></net>

<net id="178"><net_src comp="172" pin="1"/><net_sink comp="148" pin=1"/></net>

<net id="182"><net_src comp="113" pin="1"/><net_sink comp="179" pin=0"/></net>

<net id="183"><net_src comp="179" pin="1"/><net_sink comp="153" pin=0"/></net>

<net id="190"><net_src comp="128" pin="1"/><net_sink comp="187" pin=0"/></net>

<net id="191"><net_src comp="187" pin="1"/><net_sink comp="158" pin=0"/></net>

<net id="192"><net_src comp="187" pin="1"/><net_sink comp="162" pin=1"/></net>

<net id="196"><net_src comp="142" pin="2"/><net_sink comp="193" pin=0"/></net>

</net_list>

</model> 
---------------- Datapath Model END ------------------

* FSMD analyzer results:
  - Output states:
	Port: weight_stream_V_data_V | {}
	Port: weight_stream_V_keep_V | {}
	Port: weight_stream_V_strb_V | {}
	Port: weight_stream_V_last_V | {}
	Port: h_re | {2 }
	Port: h_im | {2 }
 - Input state : 
	Port: snr_monitor_top_Pipeline_weight_drain : weight_stream_V_data_V | {1 }
	Port: snr_monitor_top_Pipeline_weight_drain : weight_stream_V_keep_V | {1 }
	Port: snr_monitor_top_Pipeline_weight_drain : weight_stream_V_strb_V | {1 }
	Port: snr_monitor_top_Pipeline_weight_drain : weight_stream_V_last_V | {1 }
  - Chain level:
	State 1
		store_ln99 : 1
		idx_1 : 1
		icmp_ln99 : 2
		add_ln99 : 2
		br_ln99 : 3
		tmp : 2
		icmp_ln102 : 3
		br_ln102 : 4
		store_ln99 : 3
	State 2
		h_re_addr : 1
		store_ln104 : 2
		h_im_addr : 1
		store_ln105 : 2


============================================================
+ Verbose Summary: Datapath Resource usage 
============================================================

* Functional unit list:
|----------|--------------------|---------|---------|
| Operation|   Functional Unit  |    FF   |   LUT   |
|----------|--------------------|---------|---------|
|   icmp   |  icmp_ln99_fu_116  |    0    |    20   |
|          |  icmp_ln102_fu_142 |    0    |    10   |
|----------|--------------------|---------|---------|
|    add   |   add_ln99_fu_122  |    0    |    20   |
|----------|--------------------|---------|---------|
|   read   |  empty_read_fu_70  |    0    |    0    |
|----------|--------------------|---------|---------|
|extractvalue|    w_data_fu_128   |    0    |    0    |
|----------|--------------------|---------|---------|
|partselect|     tmp_fu_132     |    0    |    0    |
|          |    tmp_s_fu_162    |    0    |    0    |
|----------|--------------------|---------|---------|
|   zext   |  zext_ln99_fu_153  |    0    |    0    |
|----------|--------------------|---------|---------|
|   trunc  | trunc_ln104_fu_158 |    0    |    0    |
|----------|--------------------|---------|---------|
|   Total  |                    |    0    |    50   |
|----------|--------------------|---------|---------|

Memories:
N/A

* Register list:
+------------------+--------+
|                  |   FF   |
+------------------+--------+
|icmp_ln102_reg_193|    1   |
|   idx_1_reg_179  |   13   |
|    idx_reg_172   |   13   |
|  w_data_reg_187  |   32   |
+------------------+--------+
|       Total      |   59   |
+------------------+--------+

* Multiplexer (MUX) list: 
|--------|------|------|------|--------|
|  Comp  |  Pin | Size |  BW  | S x BW |
|--------|------|------|------|--------|
|  Total |      |      |      |    0   |
|--------|------|------|------|--------|



* Summary:
+-----------+--------+--------+
|           |   FF   |   LUT  |
+-----------+--------+--------+
|  Function |    0   |   50   |
|   Memory  |    -   |    -   |
|Multiplexer|    -   |    -   |
|  Register |   59   |    -   |
+-----------+--------+--------+
|   Total   |   59   |   50   |
+-----------+--------+--------+
