/home/samarth/Desktop/6G-RAN---AI-RIC/6g_ai_ran/subcarrier_mapping/sc_mapping/solution1/.autopilot/db/sc_mapper.pp.0.cpp:1316:7: warning: Added loop label VITIS_LOOP_1223_1:   [xilinx-label-all-loops]
      for (i = 0; i < __N - 1; ++i) {
      ^~~
      VITIS_LOOP_1223_1: 
/home/samarth/Desktop/6G-RAN---AI-RIC/6g_ai_ran/subcarrier_mapping/sc_mapping/solution1/.autopilot/db/sc_mapper.pp.0.cpp:1316:7: note: FIX-IT applied suggested code changes
/home/samarth/Desktop/6G-RAN---AI-RIC/6g_ai_ran/subcarrier_mapping/sc_mapping/solution1/.autopilot/db/sc_mapper.pp.0.cpp:2290:5: warning: Added loop label VITIS_LOOP_676_1:   [xilinx-label-all-loops]
    for (unsigned i = low; i != high; ++i) {
    ^~~
    VITIS_LOOP_676_1: 
/home/samarth/Desktop/6G-RAN---AI-RIC/6g_ai_ran/subcarrier_mapping/sc_mapping/solution1/.autopilot/db/sc_mapper.pp.0.cpp:2290:5: note: FIX-IT applied suggested code changes
/home/samarth/Desktop/6G-RAN---AI-RIC/6g_ai_ran/subcarrier_mapping/sc_mapping/solution1/.autopilot/db/sc_mapper.pp.0.cpp:2304:5: warning: Added loop label VITIS_LOOP_690_1:   [xilinx-label-all-loops]
    for (unsigned i = low; i != high; ++i) {
    ^~~
    VITIS_LOOP_690_1: 
/home/samarth/Desktop/6G-RAN---AI-RIC/6g_ai_ran/subcarrier_mapping/sc_mapping/solution1/.autopilot/db/sc_mapper.pp.0.cpp:2304:5: note: FIX-IT applied suggested code changes
/home/samarth/Desktop/6G-RAN---AI-RIC/6g_ai_ran/subcarrier_mapping/sc_mapping/solution1/.autopilot/db/sc_mapper.pp.0.cpp:2318:5: warning: Added loop label VITIS_LOOP_704_1:   [xilinx-label-all-loops]
    for (unsigned i = low; i != high; ++i) {
    ^~~
    VITIS_LOOP_704_1: 
/home/samarth/Desktop/6G-RAN---AI-RIC/6g_ai_ran/subcarrier_mapping/sc_mapping/solution1/.autopilot/db/sc_mapper.pp.0.cpp:2318:5: note: FIX-IT applied suggested code changes
/home/samarth/Desktop/6G-RAN---AI-RIC/6g_ai_ran/subcarrier_mapping/sc_mapping/solution1/.autopilot/db/sc_mapper.pp.0.cpp:3947:7: warning: Added loop label VITIS_LOOP_1247_1:   [xilinx-label-all-loops]
      for (i = 0; i < __N - 1; ++i) {
      ^~~
      VITIS_LOOP_1247_1: 
/home/samarth/Desktop/6G-RAN---AI-RIC/6g_ai_ran/subcarrier_mapping/sc_mapping/solution1/.autopilot/db/sc_mapper.pp.0.cpp:3947:7: note: FIX-IT applied suggested code changes
/home/samarth/Desktop/6G-RAN---AI-RIC/6g_ai_ran/subcarrier_mapping/sc_mapping/solution1/.autopilot/db/sc_mapper.pp.0.cpp:9134:2: warning: Added loop label VITIS_LOOP_47_1:   [xilinx-label-all-loops]
 for (int a = 0; a < 2; a++) {
 ^~~
 VITIS_LOOP_47_1: 
/home/samarth/Desktop/6G-RAN---AI-RIC/6g_ai_ran/subcarrier_mapping/sc_mapping/solution1/.autopilot/db/sc_mapper.pp.0.cpp:9134:2: note: FIX-IT applied suggested code changes
/home/samarth/Desktop/6G-RAN---AI-RIC/6g_ai_ran/subcarrier_mapping/sc_mapping/solution1/.autopilot/db/sc_mapper.pp.0.cpp:9144:13: warning: Added loop label VITIS_LOOP_57_2:   [xilinx-label-all-loops]
            for (int a = 0; a < 2; a++) {
            ^~~
            VITIS_LOOP_57_2: 
/home/samarth/Desktop/6G-RAN---AI-RIC/6g_ai_ran/subcarrier_mapping/sc_mapping/solution1/.autopilot/db/sc_mapper.pp.0.cpp:9144:13: note: FIX-IT applied suggested code changes
