

================================================================
== Vitis HLS Report for 'sc_mapper_rx'
================================================================
* Date:           Sun Mar  1 14:11:07 2026

* Version:        2024.1 (Build 5069499 on May 21 2024)
* Project:        sc_mapping
* Solution:       solution1 (Vivado IP Flow Target)
* Product family: zynquplus
* Target device:  xczu7ev-ffvc1156-2-e


================================================================
== Performance Estimates
================================================================
+ Timing: 
    * Summary: 
    +--------+---------+----------+------------+
    |  Clock |  Target | Estimated| Uncertainty|
    +--------+---------+----------+------------+
    |ap_clk  |  3.53 ns|  2.508 ns|     0.95 ns|
    +--------+---------+----------+------------+

+ Latency: 
    * Summary: 
    +---------+---------+----------+----------+------+------+-----------------------------------------------+
    |  Latency (cycles) |  Latency (absolute) |   Interval  |                    Pipeline                   |
    |   min   |   max   |    min   |    max   |  min |  max |                      Type                     |
    +---------+---------+----------+----------+------+------+-----------------------------------------------+
    |     1028|     1028|  3.629 us|  3.629 us|  1024|  1024|  loop auto-rewind stp(delay=1 clock cycles(s))|
    +---------+---------+----------+----------+------+------+-----------------------------------------------+

    + Detail: 
        * Instance: 
        N/A

        * Loop: 
        +-------------+---------+---------+----------+-----------+-----------+------+----------+
        |             |  Latency (cycles) | Iteration|  Initiation Interval  | Trip |          |
        |  Loop Name  |   min   |   max   |  Latency |  achieved |   target  | Count| Pipelined|
        +-------------+---------+---------+----------+-----------+-----------+------+----------+
        |- scan_loop  |     1026|     1026|         4|          1|          1|  1024|       yes|
        +-------------+---------+---------+----------+-----------+-----------+------+----------+

============================================================
+ Verbose Summary: Synthesis Manager
============================================================
InlineROM: 1
ExposeGlobal: 0
============================================================
+ Verbose Summary: CDFG Model
============================================================
IsTopModel: 1
ResetActiveHigh: 1
IsCombinational: 0
IsDatapathOnly: 0
HasWiredReturn: 1
HasMFsm: 2
HasVarLatency: 1
IsPipeline: 0
IsRtlPipelined: 0
IsInstanceOverlapped: 0
IsDontTouch: 0
HasImplIP: 0
IsGatedGlobalClock: 0

+ Individual pipeline summary: 
  * Pipeline-0: initiation interval (II) = 1, depth = 4


============================================================
+ Verbose Summary: Schedule
============================================================
* Number of FSM states : 4
* Pipeline : 1
  Pipeline-0 : II = 1, D = 4, States = { 1 2 3 4 }
* Dataflow Pipeline: 0

* FSM state transitions: 
1 --> 2 
2 --> 3 
3 --> 4 
4 --> 

* FSM state operations: 

State 1 <SV = 0> <Delay = 1.64>
ST_1 : Operation 7 [1/1] (0.00ns)   --->   "%k2 = alloca i32 1"   --->   Operation 7 'alloca' 'k2' <Predicate = true> <Delay = 0.00>
ST_1 : Operation 8 [1/1] (0.00ns)   --->   "%d1 = alloca i32 1"   --->   Operation 8 'alloca' 'd1' <Predicate = true> <Delay = 0.00>
ST_1 : Operation 9 [1/1] (0.00ns)   --->   "%next_idx3 = alloca i32 1"   --->   Operation 9 'alloca' 'next_idx3' <Predicate = true> <Delay = 0.00>
ST_1 : Operation 10 [1/1] (0.00ns)   --->   "%spectopmodule_ln18 = spectopmodule void @_ssdm_op_SpecTopModule, void @empty_6" [sc_mapper.cpp:18]   --->   Operation 10 'spectopmodule' 'spectopmodule_ln18' <Predicate = true> <Delay = 0.00>
ST_1 : Operation 11 [1/1] (0.00ns)   --->   "%specinterface_ln18 = specinterface void @_ssdm_op_SpecInterface, i32 0, void @empty_7, i32 0, i32 0, void @empty_1, i32 0, i32 0, void @empty_1, void @empty_1, void @empty_1, i32 0, i32 0, i32 0, i32 0, void @empty_1, void @empty_1, i32 4294967295, i32 0, i32 0" [sc_mapper.cpp:18]   --->   Operation 11 'specinterface' 'specinterface_ln18' <Predicate = true> <Delay = 0.00>
ST_1 : Operation 12 [1/1] (0.00ns)   --->   "%specinterface_ln0 = specinterface void @_ssdm_op_SpecInterface, i32 %fft_in_0_V_data_V, i4 %fft_in_0_V_keep_V, i4 %fft_in_0_V_strb_V, i1 %fft_in_0_V_last_V, void @empty, i32 1, i32 1, void @empty_0, i32 0, i32 0, void @empty_1, void @empty_1, void @empty_1, i32 0, i32 0, i32 0, i32 0, void @empty_1, void @empty_1, i32 4294967295, i32 0, i32 0"   --->   Operation 12 'specinterface' 'specinterface_ln0' <Predicate = true> <Delay = 0.00>
ST_1 : Operation 13 [1/1] (0.00ns)   --->   "%specbitsmap_ln0 = specbitsmap void @_ssdm_op_SpecBitsMap, i32 %fft_in_0_V_data_V"   --->   Operation 13 'specbitsmap' 'specbitsmap_ln0' <Predicate = true> <Delay = 0.00>
ST_1 : Operation 14 [1/1] (0.00ns)   --->   "%specbitsmap_ln0 = specbitsmap void @_ssdm_op_SpecBitsMap, i4 %fft_in_0_V_keep_V"   --->   Operation 14 'specbitsmap' 'specbitsmap_ln0' <Predicate = true> <Delay = 0.00>
ST_1 : Operation 15 [1/1] (0.00ns)   --->   "%specbitsmap_ln0 = specbitsmap void @_ssdm_op_SpecBitsMap, i4 %fft_in_0_V_strb_V"   --->   Operation 15 'specbitsmap' 'specbitsmap_ln0' <Predicate = true> <Delay = 0.00>
ST_1 : Operation 16 [1/1] (0.00ns)   --->   "%specbitsmap_ln0 = specbitsmap void @_ssdm_op_SpecBitsMap, i1 %fft_in_0_V_last_V"   --->   Operation 16 'specbitsmap' 'specbitsmap_ln0' <Predicate = true> <Delay = 0.00>
ST_1 : Operation 17 [1/1] (0.00ns)   --->   "%specinterface_ln0 = specinterface void @_ssdm_op_SpecInterface, i32 %fft_in_1_V_data_V, i4 %fft_in_1_V_keep_V, i4 %fft_in_1_V_strb_V, i1 %fft_in_1_V_last_V, void @empty, i32 1, i32 1, void @empty_0, i32 0, i32 0, void @empty_1, void @empty_1, void @empty_1, i32 0, i32 0, i32 0, i32 0, void @empty_1, void @empty_1, i32 4294967295, i32 0, i32 0"   --->   Operation 17 'specinterface' 'specinterface_ln0' <Predicate = true> <Delay = 0.00>
ST_1 : Operation 18 [1/1] (0.00ns)   --->   "%specbitsmap_ln0 = specbitsmap void @_ssdm_op_SpecBitsMap, i32 %fft_in_1_V_data_V"   --->   Operation 18 'specbitsmap' 'specbitsmap_ln0' <Predicate = true> <Delay = 0.00>
ST_1 : Operation 19 [1/1] (0.00ns)   --->   "%specbitsmap_ln0 = specbitsmap void @_ssdm_op_SpecBitsMap, i4 %fft_in_1_V_keep_V"   --->   Operation 19 'specbitsmap' 'specbitsmap_ln0' <Predicate = true> <Delay = 0.00>
ST_1 : Operation 20 [1/1] (0.00ns)   --->   "%specbitsmap_ln0 = specbitsmap void @_ssdm_op_SpecBitsMap, i4 %fft_in_1_V_strb_V"   --->   Operation 20 'specbitsmap' 'specbitsmap_ln0' <Predicate = true> <Delay = 0.00>
ST_1 : Operation 21 [1/1] (0.00ns)   --->   "%specbitsmap_ln0 = specbitsmap void @_ssdm_op_SpecBitsMap, i1 %fft_in_1_V_last_V"   --->   Operation 21 'specbitsmap' 'specbitsmap_ln0' <Predicate = true> <Delay = 0.00>
ST_1 : Operation 22 [1/1] (0.00ns)   --->   "%specinterface_ln0 = specinterface void @_ssdm_op_SpecInterface, i32 %data_out_0_V_data_V, i4 %data_out_0_V_keep_V, i4 %data_out_0_V_strb_V, i1 %data_out_0_V_last_V, void @empty, i32 1, i32 1, void @empty_0, i32 0, i32 0, void @empty_1, void @empty_1, void @empty_1, i32 0, i32 0, i32 0, i32 0, void @empty_1, void @empty_1, i32 4294967295, i32 0, i32 0"   --->   Operation 22 'specinterface' 'specinterface_ln0' <Predicate = true> <Delay = 0.00>
ST_1 : Operation 23 [1/1] (0.00ns)   --->   "%specbitsmap_ln0 = specbitsmap void @_ssdm_op_SpecBitsMap, i32 %data_out_0_V_data_V"   --->   Operation 23 'specbitsmap' 'specbitsmap_ln0' <Predicate = true> <Delay = 0.00>
ST_1 : Operation 24 [1/1] (0.00ns)   --->   "%specbitsmap_ln0 = specbitsmap void @_ssdm_op_SpecBitsMap, i4 %data_out_0_V_keep_V"   --->   Operation 24 'specbitsmap' 'specbitsmap_ln0' <Predicate = true> <Delay = 0.00>
ST_1 : Operation 25 [1/1] (0.00ns)   --->   "%specbitsmap_ln0 = specbitsmap void @_ssdm_op_SpecBitsMap, i4 %data_out_0_V_strb_V"   --->   Operation 25 'specbitsmap' 'specbitsmap_ln0' <Predicate = true> <Delay = 0.00>
ST_1 : Operation 26 [1/1] (0.00ns)   --->   "%specbitsmap_ln0 = specbitsmap void @_ssdm_op_SpecBitsMap, i1 %data_out_0_V_last_V"   --->   Operation 26 'specbitsmap' 'specbitsmap_ln0' <Predicate = true> <Delay = 0.00>
ST_1 : Operation 27 [1/1] (0.00ns)   --->   "%specinterface_ln0 = specinterface void @_ssdm_op_SpecInterface, i32 %data_out_1_V_data_V, i4 %data_out_1_V_keep_V, i4 %data_out_1_V_strb_V, i1 %data_out_1_V_last_V, void @empty, i32 1, i32 1, void @empty_0, i32 0, i32 0, void @empty_1, void @empty_1, void @empty_1, i32 0, i32 0, i32 0, i32 0, void @empty_1, void @empty_1, i32 4294967295, i32 0, i32 0"   --->   Operation 27 'specinterface' 'specinterface_ln0' <Predicate = true> <Delay = 0.00>
ST_1 : Operation 28 [1/1] (0.00ns)   --->   "%specbitsmap_ln0 = specbitsmap void @_ssdm_op_SpecBitsMap, i32 %data_out_1_V_data_V"   --->   Operation 28 'specbitsmap' 'specbitsmap_ln0' <Predicate = true> <Delay = 0.00>
ST_1 : Operation 29 [1/1] (0.00ns)   --->   "%specbitsmap_ln0 = specbitsmap void @_ssdm_op_SpecBitsMap, i4 %data_out_1_V_keep_V"   --->   Operation 29 'specbitsmap' 'specbitsmap_ln0' <Predicate = true> <Delay = 0.00>
ST_1 : Operation 30 [1/1] (0.00ns)   --->   "%specbitsmap_ln0 = specbitsmap void @_ssdm_op_SpecBitsMap, i4 %data_out_1_V_strb_V"   --->   Operation 30 'specbitsmap' 'specbitsmap_ln0' <Predicate = true> <Delay = 0.00>
ST_1 : Operation 31 [1/1] (0.00ns)   --->   "%specbitsmap_ln0 = specbitsmap void @_ssdm_op_SpecBitsMap, i1 %data_out_1_V_last_V"   --->   Operation 31 'specbitsmap' 'specbitsmap_ln0' <Predicate = true> <Delay = 0.00>
ST_1 : Operation 32 [1/1] (0.00ns)   --->   "%specaxissidechannel_ln39 = specaxissidechannel void @_ssdm_op_SpecAXISSideChannel, i32 %data_out_1_V_data_V, i4 %data_out_1_V_keep_V, i4 %data_out_1_V_strb_V, i1 0, i1 %data_out_1_V_last_V, i1 0, i1 0, void @empty_2" [sc_mapper.cpp:39]   --->   Operation 32 'specaxissidechannel' 'specaxissidechannel_ln39' <Predicate = true> <Delay = 0.00>
ST_1 : Operation 33 [1/1] (0.00ns)   --->   "%specaxissidechannel_ln39 = specaxissidechannel void @_ssdm_op_SpecAXISSideChannel, i32 %data_out_0_V_data_V, i4 %data_out_0_V_keep_V, i4 %data_out_0_V_strb_V, i1 0, i1 %data_out_0_V_last_V, i1 0, i1 0, void @empty_3" [sc_mapper.cpp:39]   --->   Operation 33 'specaxissidechannel' 'specaxissidechannel_ln39' <Predicate = true> <Delay = 0.00>
ST_1 : Operation 34 [1/1] (0.00ns)   --->   "%specaxissidechannel_ln39 = specaxissidechannel void @_ssdm_op_SpecAXISSideChannel, i32 %fft_in_1_V_data_V, i4 %fft_in_1_V_keep_V, i4 %fft_in_1_V_strb_V, i1 0, i1 %fft_in_1_V_last_V, i1 0, i1 0, void @empty_4" [sc_mapper.cpp:39]   --->   Operation 34 'specaxissidechannel' 'specaxissidechannel_ln39' <Predicate = true> <Delay = 0.00>
ST_1 : Operation 35 [1/1] (0.00ns)   --->   "%specaxissidechannel_ln39 = specaxissidechannel void @_ssdm_op_SpecAXISSideChannel, i32 %fft_in_0_V_data_V, i4 %fft_in_0_V_keep_V, i4 %fft_in_0_V_strb_V, i1 0, i1 %fft_in_0_V_last_V, i1 0, i1 0, void @empty_5" [sc_mapper.cpp:39]   --->   Operation 35 'specaxissidechannel' 'specaxissidechannel_ln39' <Predicate = true> <Delay = 0.00>
ST_1 : Operation 36 [1/1] (0.47ns)   --->   "%store_ln0 = store i10 212, i10 %next_idx3"   --->   Operation 36 'store' 'store_ln0' <Predicate = true> <Delay = 0.47>
ST_1 : Operation 37 [1/1] (0.42ns)   --->   "%store_ln0 = store i32 0, i32 %d1"   --->   Operation 37 'store' 'store_ln0' <Predicate = true> <Delay = 0.42>
ST_1 : Operation 38 [1/1] (0.42ns)   --->   "%store_ln0 = store i10 0, i10 %k2"   --->   Operation 38 'store' 'store_ln0' <Predicate = true> <Delay = 0.42>
ST_1 : Operation 39 [1/1] (0.00ns)   --->   "%br_ln39 = br void %VITIS_LOOP_47_1.split" [sc_mapper.cpp:39]   --->   Operation 39 'br' 'br_ln39' <Predicate = true> <Delay = 0.00>
ST_1 : Operation 40 [1/1] (0.00ns)   --->   "%k2_load = load i10 %k2" [sc_mapper.cpp:39]   --->   Operation 40 'load' 'k2_load' <Predicate = true> <Delay = 0.00>
ST_1 : Operation 41 [1/1] (0.07ns)   --->   "%empty = read i41 @_ssdm_op_Read.axis.volatile.i32P0A.i4P0A.i4P0A.i1P0A, i32 %fft_in_0_V_data_V, i4 %fft_in_0_V_keep_V, i4 %fft_in_0_V_strb_V, i1 %fft_in_0_V_last_V" [sc_mapper.cpp:49]   --->   Operation 41 'read' 'empty' <Predicate = true> <Delay = 0.07> <CoreInst = "regslice">   --->   Core 148 'regslice' <Latency = 0> <II = 1> <Delay = 0.65> <Adapter> <Opcode : 'read' 'write'>
ST_1 : Operation 42 [1/1] (0.00ns)   --->   "%out_data = extractvalue i41 %empty" [sc_mapper.cpp:49]   --->   Operation 42 'extractvalue' 'out_data' <Predicate = true> <Delay = 0.00>
ST_1 : Operation 43 [1/1] (0.00ns)   --->   "%out_strb = extractvalue i41 %empty" [sc_mapper.cpp:49]   --->   Operation 43 'extractvalue' 'out_strb' <Predicate = true> <Delay = 0.00>
ST_1 : Operation 44 [1/1] (0.07ns)   --->   "%empty_11 = read i41 @_ssdm_op_Read.axis.volatile.i32P0A.i4P0A.i4P0A.i1P0A, i32 %fft_in_1_V_data_V, i4 %fft_in_1_V_keep_V, i4 %fft_in_1_V_strb_V, i1 %fft_in_1_V_last_V" [sc_mapper.cpp:49]   --->   Operation 44 'read' 'empty_11' <Predicate = true> <Delay = 0.07> <CoreInst = "regslice">   --->   Core 148 'regslice' <Latency = 0> <II = 1> <Delay = 0.65> <Adapter> <Opcode : 'read' 'write'>
ST_1 : Operation 45 [1/1] (0.00ns)   --->   "%out_data_1 = extractvalue i41 %empty_11" [sc_mapper.cpp:49]   --->   Operation 45 'extractvalue' 'out_data_1' <Predicate = true> <Delay = 0.00>
ST_1 : Operation 46 [1/1] (0.00ns)   --->   "%out_strb_1 = extractvalue i41 %empty_11" [sc_mapper.cpp:49]   --->   Operation 46 'extractvalue' 'out_strb_1' <Predicate = true> <Delay = 0.00>
ST_1 : Operation 47 [1/1] (0.78ns)   --->   "%k = add i10 %k2_load, i10 1" [sc_mapper.cpp:39]   --->   Operation 47 'add' 'k' <Predicate = true> <Delay = 0.78> <CoreInst = "Adder">   --->   Core 1 'Adder' <Latency = 0> <II = 1> <Delay = 0.78> <FuncUnit> <Opcode : 'add' 'sub'> <InPorts = 2> <OutPorts = 1>
ST_1 : Operation 48 [1/1] (0.78ns)   --->   "%icmp_ln39 = icmp_eq  i10 %k2_load, i10 1023" [sc_mapper.cpp:39]   --->   Operation 48 'icmp' 'icmp_ln39' <Predicate = true> <Delay = 0.78> <CoreInst = "Cmp">   --->   Core 9 'Cmp' <Latency = 0> <II = 1> <Delay = 0.78> <FuncUnit> <Opcode : 'seteq' 'setne' 'setle' 'setge' 'setlt' 'setgt'> <InPorts = 2> <OutPorts = 1>
ST_1 : Operation 49 [1/1] (0.42ns)   --->   "%store_ln39 = store i10 %k, i10 %k2" [sc_mapper.cpp:39]   --->   Operation 49 'store' 'store_ln39' <Predicate = true> <Delay = 0.42>
ST_1 : Operation 50 [1/1] (0.00ns)   --->   "%br_ln39 = br i1 %icmp_ln39, void %VITIS_LOOP_47_1.split, void %for.end33" [sc_mapper.cpp:39]   --->   Operation 50 'br' 'br_ln39' <Predicate = true> <Delay = 0.00>

State 2 <SV = 1> <Delay = 2.50>
ST_2 : Operation 51 [1/1] (0.00ns)   --->   "%d1_load = load i32 %d1" [sc_mapper.cpp:64]   --->   Operation 51 'load' 'd1_load' <Predicate = true> <Delay = 0.00>
ST_2 : Operation 52 [1/1] (0.00ns)   --->   "%next_idx3_load = load i10 %next_idx3" [sc_mapper.cpp:53]   --->   Operation 52 'load' 'next_idx3_load' <Predicate = true> <Delay = 0.00>
ST_2 : Operation 53 [1/1] (0.00ns)   --->   "%specpipeline_ln41 = specpipeline void @_ssdm_op_SpecPipeline, i32 1, i32 0, i32 0, i32 0, void @empty_1" [sc_mapper.cpp:41]   --->   Operation 53 'specpipeline' 'specpipeline_ln41' <Predicate = true> <Delay = 0.00>
ST_2 : Operation 54 [1/1] (0.00ns)   --->   "%speclooptripcount_ln36 = speclooptripcount void @_ssdm_op_SpecLoopTripCount, i64 1024, i64 1024, i64 1024" [sc_mapper.cpp:36]   --->   Operation 54 'speclooptripcount' 'speclooptripcount_ln36' <Predicate = true> <Delay = 0.00>
ST_2 : Operation 55 [1/1] (0.00ns)   --->   "%specloopname_ln39 = specloopname void @_ssdm_op_SpecLoopName, void @empty_8" [sc_mapper.cpp:39]   --->   Operation 55 'specloopname' 'specloopname_ln39' <Predicate = true> <Delay = 0.00>
ST_2 : Operation 56 [1/1] (1.01ns)   --->   "%icmp_ln53 = icmp_slt  i32 %d1_load, i32 499" [sc_mapper.cpp:53]   --->   Operation 56 'icmp' 'icmp_ln53' <Predicate = true> <Delay = 1.01> <CoreInst = "Cmp">   --->   Core 9 'Cmp' <Latency = 0> <II = 1> <Delay = 1.01> <FuncUnit> <Opcode : 'seteq' 'setne' 'setle' 'setge' 'setlt' 'setgt'> <InPorts = 2> <OutPorts = 1>
ST_2 : Operation 57 [1/1] (0.78ns)   --->   "%icmp_ln53_1 = icmp_eq  i10 %k2_load, i10 %next_idx3_load" [sc_mapper.cpp:53]   --->   Operation 57 'icmp' 'icmp_ln53_1' <Predicate = true> <Delay = 0.78> <CoreInst = "Cmp">   --->   Core 9 'Cmp' <Latency = 0> <II = 1> <Delay = 0.78> <FuncUnit> <Opcode : 'seteq' 'setne' 'setle' 'setge' 'setlt' 'setgt'> <InPorts = 2> <OutPorts = 1>
ST_2 : Operation 58 [1/1] (0.28ns)   --->   "%is_data = and i1 %icmp_ln53, i1 %icmp_ln53_1" [sc_mapper.cpp:53]   --->   Operation 58 'and' 'is_data' <Predicate = true> <Delay = 0.28> <CoreInst = "LogicGate">   --->   Core 74 'LogicGate' <Latency = 0> <II = 1> <Delay = 0.28> <FuncUnit> <Opcode : 'and' 'or' 'xor'> <InPorts = 2> <OutPorts = 1>
ST_2 : Operation 59 [1/1] (0.00ns)   --->   "%br_ln55 = br i1 %is_data, void %for.inc31, void %VITIS_LOOP_57_2" [sc_mapper.cpp:55]   --->   Operation 59 'br' 'br_ln55' <Predicate = true> <Delay = 0.00>
ST_2 : Operation 60 [1/1] (1.01ns)   --->   "%is_last = icmp_eq  i32 %d1_load, i32 498" [sc_mapper.cpp:56]   --->   Operation 60 'icmp' 'is_last' <Predicate = (is_data)> <Delay = 1.01> <CoreInst = "Cmp">   --->   Core 9 'Cmp' <Latency = 0> <II = 1> <Delay = 1.01> <FuncUnit> <Opcode : 'seteq' 'setne' 'setle' 'setge' 'setlt' 'setgt'> <InPorts = 2> <OutPorts = 1>
ST_2 : Operation 61 [1/1] (1.01ns)   --->   "%d = add i32 %d1_load, i32 1" [sc_mapper.cpp:64]   --->   Operation 61 'add' 'd' <Predicate = (is_data)> <Delay = 1.01> <CoreInst = "Adder">   --->   Core 1 'Adder' <Latency = 0> <II = 1> <Delay = 1.01> <FuncUnit> <Opcode : 'add' 'sub'> <InPorts = 2> <OutPorts = 1>
ST_2 : Operation 62 [1/1] (1.01ns)   --->   "%icmp_ln68 = icmp_slt  i32 %d, i32 499" [sc_mapper.cpp:68]   --->   Operation 62 'icmp' 'icmp_ln68' <Predicate = (is_data)> <Delay = 1.01> <CoreInst = "Cmp">   --->   Core 9 'Cmp' <Latency = 0> <II = 1> <Delay = 1.01> <FuncUnit> <Opcode : 'seteq' 'setne' 'setle' 'setge' 'setlt' 'setgt'> <InPorts = 2> <OutPorts = 1>
ST_2 : Operation 63 [1/1] (0.42ns)   --->   "%store_ln64 = store i32 %d, i32 %d1" [sc_mapper.cpp:64]   --->   Operation 63 'store' 'store_ln64' <Predicate = (is_data)> <Delay = 0.42>
ST_2 : Operation 64 [1/1] (0.00ns)   --->   "%br_ln68 = br i1 %icmp_ln68, void %VITIS_LOOP_57_2.for.inc31_crit_edge, void %cond.true26" [sc_mapper.cpp:68]   --->   Operation 64 'br' 'br_ln68' <Predicate = (is_data)> <Delay = 0.00>
ST_2 : Operation 65 [1/1] (0.47ns)   --->   "%store_ln0 = store i10 1023, i10 %next_idx3"   --->   Operation 65 'store' 'store_ln0' <Predicate = (is_data & !icmp_ln68)> <Delay = 0.47>
ST_2 : Operation 66 [1/1] (0.00ns)   --->   "%br_ln68 = br void %for.inc31" [sc_mapper.cpp:68]   --->   Operation 66 'br' 'br_ln68' <Predicate = (is_data & !icmp_ln68)> <Delay = 0.00>
ST_2 : Operation 67 [1/1] (0.00ns)   --->   "%zext_ln68 = zext i32 %d" [sc_mapper.cpp:68]   --->   Operation 67 'zext' 'zext_ln68' <Predicate = (is_data & icmp_ln68)> <Delay = 0.00>
ST_2 : Operation 68 [1/1] (0.00ns)   --->   "%DATA_SC_IDX_addr = getelementptr i10 %DATA_SC_IDX, i64 0, i64 %zext_ln68" [sc_mapper.cpp:68]   --->   Operation 68 'getelementptr' 'DATA_SC_IDX_addr' <Predicate = (is_data & icmp_ln68)> <Delay = 0.00>
ST_2 : Operation 69 [2/2] (1.23ns)   --->   "%DATA_SC_IDX_load = load i9 %DATA_SC_IDX_addr" [sc_mapper.cpp:68]   --->   Operation 69 'load' 'DATA_SC_IDX_load' <Predicate = (is_data & icmp_ln68)> <Delay = 1.23> <CoreInst = "ROM">   --->   Core 100 'ROM' <Latency = 1> <II = 1> <Delay = 1.23> <Storage> <Opcode : 'load'> <Ports = 0> <Width = 10> <Depth = 499> <ROM>

State 3 <SV = 2> <Delay = 1.71>
ST_3 : Operation 70 [2/2] (0.49ns)   --->   "%write_ln62 = write void @_ssdm_op_Write.axis.volatile.i32P0A.i4P0A.i4P0A.i1P0A, i32 %data_out_0_V_data_V, i4 %data_out_0_V_keep_V, i4 %data_out_0_V_strb_V, i1 %data_out_0_V_last_V, i32 %out_data, i4 15, i4 %out_strb, i1 %is_last" [sc_mapper.cpp:62]   --->   Operation 70 'write' 'write_ln62' <Predicate = (is_data)> <Delay = 0.49> <CoreInst = "regslice">   --->   Core 148 'regslice' <Latency = 0> <II = 1> <Delay = 0.65> <Adapter> <Opcode : 'read' 'write'>
ST_3 : Operation 71 [2/2] (0.49ns)   --->   "%write_ln62 = write void @_ssdm_op_Write.axis.volatile.i32P0A.i4P0A.i4P0A.i1P0A, i32 %data_out_1_V_data_V, i4 %data_out_1_V_keep_V, i4 %data_out_1_V_strb_V, i1 %data_out_1_V_last_V, i32 %out_data_1, i4 15, i4 %out_strb_1, i1 %is_last" [sc_mapper.cpp:62]   --->   Operation 71 'write' 'write_ln62' <Predicate = (is_data)> <Delay = 0.49> <CoreInst = "regslice">   --->   Core 148 'regslice' <Latency = 0> <II = 1> <Delay = 0.65> <Adapter> <Opcode : 'read' 'write'>
ST_3 : Operation 72 [1/2] (1.23ns)   --->   "%DATA_SC_IDX_load = load i9 %DATA_SC_IDX_addr" [sc_mapper.cpp:68]   --->   Operation 72 'load' 'DATA_SC_IDX_load' <Predicate = (is_data & icmp_ln68)> <Delay = 1.23> <CoreInst = "ROM">   --->   Core 100 'ROM' <Latency = 1> <II = 1> <Delay = 1.23> <Storage> <Opcode : 'load'> <Ports = 0> <Width = 10> <Depth = 499> <ROM>
ST_3 : Operation 73 [1/1] (0.47ns)   --->   "%store_ln68 = store i10 %DATA_SC_IDX_load, i10 %next_idx3" [sc_mapper.cpp:68]   --->   Operation 73 'store' 'store_ln68' <Predicate = (is_data & icmp_ln68)> <Delay = 0.47>
ST_3 : Operation 74 [1/1] (0.00ns)   --->   "%br_ln68 = br void %for.inc31" [sc_mapper.cpp:68]   --->   Operation 74 'br' 'br_ln68' <Predicate = (is_data & icmp_ln68)> <Delay = 0.00>

State 4 <SV = 3> <Delay = 0.49>
ST_4 : Operation 75 [1/2] (0.49ns)   --->   "%write_ln62 = write void @_ssdm_op_Write.axis.volatile.i32P0A.i4P0A.i4P0A.i1P0A, i32 %data_out_0_V_data_V, i4 %data_out_0_V_keep_V, i4 %data_out_0_V_strb_V, i1 %data_out_0_V_last_V, i32 %out_data, i4 15, i4 %out_strb, i1 %is_last" [sc_mapper.cpp:62]   --->   Operation 75 'write' 'write_ln62' <Predicate = (is_data)> <Delay = 0.49> <CoreInst = "regslice">   --->   Core 148 'regslice' <Latency = 0> <II = 1> <Delay = 0.65> <Adapter> <Opcode : 'read' 'write'>
ST_4 : Operation 76 [1/2] (0.49ns)   --->   "%write_ln62 = write void @_ssdm_op_Write.axis.volatile.i32P0A.i4P0A.i4P0A.i1P0A, i32 %data_out_1_V_data_V, i4 %data_out_1_V_keep_V, i4 %data_out_1_V_strb_V, i1 %data_out_1_V_last_V, i32 %out_data_1, i4 15, i4 %out_strb_1, i1 %is_last" [sc_mapper.cpp:62]   --->   Operation 76 'write' 'write_ln62' <Predicate = (is_data)> <Delay = 0.49> <CoreInst = "regslice">   --->   Core 148 'regslice' <Latency = 0> <II = 1> <Delay = 0.65> <Adapter> <Opcode : 'read' 'write'>
ST_4 : Operation 77 [1/1] (0.42ns)   --->   "%ret_ln71 = ret" [sc_mapper.cpp:71]   --->   Operation 77 'ret' 'ret_ln71' <Predicate = (icmp_ln39)> <Delay = 0.42>


============================================================
+ Verbose Summary: Timing violations
============================================================
Target clock period: 3.530ns, clock uncertainty: 0.953ns.

 <State 1>: 1.641ns
The critical path consists of the following:
	'store' operation 0 bit ('store_ln0') of constant 0 on local variable 'k2' [49]  (0.427 ns)
	'load' operation 10 bit ('k2_load', sc_mapper.cpp:39) on local variable 'k2' [52]  (0.000 ns)
	'add' operation 10 bit ('k', sc_mapper.cpp:39) [67]  (0.787 ns)
	'store' operation 0 bit ('store_ln39', sc_mapper.cpp:39) of variable 'k', sc_mapper.cpp:39 on local variable 'k2' [88]  (0.427 ns)

 <State 2>: 2.508ns
The critical path consists of the following:
	'load' operation 32 bit ('d1_load', sc_mapper.cpp:64) on local variable 'd1' [53]  (0.000 ns)
	'add' operation 32 bit ('d', sc_mapper.cpp:64) [73]  (1.016 ns)
	'getelementptr' operation 9 bit ('DATA_SC_IDX_addr', sc_mapper.cpp:68) [82]  (0.000 ns)
	'load' operation 10 bit ('DATA_SC_IDX_load', sc_mapper.cpp:68) on array 'DATA_SC_IDX' [83]  (1.237 ns)
	blocking operation 0.255 ns on control path)

 <State 3>: 1.713ns
The critical path consists of the following:
	'load' operation 10 bit ('DATA_SC_IDX_load', sc_mapper.cpp:68) on array 'DATA_SC_IDX' [83]  (1.237 ns)
	'store' operation 0 bit ('store_ln68', sc_mapper.cpp:68) of variable 'DATA_SC_IDX_load', sc_mapper.cpp:68 on local variable 'next_idx3' [84]  (0.476 ns)

 <State 4>: 0.497ns
The critical path consists of the following:
	axis write operation ('write_ln62', sc_mapper.cpp:62) on port 'data_out_0_V_data_V' (sc_mapper.cpp:62) [71]  (0.497 ns)


============================================================
+ Verbose Summary: Binding
============================================================
N/A
* FSMD analyzer results:
  - Output states:
 - Input state : 
  - Chain level:
	State 1
	State 2
	State 3
	State 4


============================================================
+ Verbose Summary: Datapath Resource usage 
============================================================
N/A
