==============================================================
Vitis HLS - High-Level Synthesis from C, C++ and OpenCL v2024.1 (64-bit)
Tool Version Limit: 2024.05
Copyright 1986-2022 Xilinx, Inc. All Rights Reserved.
Copyright 2022-2024 Advanced Micro Devices, Inc. All Rights Reserved.

==============================================================
INFO: [SYN 201-201] Setting up clock 'default' with a period of 3.33ns.
INFO: [HLS 200-1611] Setting target device to 'xczu7ev-ffvc1156-2-e'
INFO: [HLS 200-1505] Using flow_target 'vivado'
INFO: [HLS 200-1510] Running: set_part xczu7ev-ffvc1156-2-e 
INFO: [HLS 200-1510] Running: create_clock -period 3.33 -name default 
INFO: [SYN 201-201] Setting up clock 'default' with a period of 3.33ns.
INFO: [HLS 200-1510] Running: csim_design -quiet 
INFO: [SIM 211-2] *************** CSIM start ***************
INFO: [SIM 211-4] CSIM will launch CLANG as the compiler.
INFO: [HLS 200-2036] Building debug C Simulation binaries
INFO: [SIM 211-1] CSim done with 0 errors.
INFO: [SIM 211-3] *************** CSIM finish ***************
INFO: [HLS 200-2161] Finished Command csim_design Elapsed time: 00:00:01; Allocated memory: 0.000 MB.
==============================================================
Vitis HLS - High-Level Synthesis from C, C++ and OpenCL v2024.1 (64-bit)
Tool Version Limit: 2024.05
Copyright 1986-2022 Xilinx, Inc. All Rights Reserved.
Copyright 2022-2024 Advanced Micro Devices, Inc. All Rights Reserved.

==============================================================
INFO: [SYN 201-201] Setting up clock 'default' with a period of 3.33ns.
INFO: [HLS 200-1611] Setting target device to 'xczu7ev-ffvc1156-2-e'
INFO: [HLS 200-1505] Using flow_target 'vivado'
INFO: [HLS 200-1510] Running: set_part xczu7ev-ffvc1156-2-e 
INFO: [HLS 200-1510] Running: create_clock -period 3.33 -name default 
INFO: [HLS 200-1510] Running: csynth_design 
INFO: [HLS 200-111] Finished File checks and directory preparation: CPU user time: 0.03 seconds. CPU system time: 0 seconds. Elapsed time: 0.04 seconds; current allocated memory: 295.656 MB.
INFO: [HLS 200-10] Analyzing design file 'slot_counter.cpp' ... 
INFO: [HLS 200-111] Finished Source Code Analysis and Preprocessing: CPU user time: 1.31 seconds. CPU system time: 0.31 seconds. Elapsed time: 1.63 seconds; current allocated memory: 296.926 MB.
INFO: [HLS 200-777] Using interface defaults for 'Vivado' flow target.
INFO: [HLS 200-1995] There were 956 instructions in the design after the 'Compile/Link' phase of compilation. See the Design Size Report for more details: /home/samarth/Desktop/6g_ai_ran/slot_counter/slot_counter/solution1/syn/report/csynth_design_size.rpt
INFO: [HLS 200-1995] There were 94 instructions in the design after the 'Unroll/Inline (step 1)' phase of compilation. See the Design Size Report for more details: /home/samarth/Desktop/6g_ai_ran/slot_counter/slot_counter/solution1/syn/report/csynth_design_size.rpt
INFO: [HLS 200-1995] There were 73 instructions in the design after the 'Unroll/Inline (step 2)' phase of compilation. See the Design Size Report for more details: /home/samarth/Desktop/6g_ai_ran/slot_counter/slot_counter/solution1/syn/report/csynth_design_size.rpt
INFO: [HLS 200-1995] There were 73 instructions in the design after the 'Unroll/Inline (step 3)' phase of compilation. See the Design Size Report for more details: /home/samarth/Desktop/6g_ai_ran/slot_counter/slot_counter/solution1/syn/report/csynth_design_size.rpt
INFO: [HLS 200-1995] There were 73 instructions in the design after the 'Unroll/Inline (step 4)' phase of compilation. See the Design Size Report for more details: /home/samarth/Desktop/6g_ai_ran/slot_counter/slot_counter/solution1/syn/report/csynth_design_size.rpt
INFO: [HLS 200-1995] There were 73 instructions in the design after the 'Array/Struct (step 1)' phase of compilation. See the Design Size Report for more details: /home/samarth/Desktop/6g_ai_ran/slot_counter/slot_counter/solution1/syn/report/csynth_design_size.rpt
INFO: [HLS 200-1995] There were 73 instructions in the design after the 'Array/Struct (step 2)' phase of compilation. See the Design Size Report for more details: /home/samarth/Desktop/6g_ai_ran/slot_counter/slot_counter/solution1/syn/report/csynth_design_size.rpt
INFO: [HLS 200-1995] There were 73 instructions in the design after the 'Array/Struct (step 3)' phase of compilation. See the Design Size Report for more details: /home/samarth/Desktop/6g_ai_ran/slot_counter/slot_counter/solution1/syn/report/csynth_design_size.rpt
INFO: [HLS 200-1995] There were 73 instructions in the design after the 'Array/Struct (step 4)' phase of compilation. See the Design Size Report for more details: /home/samarth/Desktop/6g_ai_ran/slot_counter/slot_counter/solution1/syn/report/csynth_design_size.rpt
INFO: [HLS 200-1995] There were 73 instructions in the design after the 'Array/Struct (step 5)' phase of compilation. See the Design Size Report for more details: /home/samarth/Desktop/6g_ai_ran/slot_counter/slot_counter/solution1/syn/report/csynth_design_size.rpt
INFO: [HLS 200-1995] There were 73 instructions in the design after the 'Performance (step 1)' phase of compilation. See the Design Size Report for more details: /home/samarth/Desktop/6g_ai_ran/slot_counter/slot_counter/solution1/syn/report/csynth_design_size.rpt
INFO: [HLS 200-1995] There were 73 instructions in the design after the 'Performance (step 2)' phase of compilation. See the Design Size Report for more details: /home/samarth/Desktop/6g_ai_ran/slot_counter/slot_counter/solution1/syn/report/csynth_design_size.rpt
INFO: [HLS 200-1995] There were 73 instructions in the design after the 'Performance (step 3)' phase of compilation. See the Design Size Report for more details: /home/samarth/Desktop/6g_ai_ran/slot_counter/slot_counter/solution1/syn/report/csynth_design_size.rpt
INFO: [HLS 200-1995] There were 73 instructions in the design after the 'Performance (step 4)' phase of compilation. See the Design Size Report for more details: /home/samarth/Desktop/6g_ai_ran/slot_counter/slot_counter/solution1/syn/report/csynth_design_size.rpt
INFO: [HLS 200-1995] There were 80 instructions in the design after the 'HW Transforms (step 1)' phase of compilation. See the Design Size Report for more details: /home/samarth/Desktop/6g_ai_ran/slot_counter/slot_counter/solution1/syn/report/csynth_design_size.rpt
INFO: [HLS 200-1995] There were 81 instructions in the design after the 'HW Transforms (step 2)' phase of compilation. See the Design Size Report for more details: /home/samarth/Desktop/6g_ai_ran/slot_counter/slot_counter/solution1/syn/report/csynth_design_size.rpt
INFO: [HLS 200-111] Finished Compiling Optimization and Transform: CPU user time: 1.18 seconds. CPU system time: 0.2 seconds. Elapsed time: 6.2 seconds; current allocated memory: 307.406 MB.
INFO: [HLS 200-111] Finished Checking Pragmas: CPU user time: 0 seconds. CPU system time: 0 seconds. Elapsed time: 0 seconds; current allocated memory: 307.406 MB.
INFO: [HLS 200-10] Starting code transformations ...
INFO: [HLS 200-111] Finished Standard Transforms: CPU user time: 0.01 seconds. CPU system time: 0 seconds. Elapsed time: 0.01 seconds; current allocated memory: 307.406 MB.
INFO: [HLS 200-10] Checking synthesizability ...
INFO: [HLS 200-111] Finished Checking Synthesizability: CPU user time: 0 seconds. CPU system time: 0 seconds. Elapsed time: 0 seconds; current allocated memory: 307.406 MB.
INFO: [HLS 200-111] Finished Loop, function and other optimizations: CPU user time: 0.02 seconds. CPU system time: 0 seconds. Elapsed time: 0.02 seconds; current allocated memory: 328.770 MB.
INFO: [HLS 200-111] Finished Architecture Synthesis: CPU user time: 0.02 seconds. CPU system time: 0 seconds. Elapsed time: 0.01 seconds; current allocated memory: 320.520 MB.
INFO: [HLS 200-10] Starting hardware synthesis ...
INFO: [HLS 200-10] Synthesizing 'slot_counter_top' ...
INFO: [HLS 200-10] ----------------------------------------------------------------
INFO: [HLS 200-42] -- Implementing module 'slot_counter_top' 
INFO: [HLS 200-10] ----------------------------------------------------------------
INFO: [SCHED 204-11] Starting scheduling ...
INFO: [SCHED 204-11] Finished scheduling.
INFO: [HLS 200-111] Finished Scheduling: CPU user time: 0.03 seconds. CPU system time: 0.01 seconds. Elapsed time: 0.05 seconds; current allocated memory: 320.684 MB.
INFO: [BIND 205-100] Starting micro-architecture generation ...
INFO: [BIND 205-101] Performing variable lifetime analysis.
INFO: [BIND 205-101] Exploring resource sharing.
INFO: [BIND 205-101] Binding ...
INFO: [BIND 205-100] Finished micro-architecture generation.
INFO: [HLS 200-111] Finished Binding: CPU user time: 0.01 seconds. CPU system time: 0 seconds. Elapsed time: 0 seconds; current allocated memory: 320.684 MB.
INFO: [HLS 200-10] ----------------------------------------------------------------
INFO: [HLS 200-10] -- Generating RTL for module 'slot_counter_top' 
INFO: [HLS 200-10] ----------------------------------------------------------------
WARNING: [RTGEN 206-101] Design contains AXI ports. Reset is fixed to synchronous and active low.
INFO: [RTGEN 206-500] Setting interface mode on port 'slot_counter_top/symbol_num' to 'ap_none'.
WARNING: [RTGEN 206-101] Port 'symbol_num' with mode 'ap_none' may require an associated data valid signal to correctly communicate with other blocks or a test bench; automatic C/RTL co-simulation may not be able to verify such a port.
INFO: [RTGEN 206-500] Setting interface mode on port 'slot_counter_top/slot_num' to 'ap_none'.
WARNING: [RTGEN 206-101] Port 'slot_num' with mode 'ap_none' may require an associated data valid signal to correctly communicate with other blocks or a test bench; automatic C/RTL co-simulation may not be able to verify such a port.
INFO: [RTGEN 206-500] Setting interface mode on port 'slot_counter_top/gpio_override' to 'ap_none'.
INFO: [RTGEN 206-500] Setting interface mode on port 'slot_counter_top/gpio_symbol_num' to 'ap_none'.
INFO: [RTGEN 206-500] Setting interface mode on port 'slot_counter_top/gpio_slot_num' to 'ap_none'.
INFO: [RTGEN 206-500] Setting interface mode on port 'slot_counter_top/sync_req' to 's_axilite & ap_none'.
INFO: [RTGEN 206-500] Setting interface mode on port 'slot_counter_top/sync_symbol' to 's_axilite & ap_none'.
INFO: [RTGEN 206-500] Setting interface mode on port 'slot_counter_top/sync_slot' to 's_axilite & ap_none'.
INFO: [RTGEN 206-500] Setting interface mode on port 'slot_counter_top/symbol_num_out' to 's_axilite & ap_vld'.
INFO: [RTGEN 206-500] Setting interface mode on port 'slot_counter_top/slot_num_out' to 's_axilite & ap_vld'.
INFO: [RTGEN 206-500] Setting interface mode on function 'slot_counter_top' to 's_axilite & ap_ctrl_none'.
WARNING: [RTGEN 206-101] Register 'slot_cnt' is power-on initialization.
WARNING: [RTGEN 206-101] Register 'phase_cnt' is power-on initialization.
WARNING: [RTGEN 206-101] Register 'symbol_cnt' is power-on initialization.
INFO: [RTGEN 206-100] Bundling port 'sync_req', 'sync_symbol', 'sync_slot', 'symbol_num_out', 'slot_num_out' and 'return' to AXI-Lite port CTRL.
INFO: [RTGEN 206-100] Finished creating RTL model for 'slot_counter_top'.
INFO: [HLS 200-111] Finished Creating RTL model: CPU user time: 0.02 seconds. CPU system time: 0 seconds. Elapsed time: 0.01 seconds; current allocated memory: 320.684 MB.
INFO: [HLS 200-111] Finished Generating all RTL models: CPU user time: 0.1 seconds. CPU system time: 0 seconds. Elapsed time: 0.11 seconds; current allocated memory: 323.527 MB.
INFO: [HLS 200-111] Finished Updating report files: CPU user time: 0.19 seconds. CPU system time: 0.01 seconds. Elapsed time: 0.2 seconds; current allocated memory: 333.023 MB.
INFO: [VHDL 208-304] Generating VHDL RTL for slot_counter_top.
INFO: [VLOG 209-307] Generating Verilog RTL for slot_counter_top.
INFO: [HLS 200-789] **** Estimated Fmax: 458.72 MHz
INFO: [HLS 200-2161] Finished Command csynth_design Elapsed time: 00:00:08; Allocated memory: 37.379 MB.
==============================================================
Vitis HLS - High-Level Synthesis from C, C++ and OpenCL v2024.1 (64-bit)
Tool Version Limit: 2024.05
Copyright 1986-2022 Xilinx, Inc. All Rights Reserved.
Copyright 2022-2024 Advanced Micro Devices, Inc. All Rights Reserved.

==============================================================
INFO: [SYN 201-201] Setting up clock 'default' with a period of 3.33ns.
INFO: [HLS 200-1611] Setting target device to 'xczu7ev-ffvc1156-2-e'
INFO: [HLS 200-1505] Using flow_target 'vivado'
INFO: [HLS 200-1464] Running solution command: config_export -output=/home/samarth/Desktop/6g_ai_ran/slot_counter
INFO: [HLS 200-1510] Running: set_part xczu7ev-ffvc1156-2-e 
INFO: [HLS 200-1510] Running: create_clock -period 3.33 -name default 
INFO: [SYN 201-201] Setting up clock 'default' with a period of 3.33ns.
INFO: [HLS 200-1510] Running: config_export -output /home/samarth/Desktop/6g_ai_ran/slot_counter 
INFO: [HLS 200-1510] Running: export_design -rtl verilog -format ip_catalog -output /home/samarth/Desktop/6g_ai_ran/slot_counter 
INFO: [IMPL 213-8] Exporting RTL as a Vivado IP.
INFO: [HLS 200-802] Generated output file export.zip
INFO: [HLS 200-2161] Finished Command export_design Elapsed time: 00:00:16; Allocated memory: 5.523 MB.
