#-----------------------------------------------------------
# Vivado v2024.1 (64-bit)
# SW Build 5076996 on Wed May 22 18:36:09 MDT 2024
# IP Build 5075265 on Wed May 22 21:45:21 MDT 2024
# SharedData Build 5076995 on Wed May 22 18:29:18 MDT 2024
# Start of session at: Sat Feb 28 17:35:25 2026
# Process ID: 6381
# Current directory: /home/samarth/Desktop/6g_ai_ran/beamforming/beamforming/solution1/impl/ip
# Command line: vivado -notrace -mode batch -source run_ippack.tcl
# Log file: /home/samarth/Desktop/6g_ai_ran/beamforming/beamforming/solution1/impl/ip/vivado.log
# Journal file: /home/samarth/Desktop/6g_ai_ran/beamforming/beamforming/solution1/impl/ip/vivado.jou
# Running On        :localhost.localdomain
# Platform          :unknown
# Operating System  :unknown
# Processor Detail  :13th Gen Intel(R) Core(TM) i7-13620H
# CPU Frequency     :400.395 MHz
# CPU Physical cores:10
# CPU Logical cores :16
# Host memory       :33071 MB
# Swap memory       :16739 MB
# Total Virtual     :49810 MB
# Available Virtual :41792 MB
#-----------------------------------------------------------
source run_ippack.tcl -notrace
