INFO-FLOW: Workspace /home/samarth/Desktop/6g_ai_ran/snr_monitor/snr_monitor/solution1 opened at Sun Mar 01 15:17:52 IST 2026
Execute     ap_set_clock -name default -period 3.33 -unit ns -default=false 
INFO: [SYN 201-201] Setting up clock 'default' with a period of 3.33ns.
Execute     set_part xczu7ev-ffvc1156-2-e 
Execute       create_platform xczu7ev-ffvc1156-2-e -board  
DBG:HLSDevice: Trying to load device library: /home/samarth/Desktop/Vitis_HLS/2024.1/lib/lnx64.o/libxv_hlsvwrap.so
DBG:HLSDevice: first parts/arch.xml in RDI_DATADIR: /home/samarth/Desktop/Vivado/2024.1/data/parts/arch.xml
DBG:HLSDevice: init success
INFO: [HLS 200-1611] Setting target device to 'xczu7ev-ffvc1156-2-e'
Command       create_platform done; 0.4 sec.
Execute       source /home/samarth/Desktop/Vitis_HLS/2024.1/common/technology/xilinx/common/xilinx.gen 
Execute         source /home/samarth/Desktop/Vitis_HLS/2024.1/common/technology/xilinx/interface/plb46.gen 
Execute         source /home/samarth/Desktop/Vitis_HLS/2024.1/common/technology/xilinx/interface/axi4.gen 
Execute         source /home/samarth/Desktop/Vitis_HLS/2024.1/common/technology/xilinx/interface/nativeAXI4.gen 
Execute           source /home/samarth/Desktop/Vitis_HLS/2024.1/common/technology/xilinx/interface/saxilite.gen 
Execute         source /home/samarth/Desktop/Vitis_HLS/2024.1/common/technology/xilinx/scripts/xilinxcoregen.gen 
Execute         source /home/samarth/Desktop/Vitis_HLS/2024.1/common/technology/xilinx/interface/XilEDKCoreGen.gen 
Execute         source /home/samarth/Desktop/Vitis_HLS/2024.1/common/technology/xilinx/ip/dds_compiler.gen 
Execute         source /home/samarth/Desktop/Vitis_HLS/2024.1/common/technology/xilinx/ip/util.gen 
Execute         source /home/samarth/Desktop/Vitis_HLS/2024.1/common/technology/xilinx/ip/xfft.gen 
Execute         source /home/samarth/Desktop/Vitis_HLS/2024.1/common/technology/xilinx/ip/xfir.gen 
Execute         source /home/samarth/Desktop/Vitis_HLS/2024.1/common/technology/xilinx/DSP48/dsp48.gen 
Execute       ap_part_info -name xczu7ev-ffvc1156-2-e -data info 
Execute       config_compile -quiet -complex-mul-dsp=0 
Command     set_part done; 0.5 sec.
Execute     send_msg_by_id INFO @200-1505@%s%s  vivado 
INFO: [HLS 200-1505] Using flow_target 'vivado'
Command   open_solution done; 0.52 sec.
Execute   set_part xczu7ev-ffvc1156-2-e 
INFO: [HLS 200-1510] Running: set_part xczu7ev-ffvc1156-2-e 
Execute     create_platform xczu7ev-ffvc1156-2-e -board  
Execute     source /home/samarth/Desktop/Vitis_HLS/2024.1/common/technology/xilinx/common/xilinx.gen 
Execute       source /home/samarth/Desktop/Vitis_HLS/2024.1/common/technology/xilinx/interface/plb46.gen 
Execute       source /home/samarth/Desktop/Vitis_HLS/2024.1/common/technology/xilinx/interface/axi4.gen 
Execute       source /home/samarth/Desktop/Vitis_HLS/2024.1/common/technology/xilinx/interface/nativeAXI4.gen 
Execute         source /home/samarth/Desktop/Vitis_HLS/2024.1/common/technology/xilinx/interface/saxilite.gen 
Execute       source /home/samarth/Desktop/Vitis_HLS/2024.1/common/technology/xilinx/scripts/xilinxcoregen.gen 
Execute       source /home/samarth/Desktop/Vitis_HLS/2024.1/common/technology/xilinx/interface/XilEDKCoreGen.gen 
Execute       source /home/samarth/Desktop/Vitis_HLS/2024.1/common/technology/xilinx/ip/dds_compiler.gen 
Execute       source /home/samarth/Desktop/Vitis_HLS/2024.1/common/technology/xilinx/ip/util.gen 
Execute       source /home/samarth/Desktop/Vitis_HLS/2024.1/common/technology/xilinx/ip/xfft.gen 
Execute       source /home/samarth/Desktop/Vitis_HLS/2024.1/common/technology/xilinx/ip/xfir.gen 
Execute       source /home/samarth/Desktop/Vitis_HLS/2024.1/common/technology/xilinx/DSP48/dsp48.gen 
Execute     ap_part_info -name xczu7ev-ffvc1156-2-e -data info 
Execute     config_compile -quiet -complex-mul-dsp=0 
Command   set_part done; 0.16 sec.
Execute   create_clock -period 3.33 -name default 
INFO: [HLS 200-1510] Running: create_clock -period 3.33 -name default 
Execute     ap_set_clock -name default -period 3.33 -unit ns -default=false 
INFO: [SYN 201-201] Setting up clock 'default' with a period of 3.33ns.
Execute   source ./snr_monitor/solution1/directives.tcl 
INFO: [HLS 200-1510] Running: source ./snr_monitor/solution1/directives.tcl
Execute   csim_design -quiet 
INFO: [HLS 200-1510] Running: csim_design -quiet 
INFO-FLOW: Running SLX 'csim' proc: ::SLX::run_csim
INFO: [SIM 211-2] *************** CSIM start ***************
INFO: [SIM 211-4] CSIM will launch CLANG as the compiler.
Execute     send_msg_by_id INFO @200-2036@%s debug 
INFO: [HLS 200-2036] Building debug C Simulation binaries
Execute     source /home/samarth/Desktop/Vitis_HLS/2024.1/tps/tcl/tcllib1.11.1/yaml/huddle.tcl 
Execute     source /home/samarth/Desktop/Vitis_HLS/2024.1/tps/tcl/tcllib1.11.1/yaml/json2huddle.tcl 
Execute       source /home/samarth/Desktop/Vitis_HLS/2024.1/tps/tcl/tcllib1.11.1/try/try.tcl 
Execute     ap_part_info -name xczu7ev-ffvc1156-2-e -data info 
INFO-FLOW: AESL_CSIM::c_sim errorInfo:

    while executing
"::AESL_CSIM::c_sim "$argn" "
ERROR: [SIM 211-100] 'csim_design' failed: compilation error(s).
INFO: [SIM 211-3] *************** CSIM finish ***************
INFO-FLOW: AESL_CSIM::csim_cmd_wrap errorInfo:
4
    while executing
"::AESL_CSIM::csim_cmd_wrap $args"
INFO-FLOW: Caught error in csim_design: 4
    while executing
"ap_internal_csim_design "
Command   csim_design done; error code: 2; 1.12 sec.
INFO: [HLS 200-2161] Finished Command csim_design Elapsed time: 00:00:01; Allocated memory: 0.000 MB.
Command ap_source done; error code: 1; 1.81 sec.
Execute cleanup_all 
INFO-FLOW: Workspace /home/samarth/Desktop/6g_ai_ran/snr_monitor/snr_monitor/solution1 opened at Sun Mar 01 15:18:47 IST 2026
Execute     ap_set_clock -name default -period 3.33 -unit ns -default=false 
INFO: [SYN 201-201] Setting up clock 'default' with a period of 3.33ns.
Execute     set_part xczu7ev-ffvc1156-2-e 
Execute       create_platform xczu7ev-ffvc1156-2-e -board  
DBG:HLSDevice: Trying to load device library: /home/samarth/Desktop/Vitis_HLS/2024.1/lib/lnx64.o/libxv_hlsvwrap.so
DBG:HLSDevice: first parts/arch.xml in RDI_DATADIR: /home/samarth/Desktop/Vivado/2024.1/data/parts/arch.xml
DBG:HLSDevice: init success
INFO: [HLS 200-1611] Setting target device to 'xczu7ev-ffvc1156-2-e'
Command       create_platform done; 0.36 sec.
Execute       source /home/samarth/Desktop/Vitis_HLS/2024.1/common/technology/xilinx/common/xilinx.gen 
Execute         source /home/samarth/Desktop/Vitis_HLS/2024.1/common/technology/xilinx/interface/plb46.gen 
Execute         source /home/samarth/Desktop/Vitis_HLS/2024.1/common/technology/xilinx/interface/axi4.gen 
Execute         source /home/samarth/Desktop/Vitis_HLS/2024.1/common/technology/xilinx/interface/nativeAXI4.gen 
Execute           source /home/samarth/Desktop/Vitis_HLS/2024.1/common/technology/xilinx/interface/saxilite.gen 
Execute         source /home/samarth/Desktop/Vitis_HLS/2024.1/common/technology/xilinx/scripts/xilinxcoregen.gen 
Execute         source /home/samarth/Desktop/Vitis_HLS/2024.1/common/technology/xilinx/interface/XilEDKCoreGen.gen 
Execute         source /home/samarth/Desktop/Vitis_HLS/2024.1/common/technology/xilinx/ip/dds_compiler.gen 
Execute         source /home/samarth/Desktop/Vitis_HLS/2024.1/common/technology/xilinx/ip/util.gen 
Execute         source /home/samarth/Desktop/Vitis_HLS/2024.1/common/technology/xilinx/ip/xfft.gen 
Execute         source /home/samarth/Desktop/Vitis_HLS/2024.1/common/technology/xilinx/ip/xfir.gen 
Execute         source /home/samarth/Desktop/Vitis_HLS/2024.1/common/technology/xilinx/DSP48/dsp48.gen 
Execute       ap_part_info -name xczu7ev-ffvc1156-2-e -data info 
Execute       config_compile -quiet -complex-mul-dsp=0 
Command     set_part done; 0.45 sec.
Execute     send_msg_by_id INFO @200-1505@%s%s  vivado 
INFO: [HLS 200-1505] Using flow_target 'vivado'
Command   open_solution done; 0.45 sec.
Execute   set_part xczu7ev-ffvc1156-2-e 
INFO: [HLS 200-1510] Running: set_part xczu7ev-ffvc1156-2-e 
Execute     create_platform xczu7ev-ffvc1156-2-e -board  
Execute     source /home/samarth/Desktop/Vitis_HLS/2024.1/common/technology/xilinx/common/xilinx.gen 
Execute       source /home/samarth/Desktop/Vitis_HLS/2024.1/common/technology/xilinx/interface/plb46.gen 
Execute       source /home/samarth/Desktop/Vitis_HLS/2024.1/common/technology/xilinx/interface/axi4.gen 
Execute       source /home/samarth/Desktop/Vitis_HLS/2024.1/common/technology/xilinx/interface/nativeAXI4.gen 
Execute         source /home/samarth/Desktop/Vitis_HLS/2024.1/common/technology/xilinx/interface/saxilite.gen 
Execute       source /home/samarth/Desktop/Vitis_HLS/2024.1/common/technology/xilinx/scripts/xilinxcoregen.gen 
Execute       source /home/samarth/Desktop/Vitis_HLS/2024.1/common/technology/xilinx/interface/XilEDKCoreGen.gen 
Execute       source /home/samarth/Desktop/Vitis_HLS/2024.1/common/technology/xilinx/ip/dds_compiler.gen 
Execute       source /home/samarth/Desktop/Vitis_HLS/2024.1/common/technology/xilinx/ip/util.gen 
Execute       source /home/samarth/Desktop/Vitis_HLS/2024.1/common/technology/xilinx/ip/xfft.gen 
Execute       source /home/samarth/Desktop/Vitis_HLS/2024.1/common/technology/xilinx/ip/xfir.gen 
Execute       source /home/samarth/Desktop/Vitis_HLS/2024.1/common/technology/xilinx/DSP48/dsp48.gen 
Execute     ap_part_info -name xczu7ev-ffvc1156-2-e -data info 
Execute     config_compile -quiet -complex-mul-dsp=0 
Command   set_part done; 0.14 sec.
Execute   create_clock -period 3.33 -name default 
INFO: [HLS 200-1510] Running: create_clock -period 3.33 -name default 
Execute     ap_set_clock -name default -period 3.33 -unit ns -default=false 
INFO: [SYN 201-201] Setting up clock 'default' with a period of 3.33ns.
Execute   source ./snr_monitor/solution1/directives.tcl 
INFO: [HLS 200-1510] Running: source ./snr_monitor/solution1/directives.tcl
Execute   csim_design -quiet 
INFO: [HLS 200-1510] Running: csim_design -quiet 
INFO-FLOW: Running SLX 'csim' proc: ::SLX::run_csim
INFO: [SIM 211-2] *************** CSIM start ***************
INFO: [SIM 211-4] CSIM will launch CLANG as the compiler.
Execute     source csim/.lst_opt.tcl 
Execute     send_msg_by_id INFO @200-2036@%s debug 
INFO: [HLS 200-2036] Building debug C Simulation binaries
Execute     source /home/samarth/Desktop/Vitis_HLS/2024.1/tps/tcl/tcllib1.11.1/yaml/huddle.tcl 
Execute     source /home/samarth/Desktop/Vitis_HLS/2024.1/tps/tcl/tcllib1.11.1/yaml/json2huddle.tcl 
Execute       source /home/samarth/Desktop/Vitis_HLS/2024.1/tps/tcl/tcllib1.11.1/try/try.tcl 
Execute     ap_part_info -name xczu7ev-ffvc1156-2-e -data info 
INFO-FLOW: AESL_CSIM::c_sim errorInfo:

    while executing
"::AESL_CSIM::c_sim "$argn" "
ERROR: [SIM 211-100] 'csim_design' failed: compilation error(s).
INFO: [SIM 211-3] *************** CSIM finish ***************
INFO-FLOW: AESL_CSIM::csim_cmd_wrap errorInfo:
4
    while executing
"::AESL_CSIM::csim_cmd_wrap $args"
INFO-FLOW: Caught error in csim_design: 4
    while executing
"ap_internal_csim_design "
Command   csim_design done; error code: 2; 1.09 sec.
INFO: [HLS 200-2161] Finished Command csim_design Elapsed time: 00:00:01; Allocated memory: 0.000 MB.
Command ap_source done; error code: 1; 1.7 sec.
Execute cleanup_all 
INFO-FLOW: Workspace /home/samarth/Desktop/6g_ai_ran/snr_monitor/snr_monitor/solution1 opened at Sun Mar 01 15:19:59 IST 2026
Execute     ap_set_clock -name default -period 3.33 -unit ns -default=false 
INFO: [SYN 201-201] Setting up clock 'default' with a period of 3.33ns.
Execute     set_part xczu7ev-ffvc1156-2-e 
Execute       create_platform xczu7ev-ffvc1156-2-e -board  
DBG:HLSDevice: Trying to load device library: /home/samarth/Desktop/Vitis_HLS/2024.1/lib/lnx64.o/libxv_hlsvwrap.so
DBG:HLSDevice: first parts/arch.xml in RDI_DATADIR: /home/samarth/Desktop/Vivado/2024.1/data/parts/arch.xml
DBG:HLSDevice: init success
INFO: [HLS 200-1611] Setting target device to 'xczu7ev-ffvc1156-2-e'
Command       create_platform done; 0.27 sec.
Execute       source /home/samarth/Desktop/Vitis_HLS/2024.1/common/technology/xilinx/common/xilinx.gen 
Execute         source /home/samarth/Desktop/Vitis_HLS/2024.1/common/technology/xilinx/interface/plb46.gen 
Execute         source /home/samarth/Desktop/Vitis_HLS/2024.1/common/technology/xilinx/interface/axi4.gen 
Execute         source /home/samarth/Desktop/Vitis_HLS/2024.1/common/technology/xilinx/interface/nativeAXI4.gen 
Execute           source /home/samarth/Desktop/Vitis_HLS/2024.1/common/technology/xilinx/interface/saxilite.gen 
Execute         source /home/samarth/Desktop/Vitis_HLS/2024.1/common/technology/xilinx/scripts/xilinxcoregen.gen 
Execute         source /home/samarth/Desktop/Vitis_HLS/2024.1/common/technology/xilinx/interface/XilEDKCoreGen.gen 
Execute         source /home/samarth/Desktop/Vitis_HLS/2024.1/common/technology/xilinx/ip/dds_compiler.gen 
Execute         source /home/samarth/Desktop/Vitis_HLS/2024.1/common/technology/xilinx/ip/util.gen 
Execute         source /home/samarth/Desktop/Vitis_HLS/2024.1/common/technology/xilinx/ip/xfft.gen 
Execute         source /home/samarth/Desktop/Vitis_HLS/2024.1/common/technology/xilinx/ip/xfir.gen 
Execute         source /home/samarth/Desktop/Vitis_HLS/2024.1/common/technology/xilinx/DSP48/dsp48.gen 
Execute       ap_part_info -name xczu7ev-ffvc1156-2-e -data info 
Execute       config_compile -quiet -complex-mul-dsp=0 
Command     set_part done; 0.33 sec.
Execute     send_msg_by_id INFO @200-1505@%s%s  vivado 
INFO: [HLS 200-1505] Using flow_target 'vivado'
Command   open_solution done; 0.34 sec.
Execute   set_part xczu7ev-ffvc1156-2-e 
INFO: [HLS 200-1510] Running: set_part xczu7ev-ffvc1156-2-e 
Execute     create_platform xczu7ev-ffvc1156-2-e -board  
Execute     source /home/samarth/Desktop/Vitis_HLS/2024.1/common/technology/xilinx/common/xilinx.gen 
Execute       source /home/samarth/Desktop/Vitis_HLS/2024.1/common/technology/xilinx/interface/plb46.gen 
Execute       source /home/samarth/Desktop/Vitis_HLS/2024.1/common/technology/xilinx/interface/axi4.gen 
Execute       source /home/samarth/Desktop/Vitis_HLS/2024.1/common/technology/xilinx/interface/nativeAXI4.gen 
Execute         source /home/samarth/Desktop/Vitis_HLS/2024.1/common/technology/xilinx/interface/saxilite.gen 
Execute       source /home/samarth/Desktop/Vitis_HLS/2024.1/common/technology/xilinx/scripts/xilinxcoregen.gen 
Execute       source /home/samarth/Desktop/Vitis_HLS/2024.1/common/technology/xilinx/interface/XilEDKCoreGen.gen 
Execute       source /home/samarth/Desktop/Vitis_HLS/2024.1/common/technology/xilinx/ip/dds_compiler.gen 
Execute       source /home/samarth/Desktop/Vitis_HLS/2024.1/common/technology/xilinx/ip/util.gen 
Execute       source /home/samarth/Desktop/Vitis_HLS/2024.1/common/technology/xilinx/ip/xfft.gen 
Execute       source /home/samarth/Desktop/Vitis_HLS/2024.1/common/technology/xilinx/ip/xfir.gen 
Execute       source /home/samarth/Desktop/Vitis_HLS/2024.1/common/technology/xilinx/DSP48/dsp48.gen 
Execute     ap_part_info -name xczu7ev-ffvc1156-2-e -data info 
Execute     config_compile -quiet -complex-mul-dsp=0 
Command   set_part done; 0.11 sec.
Execute   create_clock -period 3.33 -name default 
INFO: [HLS 200-1510] Running: create_clock -period 3.33 -name default 
Execute   source ./snr_monitor/solution1/directives.tcl 
INFO: [HLS 200-1510] Running: source ./snr_monitor/solution1/directives.tcl
Execute   csim_design -quiet 
INFO: [HLS 200-1510] Running: csim_design -quiet 
INFO-FLOW: Running SLX 'csim' proc: ::SLX::run_csim
INFO: [SIM 211-2] *************** CSIM start ***************
INFO: [SIM 211-4] CSIM will launch CLANG as the compiler.
Execute     source csim/.lst_opt.tcl 
Execute     send_msg_by_id INFO @200-2036@%s debug 
INFO: [HLS 200-2036] Building debug C Simulation binaries
Execute     source /home/samarth/Desktop/Vitis_HLS/2024.1/tps/tcl/tcllib1.11.1/yaml/huddle.tcl 
Execute     source /home/samarth/Desktop/Vitis_HLS/2024.1/tps/tcl/tcllib1.11.1/yaml/json2huddle.tcl 
Execute       source /home/samarth/Desktop/Vitis_HLS/2024.1/tps/tcl/tcllib1.11.1/try/try.tcl 
Execute     ap_part_info -name xczu7ev-ffvc1156-2-e -data info 
INFO-FLOW: AESL_CSIM::c_sim errorInfo:

    while executing
"::AESL_CSIM::c_sim "$argn" "
ERROR: [SIM 211-100] 'csim_design' failed: compilation error(s).
INFO: [SIM 211-3] *************** CSIM finish ***************
INFO-FLOW: AESL_CSIM::csim_cmd_wrap errorInfo:
4
    while executing
"::AESL_CSIM::csim_cmd_wrap $args"
INFO-FLOW: Caught error in csim_design: 4
    while executing
"ap_internal_csim_design "
Command   csim_design done; error code: 2; 0.95 sec.
INFO: [HLS 200-2161] Finished Command csim_design Elapsed time: 00:00:00; Allocated memory: 0.000 MB.
Command ap_source done; error code: 1; 1.41 sec.
Execute cleanup_all 
INFO-FLOW: Workspace /home/samarth/Desktop/6g_ai_ran/snr_monitor/snr_monitor/solution1 opened at Sun Mar 01 15:21:22 IST 2026
Execute     ap_set_clock -name default -period 3.33 -unit ns -default=false 
INFO: [SYN 201-201] Setting up clock 'default' with a period of 3.33ns.
Execute     set_part xczu7ev-ffvc1156-2-e 
Execute       create_platform xczu7ev-ffvc1156-2-e -board  
DBG:HLSDevice: Trying to load device library: /home/samarth/Desktop/Vitis_HLS/2024.1/lib/lnx64.o/libxv_hlsvwrap.so
DBG:HLSDevice: first parts/arch.xml in RDI_DATADIR: /home/samarth/Desktop/Vivado/2024.1/data/parts/arch.xml
DBG:HLSDevice: init success
INFO: [HLS 200-1611] Setting target device to 'xczu7ev-ffvc1156-2-e'
Command       create_platform done; 0.3 sec.
Execute       source /home/samarth/Desktop/Vitis_HLS/2024.1/common/technology/xilinx/common/xilinx.gen 
Execute         source /home/samarth/Desktop/Vitis_HLS/2024.1/common/technology/xilinx/interface/plb46.gen 
Execute         source /home/samarth/Desktop/Vitis_HLS/2024.1/common/technology/xilinx/interface/axi4.gen 
Execute         source /home/samarth/Desktop/Vitis_HLS/2024.1/common/technology/xilinx/interface/nativeAXI4.gen 
Execute           source /home/samarth/Desktop/Vitis_HLS/2024.1/common/technology/xilinx/interface/saxilite.gen 
Execute         source /home/samarth/Desktop/Vitis_HLS/2024.1/common/technology/xilinx/scripts/xilinxcoregen.gen 
Execute         source /home/samarth/Desktop/Vitis_HLS/2024.1/common/technology/xilinx/interface/XilEDKCoreGen.gen 
Execute         source /home/samarth/Desktop/Vitis_HLS/2024.1/common/technology/xilinx/ip/dds_compiler.gen 
Execute         source /home/samarth/Desktop/Vitis_HLS/2024.1/common/technology/xilinx/ip/util.gen 
Execute         source /home/samarth/Desktop/Vitis_HLS/2024.1/common/technology/xilinx/ip/xfft.gen 
Execute         source /home/samarth/Desktop/Vitis_HLS/2024.1/common/technology/xilinx/ip/xfir.gen 
Execute         source /home/samarth/Desktop/Vitis_HLS/2024.1/common/technology/xilinx/DSP48/dsp48.gen 
Execute       ap_part_info -name xczu7ev-ffvc1156-2-e -data info 
Execute       config_compile -quiet -complex-mul-dsp=0 
Command     set_part done; 0.37 sec.
Execute     send_msg_by_id INFO @200-1505@%s%s  vivado 
INFO: [HLS 200-1505] Using flow_target 'vivado'
Command   open_solution done; 0.37 sec.
Execute   set_part xczu7ev-ffvc1156-2-e 
INFO: [HLS 200-1510] Running: set_part xczu7ev-ffvc1156-2-e 
Execute     create_platform xczu7ev-ffvc1156-2-e -board  
Execute     source /home/samarth/Desktop/Vitis_HLS/2024.1/common/technology/xilinx/common/xilinx.gen 
Execute       source /home/samarth/Desktop/Vitis_HLS/2024.1/common/technology/xilinx/interface/plb46.gen 
Execute       source /home/samarth/Desktop/Vitis_HLS/2024.1/common/technology/xilinx/interface/axi4.gen 
Execute       source /home/samarth/Desktop/Vitis_HLS/2024.1/common/technology/xilinx/interface/nativeAXI4.gen 
Execute         source /home/samarth/Desktop/Vitis_HLS/2024.1/common/technology/xilinx/interface/saxilite.gen 
Execute       source /home/samarth/Desktop/Vitis_HLS/2024.1/common/technology/xilinx/scripts/xilinxcoregen.gen 
Execute       source /home/samarth/Desktop/Vitis_HLS/2024.1/common/technology/xilinx/interface/XilEDKCoreGen.gen 
Execute       source /home/samarth/Desktop/Vitis_HLS/2024.1/common/technology/xilinx/ip/dds_compiler.gen 
Execute       source /home/samarth/Desktop/Vitis_HLS/2024.1/common/technology/xilinx/ip/util.gen 
Execute       source /home/samarth/Desktop/Vitis_HLS/2024.1/common/technology/xilinx/ip/xfft.gen 
Execute       source /home/samarth/Desktop/Vitis_HLS/2024.1/common/technology/xilinx/ip/xfir.gen 
Execute       source /home/samarth/Desktop/Vitis_HLS/2024.1/common/technology/xilinx/DSP48/dsp48.gen 
Execute     ap_part_info -name xczu7ev-ffvc1156-2-e -data info 
Execute     config_compile -quiet -complex-mul-dsp=0 
Command   set_part done; 0.13 sec.
Execute   create_clock -period 3.33 -name default 
INFO: [HLS 200-1510] Running: create_clock -period 3.33 -name default 
Execute   source ./snr_monitor/solution1/directives.tcl 
INFO: [HLS 200-1510] Running: source ./snr_monitor/solution1/directives.tcl
Execute   csim_design -quiet 
INFO: [HLS 200-1510] Running: csim_design -quiet 
INFO-FLOW: Running SLX 'csim' proc: ::SLX::run_csim
INFO: [SIM 211-2] *************** CSIM start ***************
INFO: [SIM 211-4] CSIM will launch CLANG as the compiler.
Execute     source csim/.lst_opt.tcl 
Execute     send_msg_by_id INFO @200-2036@%s debug 
INFO: [HLS 200-2036] Building debug C Simulation binaries
Execute     source /home/samarth/Desktop/Vitis_HLS/2024.1/tps/tcl/tcllib1.11.1/yaml/huddle.tcl 
Execute     source /home/samarth/Desktop/Vitis_HLS/2024.1/tps/tcl/tcllib1.11.1/yaml/json2huddle.tcl 
Execute       source /home/samarth/Desktop/Vitis_HLS/2024.1/tps/tcl/tcllib1.11.1/try/try.tcl 
Execute     ap_part_info -name xczu7ev-ffvc1156-2-e -data info 
INFO-FLOW: AESL_CSIM::c_sim errorInfo:

    while executing
"::AESL_CSIM::c_sim "$argn" "
ERROR: [SIM 211-100] 'csim_design' failed: compilation error(s).
INFO: [SIM 211-3] *************** CSIM finish ***************
INFO-FLOW: AESL_CSIM::csim_cmd_wrap errorInfo:
4
    while executing
"::AESL_CSIM::csim_cmd_wrap $args"
INFO-FLOW: Caught error in csim_design: 4
    while executing
"ap_internal_csim_design "
Command   csim_design done; error code: 2; 1.05 sec.
INFO: [HLS 200-2161] Finished Command csim_design Elapsed time: 00:00:01; Allocated memory: 0.000 MB.
Command ap_source done; error code: 1; 1.56 sec.
Execute cleanup_all 
INFO-FLOW: Workspace /home/samarth/Desktop/6g_ai_ran/snr_monitor/snr_monitor/solution1 opened at Sun Mar 01 15:22:12 IST 2026
Execute     ap_set_clock -name default -period 3.33 -unit ns -default=false 
INFO: [SYN 201-201] Setting up clock 'default' with a period of 3.33ns.
Execute     set_part xczu7ev-ffvc1156-2-e 
Execute       create_platform xczu7ev-ffvc1156-2-e -board  
DBG:HLSDevice: Trying to load device library: /home/samarth/Desktop/Vitis_HLS/2024.1/lib/lnx64.o/libxv_hlsvwrap.so
DBG:HLSDevice: first parts/arch.xml in RDI_DATADIR: /home/samarth/Desktop/Vivado/2024.1/data/parts/arch.xml
DBG:HLSDevice: init success
INFO: [HLS 200-1611] Setting target device to 'xczu7ev-ffvc1156-2-e'
Command       create_platform done; 0.27 sec.
Execute       source /home/samarth/Desktop/Vitis_HLS/2024.1/common/technology/xilinx/common/xilinx.gen 
Execute         source /home/samarth/Desktop/Vitis_HLS/2024.1/common/technology/xilinx/interface/plb46.gen 
Execute         source /home/samarth/Desktop/Vitis_HLS/2024.1/common/technology/xilinx/interface/axi4.gen 
Execute         source /home/samarth/Desktop/Vitis_HLS/2024.1/common/technology/xilinx/interface/nativeAXI4.gen 
Execute           source /home/samarth/Desktop/Vitis_HLS/2024.1/common/technology/xilinx/interface/saxilite.gen 
Execute         source /home/samarth/Desktop/Vitis_HLS/2024.1/common/technology/xilinx/scripts/xilinxcoregen.gen 
Execute         source /home/samarth/Desktop/Vitis_HLS/2024.1/common/technology/xilinx/interface/XilEDKCoreGen.gen 
Execute         source /home/samarth/Desktop/Vitis_HLS/2024.1/common/technology/xilinx/ip/dds_compiler.gen 
Execute         source /home/samarth/Desktop/Vitis_HLS/2024.1/common/technology/xilinx/ip/util.gen 
Execute         source /home/samarth/Desktop/Vitis_HLS/2024.1/common/technology/xilinx/ip/xfft.gen 
Execute         source /home/samarth/Desktop/Vitis_HLS/2024.1/common/technology/xilinx/ip/xfir.gen 
Execute         source /home/samarth/Desktop/Vitis_HLS/2024.1/common/technology/xilinx/DSP48/dsp48.gen 
Execute       ap_part_info -name xczu7ev-ffvc1156-2-e -data info 
Execute       config_compile -quiet -complex-mul-dsp=0 
Command     set_part done; 0.33 sec.
Execute     send_msg_by_id INFO @200-1505@%s%s  vivado 
INFO: [HLS 200-1505] Using flow_target 'vivado'
Command   open_solution done; 0.34 sec.
Execute   set_part xczu7ev-ffvc1156-2-e 
INFO: [HLS 200-1510] Running: set_part xczu7ev-ffvc1156-2-e 
Execute     create_platform xczu7ev-ffvc1156-2-e -board  
Execute     source /home/samarth/Desktop/Vitis_HLS/2024.1/common/technology/xilinx/common/xilinx.gen 
Execute       source /home/samarth/Desktop/Vitis_HLS/2024.1/common/technology/xilinx/interface/plb46.gen 
Execute       source /home/samarth/Desktop/Vitis_HLS/2024.1/common/technology/xilinx/interface/axi4.gen 
Execute       source /home/samarth/Desktop/Vitis_HLS/2024.1/common/technology/xilinx/interface/nativeAXI4.gen 
Execute         source /home/samarth/Desktop/Vitis_HLS/2024.1/common/technology/xilinx/interface/saxilite.gen 
Execute       source /home/samarth/Desktop/Vitis_HLS/2024.1/common/technology/xilinx/scripts/xilinxcoregen.gen 
Execute       source /home/samarth/Desktop/Vitis_HLS/2024.1/common/technology/xilinx/interface/XilEDKCoreGen.gen 
Execute       source /home/samarth/Desktop/Vitis_HLS/2024.1/common/technology/xilinx/ip/dds_compiler.gen 
Execute       source /home/samarth/Desktop/Vitis_HLS/2024.1/common/technology/xilinx/ip/util.gen 
Execute       source /home/samarth/Desktop/Vitis_HLS/2024.1/common/technology/xilinx/ip/xfft.gen 
Execute       source /home/samarth/Desktop/Vitis_HLS/2024.1/common/technology/xilinx/ip/xfir.gen 
Execute       source /home/samarth/Desktop/Vitis_HLS/2024.1/common/technology/xilinx/DSP48/dsp48.gen 
Execute     ap_part_info -name xczu7ev-ffvc1156-2-e -data info 
Execute     config_compile -quiet -complex-mul-dsp=0 
Command   set_part done; 0.12 sec.
Execute   create_clock -period 3.33 -name default 
INFO: [HLS 200-1510] Running: create_clock -period 3.33 -name default 
Execute     ap_set_clock -name default -period 3.33 -unit ns -default=false 
INFO: [SYN 201-201] Setting up clock 'default' with a period of 3.33ns.
Execute   source ./snr_monitor/solution1/directives.tcl 
INFO: [HLS 200-1510] Running: source ./snr_monitor/solution1/directives.tcl
Execute   csim_design -quiet 
INFO: [HLS 200-1510] Running: csim_design -quiet 
INFO-FLOW: Running SLX 'csim' proc: ::SLX::run_csim
INFO: [SIM 211-2] *************** CSIM start ***************
INFO: [SIM 211-4] CSIM will launch CLANG as the compiler.
Execute     source csim/.lst_opt.tcl 
Execute     send_msg_by_id INFO @200-2036@%s debug 
INFO: [HLS 200-2036] Building debug C Simulation binaries
Execute     source /home/samarth/Desktop/Vitis_HLS/2024.1/tps/tcl/tcllib1.11.1/yaml/huddle.tcl 
Execute     source /home/samarth/Desktop/Vitis_HLS/2024.1/tps/tcl/tcllib1.11.1/yaml/json2huddle.tcl 
Execute       source /home/samarth/Desktop/Vitis_HLS/2024.1/tps/tcl/tcllib1.11.1/try/try.tcl 
Execute     ap_part_info -name xczu7ev-ffvc1156-2-e -data info 
INFO-FLOW: AESL_CSIM::c_sim errorInfo:

    while executing
"::AESL_CSIM::c_sim "$argn" "
ERROR: [SIM 211-100] 'csim_design' failed: compilation error(s).
INFO: [SIM 211-3] *************** CSIM finish ***************
INFO-FLOW: AESL_CSIM::csim_cmd_wrap errorInfo:
4
    while executing
"::AESL_CSIM::csim_cmd_wrap $args"
INFO-FLOW: Caught error in csim_design: 4
    while executing
"ap_internal_csim_design "
Command   csim_design done; error code: 2; 0.93 sec.
INFO: [HLS 200-2161] Finished Command csim_design Elapsed time: 00:00:00; Allocated memory: 0.000 MB.
Command ap_source done; error code: 1; 1.4 sec.
Execute cleanup_all 
INFO-FLOW: Workspace /home/samarth/Desktop/6g_ai_ran/snr_monitor/snr_monitor/solution1 opened at Sun Mar 01 15:22:52 IST 2026
Execute     ap_set_clock -name default -period 3.33 -unit ns -default=false 
INFO: [SYN 201-201] Setting up clock 'default' with a period of 3.33ns.
Execute     set_part xczu7ev-ffvc1156-2-e 
Execute       create_platform xczu7ev-ffvc1156-2-e -board  
DBG:HLSDevice: Trying to load device library: /home/samarth/Desktop/Vitis_HLS/2024.1/lib/lnx64.o/libxv_hlsvwrap.so
DBG:HLSDevice: first parts/arch.xml in RDI_DATADIR: /home/samarth/Desktop/Vivado/2024.1/data/parts/arch.xml
DBG:HLSDevice: init success
INFO: [HLS 200-1611] Setting target device to 'xczu7ev-ffvc1156-2-e'
Command       create_platform done; 0.28 sec.
Execute       source /home/samarth/Desktop/Vitis_HLS/2024.1/common/technology/xilinx/common/xilinx.gen 
Execute         source /home/samarth/Desktop/Vitis_HLS/2024.1/common/technology/xilinx/interface/plb46.gen 
Execute         source /home/samarth/Desktop/Vitis_HLS/2024.1/common/technology/xilinx/interface/axi4.gen 
Execute         source /home/samarth/Desktop/Vitis_HLS/2024.1/common/technology/xilinx/interface/nativeAXI4.gen 
Execute           source /home/samarth/Desktop/Vitis_HLS/2024.1/common/technology/xilinx/interface/saxilite.gen 
Execute         source /home/samarth/Desktop/Vitis_HLS/2024.1/common/technology/xilinx/scripts/xilinxcoregen.gen 
Execute         source /home/samarth/Desktop/Vitis_HLS/2024.1/common/technology/xilinx/interface/XilEDKCoreGen.gen 
Execute         source /home/samarth/Desktop/Vitis_HLS/2024.1/common/technology/xilinx/ip/dds_compiler.gen 
Execute         source /home/samarth/Desktop/Vitis_HLS/2024.1/common/technology/xilinx/ip/util.gen 
Execute         source /home/samarth/Desktop/Vitis_HLS/2024.1/common/technology/xilinx/ip/xfft.gen 
Execute         source /home/samarth/Desktop/Vitis_HLS/2024.1/common/technology/xilinx/ip/xfir.gen 
Execute         source /home/samarth/Desktop/Vitis_HLS/2024.1/common/technology/xilinx/DSP48/dsp48.gen 
Execute       ap_part_info -name xczu7ev-ffvc1156-2-e -data info 
Execute       config_compile -quiet -complex-mul-dsp=0 
Command     set_part done; 0.34 sec.
Execute     send_msg_by_id INFO @200-1505@%s%s  vivado 
INFO: [HLS 200-1505] Using flow_target 'vivado'
Command   open_solution done; 0.36 sec.
Execute   set_part xczu7ev-ffvc1156-2-e 
INFO: [HLS 200-1510] Running: set_part xczu7ev-ffvc1156-2-e 
Execute     create_platform xczu7ev-ffvc1156-2-e -board  
Execute     source /home/samarth/Desktop/Vitis_HLS/2024.1/common/technology/xilinx/common/xilinx.gen 
Execute       source /home/samarth/Desktop/Vitis_HLS/2024.1/common/technology/xilinx/interface/plb46.gen 
Execute       source /home/samarth/Desktop/Vitis_HLS/2024.1/common/technology/xilinx/interface/axi4.gen 
Execute       source /home/samarth/Desktop/Vitis_HLS/2024.1/common/technology/xilinx/interface/nativeAXI4.gen 
Execute         source /home/samarth/Desktop/Vitis_HLS/2024.1/common/technology/xilinx/interface/saxilite.gen 
Execute       source /home/samarth/Desktop/Vitis_HLS/2024.1/common/technology/xilinx/scripts/xilinxcoregen.gen 
Execute       source /home/samarth/Desktop/Vitis_HLS/2024.1/common/technology/xilinx/interface/XilEDKCoreGen.gen 
Execute       source /home/samarth/Desktop/Vitis_HLS/2024.1/common/technology/xilinx/ip/dds_compiler.gen 
Execute       source /home/samarth/Desktop/Vitis_HLS/2024.1/common/technology/xilinx/ip/util.gen 
Execute       source /home/samarth/Desktop/Vitis_HLS/2024.1/common/technology/xilinx/ip/xfft.gen 
Execute       source /home/samarth/Desktop/Vitis_HLS/2024.1/common/technology/xilinx/ip/xfir.gen 
Execute       source /home/samarth/Desktop/Vitis_HLS/2024.1/common/technology/xilinx/DSP48/dsp48.gen 
Execute     ap_part_info -name xczu7ev-ffvc1156-2-e -data info 
Execute     config_compile -quiet -complex-mul-dsp=0 
Command   set_part done; 0.12 sec.
Execute   create_clock -period 3.33 -name default 
INFO: [HLS 200-1510] Running: create_clock -period 3.33 -name default 
Execute   source ./snr_monitor/solution1/directives.tcl 
INFO: [HLS 200-1510] Running: source ./snr_monitor/solution1/directives.tcl
Execute   csim_design -quiet 
INFO: [HLS 200-1510] Running: csim_design -quiet 
INFO-FLOW: Running SLX 'csim' proc: ::SLX::run_csim
INFO: [SIM 211-2] *************** CSIM start ***************
INFO: [SIM 211-4] CSIM will launch CLANG as the compiler.
Execute     source csim/.lst_opt.tcl 
Execute     send_msg_by_id INFO @200-2036@%s debug 
INFO: [HLS 200-2036] Building debug C Simulation binaries
Execute     source /home/samarth/Desktop/Vitis_HLS/2024.1/tps/tcl/tcllib1.11.1/yaml/huddle.tcl 
Execute     source /home/samarth/Desktop/Vitis_HLS/2024.1/tps/tcl/tcllib1.11.1/yaml/json2huddle.tcl 
Execute       source /home/samarth/Desktop/Vitis_HLS/2024.1/tps/tcl/tcllib1.11.1/try/try.tcl 
Execute     ap_part_info -name xczu7ev-ffvc1156-2-e -data info 
Execute     source run_sim.tcl 
Command     ap_source done; error code: 1; 
INFO-FLOW: AESL_CSIM::c_sim errorInfo:

    while executing
"::AESL_CSIM::c_sim "$argn" "
ERROR: [SIM 211-100] 'csim_design' failed: nonzero return value.
INFO: [SIM 211-3] *************** CSIM finish ***************
INFO-FLOW: AESL_CSIM::csim_cmd_wrap errorInfo:
4
    while executing
"::AESL_CSIM::csim_cmd_wrap $args"
INFO-FLOW: Caught error in csim_design: 4
    while executing
"ap_internal_csim_design "
Command   csim_design done; error code: 2; 4.77 sec.
INFO: [HLS 200-2161] Finished Command csim_design Elapsed time: 00:00:04; Allocated memory: 0.000 MB.
Command ap_source done; error code: 1; 5.26 sec.
Execute cleanup_all 
INFO-FLOW: Workspace /home/samarth/Desktop/6g_ai_ran/snr_monitor/snr_monitor/solution1 opened at Sun Mar 01 15:26:17 IST 2026
Execute     ap_set_clock -name default -period 3.33 -unit ns -default=false 
INFO: [SYN 201-201] Setting up clock 'default' with a period of 3.33ns.
Execute     set_part xczu7ev-ffvc1156-2-e 
Execute       create_platform xczu7ev-ffvc1156-2-e -board  
DBG:HLSDevice: Trying to load device library: /home/samarth/Desktop/Vitis_HLS/2024.1/lib/lnx64.o/libxv_hlsvwrap.so
DBG:HLSDevice: first parts/arch.xml in RDI_DATADIR: /home/samarth/Desktop/Vivado/2024.1/data/parts/arch.xml
DBG:HLSDevice: init success
INFO: [HLS 200-1611] Setting target device to 'xczu7ev-ffvc1156-2-e'
Command       create_platform done; 0.26 sec.
Execute       source /home/samarth/Desktop/Vitis_HLS/2024.1/common/technology/xilinx/common/xilinx.gen 
Execute         source /home/samarth/Desktop/Vitis_HLS/2024.1/common/technology/xilinx/interface/plb46.gen 
Execute         source /home/samarth/Desktop/Vitis_HLS/2024.1/common/technology/xilinx/interface/axi4.gen 
Execute         source /home/samarth/Desktop/Vitis_HLS/2024.1/common/technology/xilinx/interface/nativeAXI4.gen 
Execute           source /home/samarth/Desktop/Vitis_HLS/2024.1/common/technology/xilinx/interface/saxilite.gen 
Execute         source /home/samarth/Desktop/Vitis_HLS/2024.1/common/technology/xilinx/scripts/xilinxcoregen.gen 
Execute         source /home/samarth/Desktop/Vitis_HLS/2024.1/common/technology/xilinx/interface/XilEDKCoreGen.gen 
Execute         source /home/samarth/Desktop/Vitis_HLS/2024.1/common/technology/xilinx/ip/dds_compiler.gen 
Execute         source /home/samarth/Desktop/Vitis_HLS/2024.1/common/technology/xilinx/ip/util.gen 
Execute         source /home/samarth/Desktop/Vitis_HLS/2024.1/common/technology/xilinx/ip/xfft.gen 
Execute         source /home/samarth/Desktop/Vitis_HLS/2024.1/common/technology/xilinx/ip/xfir.gen 
Execute         source /home/samarth/Desktop/Vitis_HLS/2024.1/common/technology/xilinx/DSP48/dsp48.gen 
Execute       ap_part_info -name xczu7ev-ffvc1156-2-e -data info 
Execute       config_compile -quiet -complex-mul-dsp=0 
Command     set_part done; 0.33 sec.
Execute     send_msg_by_id INFO @200-1505@%s%s  vivado 
INFO: [HLS 200-1505] Using flow_target 'vivado'
Command   open_solution done; 0.34 sec.
Execute   set_part xczu7ev-ffvc1156-2-e 
INFO: [HLS 200-1510] Running: set_part xczu7ev-ffvc1156-2-e 
Execute     create_platform xczu7ev-ffvc1156-2-e -board  
Execute     source /home/samarth/Desktop/Vitis_HLS/2024.1/common/technology/xilinx/common/xilinx.gen 
Execute       source /home/samarth/Desktop/Vitis_HLS/2024.1/common/technology/xilinx/interface/plb46.gen 
Execute       source /home/samarth/Desktop/Vitis_HLS/2024.1/common/technology/xilinx/interface/axi4.gen 
Execute       source /home/samarth/Desktop/Vitis_HLS/2024.1/common/technology/xilinx/interface/nativeAXI4.gen 
Execute         source /home/samarth/Desktop/Vitis_HLS/2024.1/common/technology/xilinx/interface/saxilite.gen 
Execute       source /home/samarth/Desktop/Vitis_HLS/2024.1/common/technology/xilinx/scripts/xilinxcoregen.gen 
Execute       source /home/samarth/Desktop/Vitis_HLS/2024.1/common/technology/xilinx/interface/XilEDKCoreGen.gen 
Execute       source /home/samarth/Desktop/Vitis_HLS/2024.1/common/technology/xilinx/ip/dds_compiler.gen 
Execute       source /home/samarth/Desktop/Vitis_HLS/2024.1/common/technology/xilinx/ip/util.gen 
Execute       source /home/samarth/Desktop/Vitis_HLS/2024.1/common/technology/xilinx/ip/xfft.gen 
Execute       source /home/samarth/Desktop/Vitis_HLS/2024.1/common/technology/xilinx/ip/xfir.gen 
Execute       source /home/samarth/Desktop/Vitis_HLS/2024.1/common/technology/xilinx/DSP48/dsp48.gen 
Execute     ap_part_info -name xczu7ev-ffvc1156-2-e -data info 
Execute     config_compile -quiet -complex-mul-dsp=0 
Command   set_part done; 0.11 sec.
Execute   create_clock -period 3.33 -name default 
INFO: [HLS 200-1510] Running: create_clock -period 3.33 -name default 
Execute   source ./snr_monitor/solution1/directives.tcl 
INFO: [HLS 200-1510] Running: source ./snr_monitor/solution1/directives.tcl
Execute   csim_design -quiet 
INFO: [HLS 200-1510] Running: csim_design -quiet 
INFO-FLOW: Running SLX 'csim' proc: ::SLX::run_csim
INFO: [SIM 211-2] *************** CSIM start ***************
INFO: [SIM 211-4] CSIM will launch CLANG as the compiler.
Execute     source csim/.lst_opt.tcl 
Execute     send_msg_by_id INFO @200-2036@%s debug 
INFO: [HLS 200-2036] Building debug C Simulation binaries
Execute     source /home/samarth/Desktop/Vitis_HLS/2024.1/tps/tcl/tcllib1.11.1/yaml/huddle.tcl 
Execute     source /home/samarth/Desktop/Vitis_HLS/2024.1/tps/tcl/tcllib1.11.1/yaml/json2huddle.tcl 
Execute       source /home/samarth/Desktop/Vitis_HLS/2024.1/tps/tcl/tcllib1.11.1/try/try.tcl 
Execute     ap_part_info -name xczu7ev-ffvc1156-2-e -data info 
Execute     source run_sim.tcl 
Command     ap_source done; error code: 1; 
INFO-FLOW: AESL_CSIM::c_sim errorInfo:

    while executing
"::AESL_CSIM::c_sim "$argn" "
ERROR: [SIM 211-100] 'csim_design' failed: nonzero return value.
INFO: [SIM 211-3] *************** CSIM finish ***************
INFO-FLOW: AESL_CSIM::csim_cmd_wrap errorInfo:
4
    while executing
"::AESL_CSIM::csim_cmd_wrap $args"
INFO-FLOW: Caught error in csim_design: 4
    while executing
"ap_internal_csim_design "
Command   csim_design done; error code: 2; 1.5 sec.
INFO: [HLS 200-2161] Finished Command csim_design Elapsed time: 00:00:01; Allocated memory: 0.000 MB.
Command ap_source done; error code: 1; 1.96 sec.
Execute cleanup_all 
INFO-FLOW: Workspace /home/samarth/Desktop/6g_ai_ran/snr_monitor/snr_monitor/solution1 opened at Sun Mar 01 15:29:40 IST 2026
Execute     ap_set_clock -name default -period 3.33 -unit ns -default=false 
INFO: [SYN 201-201] Setting up clock 'default' with a period of 3.33ns.
Execute     set_part xczu7ev-ffvc1156-2-e 
Execute       create_platform xczu7ev-ffvc1156-2-e -board  
DBG:HLSDevice: Trying to load device library: /home/samarth/Desktop/Vitis_HLS/2024.1/lib/lnx64.o/libxv_hlsvwrap.so
DBG:HLSDevice: first parts/arch.xml in RDI_DATADIR: /home/samarth/Desktop/Vivado/2024.1/data/parts/arch.xml
DBG:HLSDevice: init success
INFO: [HLS 200-1611] Setting target device to 'xczu7ev-ffvc1156-2-e'
Command       create_platform done; 0.27 sec.
Execute       source /home/samarth/Desktop/Vitis_HLS/2024.1/common/technology/xilinx/common/xilinx.gen 
Execute         source /home/samarth/Desktop/Vitis_HLS/2024.1/common/technology/xilinx/interface/plb46.gen 
Execute         source /home/samarth/Desktop/Vitis_HLS/2024.1/common/technology/xilinx/interface/axi4.gen 
Execute         source /home/samarth/Desktop/Vitis_HLS/2024.1/common/technology/xilinx/interface/nativeAXI4.gen 
Execute           source /home/samarth/Desktop/Vitis_HLS/2024.1/common/technology/xilinx/interface/saxilite.gen 
Execute         source /home/samarth/Desktop/Vitis_HLS/2024.1/common/technology/xilinx/scripts/xilinxcoregen.gen 
Execute         source /home/samarth/Desktop/Vitis_HLS/2024.1/common/technology/xilinx/interface/XilEDKCoreGen.gen 
Execute         source /home/samarth/Desktop/Vitis_HLS/2024.1/common/technology/xilinx/ip/dds_compiler.gen 
Execute         source /home/samarth/Desktop/Vitis_HLS/2024.1/common/technology/xilinx/ip/util.gen 
Execute         source /home/samarth/Desktop/Vitis_HLS/2024.1/common/technology/xilinx/ip/xfft.gen 
Execute         source /home/samarth/Desktop/Vitis_HLS/2024.1/common/technology/xilinx/ip/xfir.gen 
Execute         source /home/samarth/Desktop/Vitis_HLS/2024.1/common/technology/xilinx/DSP48/dsp48.gen 
Execute       ap_part_info -name xczu7ev-ffvc1156-2-e -data info 
Execute       config_compile -quiet -complex-mul-dsp=0 
Command     set_part done; 0.34 sec.
Execute     send_msg_by_id INFO @200-1505@%s%s  vivado 
INFO: [HLS 200-1505] Using flow_target 'vivado'
Command   open_solution done; 0.34 sec.
Execute   set_part xczu7ev-ffvc1156-2-e 
INFO: [HLS 200-1510] Running: set_part xczu7ev-ffvc1156-2-e 
Execute     create_platform xczu7ev-ffvc1156-2-e -board  
Execute     source /home/samarth/Desktop/Vitis_HLS/2024.1/common/technology/xilinx/common/xilinx.gen 
Execute       source /home/samarth/Desktop/Vitis_HLS/2024.1/common/technology/xilinx/interface/plb46.gen 
Execute       source /home/samarth/Desktop/Vitis_HLS/2024.1/common/technology/xilinx/interface/axi4.gen 
Execute       source /home/samarth/Desktop/Vitis_HLS/2024.1/common/technology/xilinx/interface/nativeAXI4.gen 
Execute         source /home/samarth/Desktop/Vitis_HLS/2024.1/common/technology/xilinx/interface/saxilite.gen 
Execute       source /home/samarth/Desktop/Vitis_HLS/2024.1/common/technology/xilinx/scripts/xilinxcoregen.gen 
Execute       source /home/samarth/Desktop/Vitis_HLS/2024.1/common/technology/xilinx/interface/XilEDKCoreGen.gen 
Execute       source /home/samarth/Desktop/Vitis_HLS/2024.1/common/technology/xilinx/ip/dds_compiler.gen 
Execute       source /home/samarth/Desktop/Vitis_HLS/2024.1/common/technology/xilinx/ip/util.gen 
Execute       source /home/samarth/Desktop/Vitis_HLS/2024.1/common/technology/xilinx/ip/xfft.gen 
Execute       source /home/samarth/Desktop/Vitis_HLS/2024.1/common/technology/xilinx/ip/xfir.gen 
Execute       source /home/samarth/Desktop/Vitis_HLS/2024.1/common/technology/xilinx/DSP48/dsp48.gen 
Execute     ap_part_info -name xczu7ev-ffvc1156-2-e -data info 
Execute     config_compile -quiet -complex-mul-dsp=0 
Command   set_part done; 0.12 sec.
Execute   create_clock -period 3.33 -name default 
INFO: [HLS 200-1510] Running: create_clock -period 3.33 -name default 
Execute   source ./snr_monitor/solution1/directives.tcl 
INFO: [HLS 200-1510] Running: source ./snr_monitor/solution1/directives.tcl
Execute   csim_design -quiet 
INFO: [HLS 200-1510] Running: csim_design -quiet 
INFO-FLOW: Running SLX 'csim' proc: ::SLX::run_csim
INFO: [SIM 211-2] *************** CSIM start ***************
INFO: [SIM 211-4] CSIM will launch CLANG as the compiler.
Execute     source csim/.lst_opt.tcl 
Execute     send_msg_by_id INFO @200-2036@%s debug 
INFO: [HLS 200-2036] Building debug C Simulation binaries
Execute     source /home/samarth/Desktop/Vitis_HLS/2024.1/tps/tcl/tcllib1.11.1/yaml/huddle.tcl 
Execute     source /home/samarth/Desktop/Vitis_HLS/2024.1/tps/tcl/tcllib1.11.1/yaml/json2huddle.tcl 
Execute       source /home/samarth/Desktop/Vitis_HLS/2024.1/tps/tcl/tcllib1.11.1/try/try.tcl 
Execute     ap_part_info -name xczu7ev-ffvc1156-2-e -data info 
Execute     source run_sim.tcl 
Command     ap_source done; error code: 1; 
INFO-FLOW: AESL_CSIM::c_sim errorInfo:

    while executing
"::AESL_CSIM::c_sim "$argn" "
ERROR: [SIM 211-100] 'csim_design' failed: nonzero return value.
INFO: [SIM 211-3] *************** CSIM finish ***************
INFO-FLOW: AESL_CSIM::csim_cmd_wrap errorInfo:
4
    while executing
"::AESL_CSIM::csim_cmd_wrap $args"
INFO-FLOW: Caught error in csim_design: 4
    while executing
"ap_internal_csim_design "
Command   csim_design done; error code: 2; 3.08 sec.
INFO: [HLS 200-2161] Finished Command csim_design Elapsed time: 00:00:03; Allocated memory: 0.000 MB.
Command ap_source done; error code: 1; 3.55 sec.
Execute cleanup_all 
INFO-FLOW: Workspace /home/samarth/Desktop/6g_ai_ran/snr_monitor/snr_monitor/solution1 opened at Mon Mar 02 11:07:10 IST 2026
Execute     ap_set_clock -name default -period 3.33 -unit ns -default=false 
INFO: [SYN 201-201] Setting up clock 'default' with a period of 3.33ns.
Execute     set_part xczu7ev-ffvc1156-2-e 
Execute       create_platform xczu7ev-ffvc1156-2-e -board  
DBG:HLSDevice: Trying to load device library: /home/samarth/Desktop/Vitis_HLS/2024.1/lib/lnx64.o/libxv_hlsvwrap.so
DBG:HLSDevice: first parts/arch.xml in RDI_DATADIR: /home/samarth/Desktop/Vivado/2024.1/data/parts/arch.xml
DBG:HLSDevice: init success
INFO: [HLS 200-1611] Setting target device to 'xczu7ev-ffvc1156-2-e'
Command       create_platform done; 0.53 sec.
Execute       source /home/samarth/Desktop/Vitis_HLS/2024.1/common/technology/xilinx/common/xilinx.gen 
Execute         source /home/samarth/Desktop/Vitis_HLS/2024.1/common/technology/xilinx/interface/plb46.gen 
Execute         source /home/samarth/Desktop/Vitis_HLS/2024.1/common/technology/xilinx/interface/axi4.gen 
Execute         source /home/samarth/Desktop/Vitis_HLS/2024.1/common/technology/xilinx/interface/nativeAXI4.gen 
Execute           source /home/samarth/Desktop/Vitis_HLS/2024.1/common/technology/xilinx/interface/saxilite.gen 
Execute         source /home/samarth/Desktop/Vitis_HLS/2024.1/common/technology/xilinx/scripts/xilinxcoregen.gen 
Execute         source /home/samarth/Desktop/Vitis_HLS/2024.1/common/technology/xilinx/interface/XilEDKCoreGen.gen 
Execute         source /home/samarth/Desktop/Vitis_HLS/2024.1/common/technology/xilinx/ip/dds_compiler.gen 
Execute         source /home/samarth/Desktop/Vitis_HLS/2024.1/common/technology/xilinx/ip/util.gen 
Execute         source /home/samarth/Desktop/Vitis_HLS/2024.1/common/technology/xilinx/ip/xfft.gen 
Execute         source /home/samarth/Desktop/Vitis_HLS/2024.1/common/technology/xilinx/ip/xfir.gen 
Execute         source /home/samarth/Desktop/Vitis_HLS/2024.1/common/technology/xilinx/DSP48/dsp48.gen 
Execute       ap_part_info -name xczu7ev-ffvc1156-2-e -data info 
Execute       config_compile -quiet -complex-mul-dsp=0 
Command     set_part done; 0.63 sec.
Execute     send_msg_by_id INFO @200-1505@%s%s  vivado 
INFO: [HLS 200-1505] Using flow_target 'vivado'
Command   open_solution done; 0.65 sec.
Execute   set_part xczu7ev-ffvc1156-2-e 
INFO: [HLS 200-1510] Running: set_part xczu7ev-ffvc1156-2-e 
Execute     create_platform xczu7ev-ffvc1156-2-e -board  
Execute     source /home/samarth/Desktop/Vitis_HLS/2024.1/common/technology/xilinx/common/xilinx.gen 
Execute       source /home/samarth/Desktop/Vitis_HLS/2024.1/common/technology/xilinx/interface/plb46.gen 
Execute       source /home/samarth/Desktop/Vitis_HLS/2024.1/common/technology/xilinx/interface/axi4.gen 
Execute       source /home/samarth/Desktop/Vitis_HLS/2024.1/common/technology/xilinx/interface/nativeAXI4.gen 
Execute         source /home/samarth/Desktop/Vitis_HLS/2024.1/common/technology/xilinx/interface/saxilite.gen 
Execute       source /home/samarth/Desktop/Vitis_HLS/2024.1/common/technology/xilinx/scripts/xilinxcoregen.gen 
Execute       source /home/samarth/Desktop/Vitis_HLS/2024.1/common/technology/xilinx/interface/XilEDKCoreGen.gen 
Execute       source /home/samarth/Desktop/Vitis_HLS/2024.1/common/technology/xilinx/ip/dds_compiler.gen 
Execute       source /home/samarth/Desktop/Vitis_HLS/2024.1/common/technology/xilinx/ip/util.gen 
Execute       source /home/samarth/Desktop/Vitis_HLS/2024.1/common/technology/xilinx/ip/xfft.gen 
Execute       source /home/samarth/Desktop/Vitis_HLS/2024.1/common/technology/xilinx/ip/xfir.gen 
Execute       source /home/samarth/Desktop/Vitis_HLS/2024.1/common/technology/xilinx/DSP48/dsp48.gen 
Execute     ap_part_info -name xczu7ev-ffvc1156-2-e -data info 
Execute     config_compile -quiet -complex-mul-dsp=0 
Command   set_part done; 0.17 sec.
Execute   create_clock -period 3.33 -name default 
INFO: [HLS 200-1510] Running: create_clock -period 3.33 -name default 
Execute   csim_design -quiet 
INFO: [HLS 200-1510] Running: csim_design -quiet 
INFO-FLOW: Running SLX 'csim' proc: ::SLX::run_csim
INFO: [SIM 211-2] *************** CSIM start ***************
INFO: [SIM 211-4] CSIM will launch CLANG as the compiler.
Execute     source csim/.lst_opt.tcl 
Execute     send_msg_by_id INFO @200-2036@%s debug 
INFO: [HLS 200-2036] Building debug C Simulation binaries
Execute     source /home/samarth/Desktop/Vitis_HLS/2024.1/tps/tcl/tcllib1.11.1/yaml/huddle.tcl 
Execute     source /home/samarth/Desktop/Vitis_HLS/2024.1/tps/tcl/tcllib1.11.1/yaml/json2huddle.tcl 
Execute       source /home/samarth/Desktop/Vitis_HLS/2024.1/tps/tcl/tcllib1.11.1/try/try.tcl 
Execute     ap_part_info -name xczu7ev-ffvc1156-2-e -data info 
Execute     source run_sim.tcl 
Command     ap_source done; error code: 1; 
INFO-FLOW: AESL_CSIM::c_sim errorInfo:

    while executing
"::AESL_CSIM::c_sim "$argn" "
ERROR: [SIM 211-100] 'csim_design' failed: nonzero return value.
INFO: [SIM 211-3] *************** CSIM finish ***************
INFO-FLOW: AESL_CSIM::csim_cmd_wrap errorInfo:
4
    while executing
"::AESL_CSIM::csim_cmd_wrap $args"
INFO-FLOW: Caught error in csim_design: 4
    while executing
"ap_internal_csim_design "
Command   csim_design done; error code: 2; 0.23 sec.
INFO: [HLS 200-2161] Finished Command csim_design Elapsed time: 00:00:00; Allocated memory: 0.000 MB.
Command ap_source done; error code: 1; 1.08 sec.
Execute cleanup_all 
INFO-FLOW: Workspace /home/samarth/Desktop/6g_ai_ran/snr_monitor/snr_monitor/solution1 opened at Mon Mar 02 11:10:01 IST 2026
Execute     ap_set_clock -name default -period 3.33 -unit ns -default=false 
INFO: [SYN 201-201] Setting up clock 'default' with a period of 3.33ns.
Execute     set_part xczu7ev-ffvc1156-2-e 
Execute       create_platform xczu7ev-ffvc1156-2-e -board  
DBG:HLSDevice: Trying to load device library: /home/samarth/Desktop/Vitis_HLS/2024.1/lib/lnx64.o/libxv_hlsvwrap.so
DBG:HLSDevice: first parts/arch.xml in RDI_DATADIR: /home/samarth/Desktop/Vivado/2024.1/data/parts/arch.xml
DBG:HLSDevice: init success
INFO: [HLS 200-1611] Setting target device to 'xczu7ev-ffvc1156-2-e'
Command       create_platform done; 0.62 sec.
Execute       source /home/samarth/Desktop/Vitis_HLS/2024.1/common/technology/xilinx/common/xilinx.gen 
Execute         source /home/samarth/Desktop/Vitis_HLS/2024.1/common/technology/xilinx/interface/plb46.gen 
Execute         source /home/samarth/Desktop/Vitis_HLS/2024.1/common/technology/xilinx/interface/axi4.gen 
Execute         source /home/samarth/Desktop/Vitis_HLS/2024.1/common/technology/xilinx/interface/nativeAXI4.gen 
Execute           source /home/samarth/Desktop/Vitis_HLS/2024.1/common/technology/xilinx/interface/saxilite.gen 
Execute         source /home/samarth/Desktop/Vitis_HLS/2024.1/common/technology/xilinx/scripts/xilinxcoregen.gen 
Execute         source /home/samarth/Desktop/Vitis_HLS/2024.1/common/technology/xilinx/interface/XilEDKCoreGen.gen 
Execute         source /home/samarth/Desktop/Vitis_HLS/2024.1/common/technology/xilinx/ip/dds_compiler.gen 
Execute         source /home/samarth/Desktop/Vitis_HLS/2024.1/common/technology/xilinx/ip/util.gen 
Execute         source /home/samarth/Desktop/Vitis_HLS/2024.1/common/technology/xilinx/ip/xfft.gen 
Command         ap_source done; 0.14 sec.
Execute         source /home/samarth/Desktop/Vitis_HLS/2024.1/common/technology/xilinx/ip/xfir.gen 
Execute         source /home/samarth/Desktop/Vitis_HLS/2024.1/common/technology/xilinx/DSP48/dsp48.gen 
Command       ap_source done; 0.19 sec.
Execute       ap_part_info -name xczu7ev-ffvc1156-2-e -data info 
Execute       config_compile -quiet -complex-mul-dsp=0 
Command     set_part done; 0.82 sec.
Execute     send_msg_by_id INFO @200-1505@%s%s  vivado 
INFO: [HLS 200-1505] Using flow_target 'vivado'
Command   open_solution done; 0.84 sec.
Execute   set_part xczu7ev-ffvc1156-2-e 
INFO: [HLS 200-1510] Running: set_part xczu7ev-ffvc1156-2-e 
Execute     create_platform xczu7ev-ffvc1156-2-e -board  
Command     create_platform done; 0.13 sec.
Execute     source /home/samarth/Desktop/Vitis_HLS/2024.1/common/technology/xilinx/common/xilinx.gen 
Execute       source /home/samarth/Desktop/Vitis_HLS/2024.1/common/technology/xilinx/interface/plb46.gen 
Execute       source /home/samarth/Desktop/Vitis_HLS/2024.1/common/technology/xilinx/interface/axi4.gen 
Execute       source /home/samarth/Desktop/Vitis_HLS/2024.1/common/technology/xilinx/interface/nativeAXI4.gen 
Execute         source /home/samarth/Desktop/Vitis_HLS/2024.1/common/technology/xilinx/interface/saxilite.gen 
Execute       source /home/samarth/Desktop/Vitis_HLS/2024.1/common/technology/xilinx/scripts/xilinxcoregen.gen 
Execute       source /home/samarth/Desktop/Vitis_HLS/2024.1/common/technology/xilinx/interface/XilEDKCoreGen.gen 
Execute       source /home/samarth/Desktop/Vitis_HLS/2024.1/common/technology/xilinx/ip/dds_compiler.gen 
Execute       source /home/samarth/Desktop/Vitis_HLS/2024.1/common/technology/xilinx/ip/util.gen 
Execute       source /home/samarth/Desktop/Vitis_HLS/2024.1/common/technology/xilinx/ip/xfft.gen 
Execute       source /home/samarth/Desktop/Vitis_HLS/2024.1/common/technology/xilinx/ip/xfir.gen 
Execute       source /home/samarth/Desktop/Vitis_HLS/2024.1/common/technology/xilinx/DSP48/dsp48.gen 
Command     ap_source done; 0.12 sec.
Execute     ap_part_info -name xczu7ev-ffvc1156-2-e -data info 
Execute     config_compile -quiet -complex-mul-dsp=0 
Command   set_part done; 0.26 sec.
Execute   create_clock -period 3.33 -name default 
INFO: [HLS 200-1510] Running: create_clock -period 3.33 -name default 
Execute   csim_design -clean -quiet 
INFO: [HLS 200-1510] Running: csim_design -clean -quiet 
INFO-FLOW: Running SLX 'csim' proc: ::SLX::run_csim
INFO: [SIM 211-2] *************** CSIM start ***************
INFO: [SIM 211-4] CSIM will launch CLANG as the compiler.
Execute     source csim/.lst_opt.tcl 
Execute     send_msg_by_id INFO @200-2036@%s debug 
INFO: [HLS 200-2036] Building debug C Simulation binaries
Execute     source /home/samarth/Desktop/Vitis_HLS/2024.1/tps/tcl/tcllib1.11.1/yaml/huddle.tcl 
Execute     source /home/samarth/Desktop/Vitis_HLS/2024.1/tps/tcl/tcllib1.11.1/yaml/json2huddle.tcl 
Execute       source /home/samarth/Desktop/Vitis_HLS/2024.1/tps/tcl/tcllib1.11.1/try/try.tcl 
Execute     ap_part_info -name xczu7ev-ffvc1156-2-e -data info 
Execute     source run_sim.tcl 
Command     ap_source done; error code: 1; 
INFO-FLOW: AESL_CSIM::c_sim errorInfo:

    while executing
"::AESL_CSIM::c_sim "$argn" "
ERROR: [SIM 211-100] 'csim_design' failed: nonzero return value.
INFO: [SIM 211-3] *************** CSIM finish ***************
INFO-FLOW: AESL_CSIM::csim_cmd_wrap errorInfo:
4
    while executing
"::AESL_CSIM::csim_cmd_wrap $args"
INFO-FLOW: Caught error in csim_design: 4
    while executing
"ap_internal_csim_design "
Command   csim_design done; error code: 2; 7.89 sec.
INFO: [HLS 200-2161] Finished Command csim_design Elapsed time: 00:00:07; Allocated memory: 0.000 MB.
Command ap_source done; error code: 1; 9.03 sec.
Execute cleanup_all 
INFO-FLOW: Workspace /home/samarth/Desktop/6g_ai_ran/snr_monitor/snr_monitor/solution1 opened at Mon Mar 02 11:15:08 IST 2026
Execute     ap_set_clock -name default -period 3.33 -unit ns -default=false 
INFO: [SYN 201-201] Setting up clock 'default' with a period of 3.33ns.
Execute     set_part xczu7ev-ffvc1156-2-e 
Execute       create_platform xczu7ev-ffvc1156-2-e -board  
DBG:HLSDevice: Trying to load device library: /home/samarth/Desktop/Vitis_HLS/2024.1/lib/lnx64.o/libxv_hlsvwrap.so
DBG:HLSDevice: first parts/arch.xml in RDI_DATADIR: /home/samarth/Desktop/Vivado/2024.1/data/parts/arch.xml
DBG:HLSDevice: init success
INFO: [HLS 200-1611] Setting target device to 'xczu7ev-ffvc1156-2-e'
Command       create_platform done; 0.55 sec.
Execute       source /home/samarth/Desktop/Vitis_HLS/2024.1/common/technology/xilinx/common/xilinx.gen 
Execute         source /home/samarth/Desktop/Vitis_HLS/2024.1/common/technology/xilinx/interface/plb46.gen 
Execute         source /home/samarth/Desktop/Vitis_HLS/2024.1/common/technology/xilinx/interface/axi4.gen 
Execute         source /home/samarth/Desktop/Vitis_HLS/2024.1/common/technology/xilinx/interface/nativeAXI4.gen 
Execute           source /home/samarth/Desktop/Vitis_HLS/2024.1/common/technology/xilinx/interface/saxilite.gen 
Execute         source /home/samarth/Desktop/Vitis_HLS/2024.1/common/technology/xilinx/scripts/xilinxcoregen.gen 
Execute         source /home/samarth/Desktop/Vitis_HLS/2024.1/common/technology/xilinx/interface/XilEDKCoreGen.gen 
Execute         source /home/samarth/Desktop/Vitis_HLS/2024.1/common/technology/xilinx/ip/dds_compiler.gen 
Execute         source /home/samarth/Desktop/Vitis_HLS/2024.1/common/technology/xilinx/ip/util.gen 
Execute         source /home/samarth/Desktop/Vitis_HLS/2024.1/common/technology/xilinx/ip/xfft.gen 
Execute         source /home/samarth/Desktop/Vitis_HLS/2024.1/common/technology/xilinx/ip/xfir.gen 
Execute         source /home/samarth/Desktop/Vitis_HLS/2024.1/common/technology/xilinx/DSP48/dsp48.gen 
Command       ap_source done; 0.14 sec.
Execute       ap_part_info -name xczu7ev-ffvc1156-2-e -data info 
Execute       config_compile -quiet -complex-mul-dsp=0 
Command     set_part done; 0.69 sec.
Execute     send_msg_by_id INFO @200-1505@%s%s  vivado 
INFO: [HLS 200-1505] Using flow_target 'vivado'
Command   open_solution done; 0.71 sec.
Execute   set_part xczu7ev-ffvc1156-2-e 
INFO: [HLS 200-1510] Running: set_part xczu7ev-ffvc1156-2-e 
Execute     create_platform xczu7ev-ffvc1156-2-e -board  
Execute     source /home/samarth/Desktop/Vitis_HLS/2024.1/common/technology/xilinx/common/xilinx.gen 
Execute       source /home/samarth/Desktop/Vitis_HLS/2024.1/common/technology/xilinx/interface/plb46.gen 
Execute       source /home/samarth/Desktop/Vitis_HLS/2024.1/common/technology/xilinx/interface/axi4.gen 
Execute       source /home/samarth/Desktop/Vitis_HLS/2024.1/common/technology/xilinx/interface/nativeAXI4.gen 
Execute         source /home/samarth/Desktop/Vitis_HLS/2024.1/common/technology/xilinx/interface/saxilite.gen 
Execute       source /home/samarth/Desktop/Vitis_HLS/2024.1/common/technology/xilinx/scripts/xilinxcoregen.gen 
Execute       source /home/samarth/Desktop/Vitis_HLS/2024.1/common/technology/xilinx/interface/XilEDKCoreGen.gen 
Execute       source /home/samarth/Desktop/Vitis_HLS/2024.1/common/technology/xilinx/ip/dds_compiler.gen 
Execute       source /home/samarth/Desktop/Vitis_HLS/2024.1/common/technology/xilinx/ip/util.gen 
Execute       source /home/samarth/Desktop/Vitis_HLS/2024.1/common/technology/xilinx/ip/xfft.gen 
Execute       source /home/samarth/Desktop/Vitis_HLS/2024.1/common/technology/xilinx/ip/xfir.gen 
Execute       source /home/samarth/Desktop/Vitis_HLS/2024.1/common/technology/xilinx/DSP48/dsp48.gen 
Execute     ap_part_info -name xczu7ev-ffvc1156-2-e -data info 
Execute     config_compile -quiet -complex-mul-dsp=0 
Command   set_part done; 0.17 sec.
Execute   create_clock -period 3.33 -name default 
INFO: [HLS 200-1510] Running: create_clock -period 3.33 -name default 
Execute   csim_design -clean -quiet 
INFO: [HLS 200-1510] Running: csim_design -clean -quiet 
INFO-FLOW: Running SLX 'csim' proc: ::SLX::run_csim
INFO: [SIM 211-2] *************** CSIM start ***************
INFO: [SIM 211-4] CSIM will launch CLANG as the compiler.
Execute     source csim/.lst_opt.tcl 
Execute     send_msg_by_id INFO @200-2036@%s debug 
INFO: [HLS 200-2036] Building debug C Simulation binaries
Execute     source /home/samarth/Desktop/Vitis_HLS/2024.1/tps/tcl/tcllib1.11.1/yaml/huddle.tcl 
Execute     source /home/samarth/Desktop/Vitis_HLS/2024.1/tps/tcl/tcllib1.11.1/yaml/json2huddle.tcl 
Execute       source /home/samarth/Desktop/Vitis_HLS/2024.1/tps/tcl/tcllib1.11.1/try/try.tcl 
Execute     ap_part_info -name xczu7ev-ffvc1156-2-e -data info 
Execute     source run_sim.tcl 
Command     ap_source done; error code: 1; 
INFO-FLOW: AESL_CSIM::c_sim errorInfo:

    while executing
"::AESL_CSIM::c_sim "$argn" "
ERROR: [SIM 211-100] 'csim_design' failed: nonzero return value.
INFO: [SIM 211-3] *************** CSIM finish ***************
INFO-FLOW: AESL_CSIM::csim_cmd_wrap errorInfo:
4
    while executing
"::AESL_CSIM::csim_cmd_wrap $args"
INFO-FLOW: Caught error in csim_design: 4
    while executing
"ap_internal_csim_design "
Command   csim_design done; error code: 2; 6.88 sec.
INFO: [HLS 200-2161] Finished Command csim_design Elapsed time: 00:00:06; Allocated memory: 0.000 MB.
Command ap_source done; error code: 1; 7.8 sec.
Execute cleanup_all 
INFO-FLOW: Workspace /home/samarth/Desktop/6g_ai_ran/snr_monitor/snr_monitor/solution1 opened at Mon Mar 02 11:21:33 IST 2026
Execute     ap_set_clock -name default -period 3.33 -unit ns -default=false 
INFO: [SYN 201-201] Setting up clock 'default' with a period of 3.33ns.
Execute     set_part xczu7ev-ffvc1156-2-e 
Execute       create_platform xczu7ev-ffvc1156-2-e -board  
DBG:HLSDevice: Trying to load device library: /home/samarth/Desktop/Vitis_HLS/2024.1/lib/lnx64.o/libxv_hlsvwrap.so
DBG:HLSDevice: first parts/arch.xml in RDI_DATADIR: /home/samarth/Desktop/Vivado/2024.1/data/parts/arch.xml
DBG:HLSDevice: init success
INFO: [HLS 200-1611] Setting target device to 'xczu7ev-ffvc1156-2-e'
Command       create_platform done; 0.52 sec.
Execute       source /home/samarth/Desktop/Vitis_HLS/2024.1/common/technology/xilinx/common/xilinx.gen 
Execute         source /home/samarth/Desktop/Vitis_HLS/2024.1/common/technology/xilinx/interface/plb46.gen 
Execute         source /home/samarth/Desktop/Vitis_HLS/2024.1/common/technology/xilinx/interface/axi4.gen 
Execute         source /home/samarth/Desktop/Vitis_HLS/2024.1/common/technology/xilinx/interface/nativeAXI4.gen 
Execute           source /home/samarth/Desktop/Vitis_HLS/2024.1/common/technology/xilinx/interface/saxilite.gen 
Execute         source /home/samarth/Desktop/Vitis_HLS/2024.1/common/technology/xilinx/scripts/xilinxcoregen.gen 
Execute         source /home/samarth/Desktop/Vitis_HLS/2024.1/common/technology/xilinx/interface/XilEDKCoreGen.gen 
Execute         source /home/samarth/Desktop/Vitis_HLS/2024.1/common/technology/xilinx/ip/dds_compiler.gen 
Execute         source /home/samarth/Desktop/Vitis_HLS/2024.1/common/technology/xilinx/ip/util.gen 
Execute         source /home/samarth/Desktop/Vitis_HLS/2024.1/common/technology/xilinx/ip/xfft.gen 
Execute         source /home/samarth/Desktop/Vitis_HLS/2024.1/common/technology/xilinx/ip/xfir.gen 
Execute         source /home/samarth/Desktop/Vitis_HLS/2024.1/common/technology/xilinx/DSP48/dsp48.gen 
Command       ap_source done; 0.11 sec.
Execute       ap_part_info -name xczu7ev-ffvc1156-2-e -data info 
Execute       config_compile -quiet -complex-mul-dsp=0 
Command     set_part done; 0.64 sec.
Execute     send_msg_by_id INFO @200-1505@%s%s  vivado 
INFO: [HLS 200-1505] Using flow_target 'vivado'
Command   open_solution done; 0.66 sec.
Execute   set_part xczu7ev-ffvc1156-2-e 
INFO: [HLS 200-1510] Running: set_part xczu7ev-ffvc1156-2-e 
Execute     create_platform xczu7ev-ffvc1156-2-e -board  
Command     create_platform done; 0.11 sec.
Execute     source /home/samarth/Desktop/Vitis_HLS/2024.1/common/technology/xilinx/common/xilinx.gen 
Execute       source /home/samarth/Desktop/Vitis_HLS/2024.1/common/technology/xilinx/interface/plb46.gen 
Execute       source /home/samarth/Desktop/Vitis_HLS/2024.1/common/technology/xilinx/interface/axi4.gen 
Execute       source /home/samarth/Desktop/Vitis_HLS/2024.1/common/technology/xilinx/interface/nativeAXI4.gen 
Execute         source /home/samarth/Desktop/Vitis_HLS/2024.1/common/technology/xilinx/interface/saxilite.gen 
Execute       source /home/samarth/Desktop/Vitis_HLS/2024.1/common/technology/xilinx/scripts/xilinxcoregen.gen 
Execute       source /home/samarth/Desktop/Vitis_HLS/2024.1/common/technology/xilinx/interface/XilEDKCoreGen.gen 
Execute       source /home/samarth/Desktop/Vitis_HLS/2024.1/common/technology/xilinx/ip/dds_compiler.gen 
Execute       source /home/samarth/Desktop/Vitis_HLS/2024.1/common/technology/xilinx/ip/util.gen 
Execute       source /home/samarth/Desktop/Vitis_HLS/2024.1/common/technology/xilinx/ip/xfft.gen 
Execute       source /home/samarth/Desktop/Vitis_HLS/2024.1/common/technology/xilinx/ip/xfir.gen 
Execute       source /home/samarth/Desktop/Vitis_HLS/2024.1/common/technology/xilinx/DSP48/dsp48.gen 
Execute     ap_part_info -name xczu7ev-ffvc1156-2-e -data info 
Execute     config_compile -quiet -complex-mul-dsp=0 
Command   set_part done; 0.22 sec.
Execute   create_clock -period 3.33 -name default 
INFO: [HLS 200-1510] Running: create_clock -period 3.33 -name default 
Execute   csim_design -quiet 
INFO: [HLS 200-1510] Running: csim_design -quiet 
INFO-FLOW: Running SLX 'csim' proc: ::SLX::run_csim
INFO: [SIM 211-2] *************** CSIM start ***************
INFO: [SIM 211-4] CSIM will launch CLANG as the compiler.
Execute     source csim/.lst_opt.tcl 
Execute     send_msg_by_id INFO @200-2036@%s debug 
INFO: [HLS 200-2036] Building debug C Simulation binaries
Execute     source /home/samarth/Desktop/Vitis_HLS/2024.1/tps/tcl/tcllib1.11.1/yaml/huddle.tcl 
Execute     source /home/samarth/Desktop/Vitis_HLS/2024.1/tps/tcl/tcllib1.11.1/yaml/json2huddle.tcl 
Execute       source /home/samarth/Desktop/Vitis_HLS/2024.1/tps/tcl/tcllib1.11.1/try/try.tcl 
Execute     ap_part_info -name xczu7ev-ffvc1156-2-e -data info 
Execute     source run_sim.tcl 
Command     ap_source done; error code: 1; 
INFO-FLOW: AESL_CSIM::c_sim errorInfo:

    while executing
"::AESL_CSIM::c_sim "$argn" "
ERROR: [SIM 211-100] 'csim_design' failed: nonzero return value.
INFO: [SIM 211-3] *************** CSIM finish ***************
INFO-FLOW: AESL_CSIM::csim_cmd_wrap errorInfo:
4
    while executing
"::AESL_CSIM::csim_cmd_wrap $args"
INFO-FLOW: Caught error in csim_design: 4
    while executing
"ap_internal_csim_design "
Command   csim_design done; error code: 2; 0.3 sec.
INFO: [HLS 200-2161] Finished Command csim_design Elapsed time: 00:00:00; Allocated memory: 0.000 MB.
Command ap_source done; error code: 1; 1.21 sec.
Execute cleanup_all 
INFO-FLOW: Workspace /home/samarth/Desktop/6g_ai_ran/snr_monitor/snr_monitor/solution1 opened at Mon Mar 02 11:22:04 IST 2026
Execute     ap_set_clock -name default -period 3.33 -unit ns -default=false 
INFO: [SYN 201-201] Setting up clock 'default' with a period of 3.33ns.
Execute     set_part xczu7ev-ffvc1156-2-e 
Execute       create_platform xczu7ev-ffvc1156-2-e -board  
DBG:HLSDevice: Trying to load device library: /home/samarth/Desktop/Vitis_HLS/2024.1/lib/lnx64.o/libxv_hlsvwrap.so
DBG:HLSDevice: first parts/arch.xml in RDI_DATADIR: /home/samarth/Desktop/Vivado/2024.1/data/parts/arch.xml
DBG:HLSDevice: init success
INFO: [HLS 200-1611] Setting target device to 'xczu7ev-ffvc1156-2-e'
Command       create_platform done; 0.49 sec.
Execute       source /home/samarth/Desktop/Vitis_HLS/2024.1/common/technology/xilinx/common/xilinx.gen 
Execute         source /home/samarth/Desktop/Vitis_HLS/2024.1/common/technology/xilinx/interface/plb46.gen 
Execute         source /home/samarth/Desktop/Vitis_HLS/2024.1/common/technology/xilinx/interface/axi4.gen 
Execute         source /home/samarth/Desktop/Vitis_HLS/2024.1/common/technology/xilinx/interface/nativeAXI4.gen 
Execute           source /home/samarth/Desktop/Vitis_HLS/2024.1/common/technology/xilinx/interface/saxilite.gen 
Execute         source /home/samarth/Desktop/Vitis_HLS/2024.1/common/technology/xilinx/scripts/xilinxcoregen.gen 
Execute         source /home/samarth/Desktop/Vitis_HLS/2024.1/common/technology/xilinx/interface/XilEDKCoreGen.gen 
Execute         source /home/samarth/Desktop/Vitis_HLS/2024.1/common/technology/xilinx/ip/dds_compiler.gen 
Execute         source /home/samarth/Desktop/Vitis_HLS/2024.1/common/technology/xilinx/ip/util.gen 
Execute         source /home/samarth/Desktop/Vitis_HLS/2024.1/common/technology/xilinx/ip/xfft.gen 
Execute         source /home/samarth/Desktop/Vitis_HLS/2024.1/common/technology/xilinx/ip/xfir.gen 
Execute         source /home/samarth/Desktop/Vitis_HLS/2024.1/common/technology/xilinx/DSP48/dsp48.gen 
Command       ap_source done; 0.11 sec.
Execute       ap_part_info -name xczu7ev-ffvc1156-2-e -data info 
Execute       config_compile -quiet -complex-mul-dsp=0 
Command     set_part done; 0.62 sec.
Execute     send_msg_by_id INFO @200-1505@%s%s  vivado 
INFO: [HLS 200-1505] Using flow_target 'vivado'
Command   open_solution done; 0.63 sec.
Execute   set_part xczu7ev-ffvc1156-2-e 
INFO: [HLS 200-1510] Running: set_part xczu7ev-ffvc1156-2-e 
Execute     create_platform xczu7ev-ffvc1156-2-e -board  
Execute     source /home/samarth/Desktop/Vitis_HLS/2024.1/common/technology/xilinx/common/xilinx.gen 
Execute       source /home/samarth/Desktop/Vitis_HLS/2024.1/common/technology/xilinx/interface/plb46.gen 
Execute       source /home/samarth/Desktop/Vitis_HLS/2024.1/common/technology/xilinx/interface/axi4.gen 
Execute       source /home/samarth/Desktop/Vitis_HLS/2024.1/common/technology/xilinx/interface/nativeAXI4.gen 
Execute         source /home/samarth/Desktop/Vitis_HLS/2024.1/common/technology/xilinx/interface/saxilite.gen 
Execute       source /home/samarth/Desktop/Vitis_HLS/2024.1/common/technology/xilinx/scripts/xilinxcoregen.gen 
Execute       source /home/samarth/Desktop/Vitis_HLS/2024.1/common/technology/xilinx/interface/XilEDKCoreGen.gen 
Execute       source /home/samarth/Desktop/Vitis_HLS/2024.1/common/technology/xilinx/ip/dds_compiler.gen 
Execute       source /home/samarth/Desktop/Vitis_HLS/2024.1/common/technology/xilinx/ip/util.gen 
Execute       source /home/samarth/Desktop/Vitis_HLS/2024.1/common/technology/xilinx/ip/xfft.gen 
Execute       source /home/samarth/Desktop/Vitis_HLS/2024.1/common/technology/xilinx/ip/xfir.gen 
Execute       source /home/samarth/Desktop/Vitis_HLS/2024.1/common/technology/xilinx/DSP48/dsp48.gen 
Execute     ap_part_info -name xczu7ev-ffvc1156-2-e -data info 
Execute     config_compile -quiet -complex-mul-dsp=0 
Command   set_part done; 0.2 sec.
Execute   create_clock -period 3.33 -name default 
INFO: [HLS 200-1510] Running: create_clock -period 3.33 -name default 
Execute   csim_design -quiet 
INFO: [HLS 200-1510] Running: csim_design -quiet 
INFO-FLOW: Running SLX 'csim' proc: ::SLX::run_csim
INFO: [SIM 211-2] *************** CSIM start ***************
INFO: [SIM 211-4] CSIM will launch CLANG as the compiler.
Execute     source csim/.lst_opt.tcl 
Execute     send_msg_by_id INFO @200-2036@%s debug 
INFO: [HLS 200-2036] Building debug C Simulation binaries
Execute     source /home/samarth/Desktop/Vitis_HLS/2024.1/tps/tcl/tcllib1.11.1/yaml/huddle.tcl 
Execute     source /home/samarth/Desktop/Vitis_HLS/2024.1/tps/tcl/tcllib1.11.1/yaml/json2huddle.tcl 
Execute       source /home/samarth/Desktop/Vitis_HLS/2024.1/tps/tcl/tcllib1.11.1/try/try.tcl 
Execute     ap_part_info -name xczu7ev-ffvc1156-2-e -data info 
Execute     source run_sim.tcl 
Command     ap_source done; error code: 1; 
INFO-FLOW: AESL_CSIM::c_sim errorInfo:

    while executing
"::AESL_CSIM::c_sim "$argn" "
ERROR: [SIM 211-100] 'csim_design' failed: nonzero return value.
INFO: [SIM 211-3] *************** CSIM finish ***************
INFO-FLOW: AESL_CSIM::csim_cmd_wrap errorInfo:
4
    while executing
"::AESL_CSIM::csim_cmd_wrap $args"
INFO-FLOW: Caught error in csim_design: 4
    while executing
"ap_internal_csim_design "
Command   csim_design done; error code: 2; 0.27 sec.
INFO: [HLS 200-2161] Finished Command csim_design Elapsed time: 00:00:00; Allocated memory: 0.000 MB.
Command ap_source done; error code: 1; 1.13 sec.
Execute cleanup_all 
INFO-FLOW: Workspace /home/samarth/Desktop/6g_ai_ran/snr_monitor/snr_monitor/solution1 opened at Mon Mar 02 11:22:20 IST 2026
Execute     ap_set_clock -name default -period 3.33 -unit ns -default=false 
INFO: [SYN 201-201] Setting up clock 'default' with a period of 3.33ns.
Execute     set_part xczu7ev-ffvc1156-2-e 
Execute       create_platform xczu7ev-ffvc1156-2-e -board  
DBG:HLSDevice: Trying to load device library: /home/samarth/Desktop/Vitis_HLS/2024.1/lib/lnx64.o/libxv_hlsvwrap.so
DBG:HLSDevice: first parts/arch.xml in RDI_DATADIR: /home/samarth/Desktop/Vivado/2024.1/data/parts/arch.xml
DBG:HLSDevice: init success
INFO: [HLS 200-1611] Setting target device to 'xczu7ev-ffvc1156-2-e'
Command       create_platform done; 0.49 sec.
Execute       source /home/samarth/Desktop/Vitis_HLS/2024.1/common/technology/xilinx/common/xilinx.gen 
Execute         source /home/samarth/Desktop/Vitis_HLS/2024.1/common/technology/xilinx/interface/plb46.gen 
Execute         source /home/samarth/Desktop/Vitis_HLS/2024.1/common/technology/xilinx/interface/axi4.gen 
Execute         source /home/samarth/Desktop/Vitis_HLS/2024.1/common/technology/xilinx/interface/nativeAXI4.gen 
Execute           source /home/samarth/Desktop/Vitis_HLS/2024.1/common/technology/xilinx/interface/saxilite.gen 
Execute         source /home/samarth/Desktop/Vitis_HLS/2024.1/common/technology/xilinx/scripts/xilinxcoregen.gen 
Execute         source /home/samarth/Desktop/Vitis_HLS/2024.1/common/technology/xilinx/interface/XilEDKCoreGen.gen 
Execute         source /home/samarth/Desktop/Vitis_HLS/2024.1/common/technology/xilinx/ip/dds_compiler.gen 
Execute         source /home/samarth/Desktop/Vitis_HLS/2024.1/common/technology/xilinx/ip/util.gen 
Execute         source /home/samarth/Desktop/Vitis_HLS/2024.1/common/technology/xilinx/ip/xfft.gen 
Execute         source /home/samarth/Desktop/Vitis_HLS/2024.1/common/technology/xilinx/ip/xfir.gen 
Execute         source /home/samarth/Desktop/Vitis_HLS/2024.1/common/technology/xilinx/DSP48/dsp48.gen 
Command       ap_source done; 0.11 sec.
Execute       ap_part_info -name xczu7ev-ffvc1156-2-e -data info 
Execute       config_compile -quiet -complex-mul-dsp=0 
Command     set_part done; 0.61 sec.
Execute     send_msg_by_id INFO @200-1505@%s%s  vivado 
INFO: [HLS 200-1505] Using flow_target 'vivado'
Command   open_solution done; 0.63 sec.
Execute   set_part xczu7ev-ffvc1156-2-e 
INFO: [HLS 200-1510] Running: set_part xczu7ev-ffvc1156-2-e 
Execute     create_platform xczu7ev-ffvc1156-2-e -board  
Execute     source /home/samarth/Desktop/Vitis_HLS/2024.1/common/technology/xilinx/common/xilinx.gen 
Execute       source /home/samarth/Desktop/Vitis_HLS/2024.1/common/technology/xilinx/interface/plb46.gen 
Execute       source /home/samarth/Desktop/Vitis_HLS/2024.1/common/technology/xilinx/interface/axi4.gen 
Execute       source /home/samarth/Desktop/Vitis_HLS/2024.1/common/technology/xilinx/interface/nativeAXI4.gen 
Execute         source /home/samarth/Desktop/Vitis_HLS/2024.1/common/technology/xilinx/interface/saxilite.gen 
Execute       source /home/samarth/Desktop/Vitis_HLS/2024.1/common/technology/xilinx/scripts/xilinxcoregen.gen 
Execute       source /home/samarth/Desktop/Vitis_HLS/2024.1/common/technology/xilinx/interface/XilEDKCoreGen.gen 
Execute       source /home/samarth/Desktop/Vitis_HLS/2024.1/common/technology/xilinx/ip/dds_compiler.gen 
Execute       source /home/samarth/Desktop/Vitis_HLS/2024.1/common/technology/xilinx/ip/util.gen 
Execute       source /home/samarth/Desktop/Vitis_HLS/2024.1/common/technology/xilinx/ip/xfft.gen 
Execute       source /home/samarth/Desktop/Vitis_HLS/2024.1/common/technology/xilinx/ip/xfir.gen 
Execute       source /home/samarth/Desktop/Vitis_HLS/2024.1/common/technology/xilinx/DSP48/dsp48.gen 
Command     ap_source done; 0.11 sec.
Execute     ap_part_info -name xczu7ev-ffvc1156-2-e -data info 
Execute     config_compile -quiet -complex-mul-dsp=0 
Command   set_part done; 0.21 sec.
Execute   create_clock -period 3.33 -name default 
INFO: [HLS 200-1510] Running: create_clock -period 3.33 -name default 
Execute   csim_design -quiet 
INFO: [HLS 200-1510] Running: csim_design -quiet 
INFO-FLOW: Running SLX 'csim' proc: ::SLX::run_csim
INFO: [SIM 211-2] *************** CSIM start ***************
INFO: [SIM 211-4] CSIM will launch CLANG as the compiler.
Execute     source csim/.lst_opt.tcl 
Execute     send_msg_by_id INFO @200-2036@%s debug 
INFO: [HLS 200-2036] Building debug C Simulation binaries
Execute     source /home/samarth/Desktop/Vitis_HLS/2024.1/tps/tcl/tcllib1.11.1/yaml/huddle.tcl 
Execute     source /home/samarth/Desktop/Vitis_HLS/2024.1/tps/tcl/tcllib1.11.1/yaml/json2huddle.tcl 
Execute       source /home/samarth/Desktop/Vitis_HLS/2024.1/tps/tcl/tcllib1.11.1/try/try.tcl 
Execute     ap_part_info -name xczu7ev-ffvc1156-2-e -data info 
Execute     source run_sim.tcl 
Command     ap_source done; error code: 1; 
INFO-FLOW: AESL_CSIM::c_sim errorInfo:

    while executing
"::AESL_CSIM::c_sim "$argn" "
ERROR: [SIM 211-100] 'csim_design' failed: nonzero return value.
INFO: [SIM 211-3] *************** CSIM finish ***************
INFO-FLOW: AESL_CSIM::csim_cmd_wrap errorInfo:
4
    while executing
"::AESL_CSIM::csim_cmd_wrap $args"
INFO-FLOW: Caught error in csim_design: 4
    while executing
"ap_internal_csim_design "
Command   csim_design done; error code: 2; 0.37 sec.
INFO: [HLS 200-2161] Finished Command csim_design Elapsed time: 00:00:00; Allocated memory: 0.000 MB.
Command ap_source done; error code: 1; 1.24 sec.
Execute cleanup_all 
INFO-FLOW: Workspace /home/samarth/Desktop/6g_ai_ran/snr_monitor/snr_monitor/solution1 opened at Mon Mar 02 11:23:17 IST 2026
Execute     ap_set_clock -name default -period 3.33 -unit ns -default=false 
INFO: [SYN 201-201] Setting up clock 'default' with a period of 3.33ns.
Execute     set_part xczu7ev-ffvc1156-2-e 
Execute       create_platform xczu7ev-ffvc1156-2-e -board  
DBG:HLSDevice: Trying to load device library: /home/samarth/Desktop/Vitis_HLS/2024.1/lib/lnx64.o/libxv_hlsvwrap.so
DBG:HLSDevice: first parts/arch.xml in RDI_DATADIR: /home/samarth/Desktop/Vivado/2024.1/data/parts/arch.xml
DBG:HLSDevice: init success
INFO: [HLS 200-1611] Setting target device to 'xczu7ev-ffvc1156-2-e'
Command       create_platform done; 0.48 sec.
Execute       source /home/samarth/Desktop/Vitis_HLS/2024.1/common/technology/xilinx/common/xilinx.gen 
Execute         source /home/samarth/Desktop/Vitis_HLS/2024.1/common/technology/xilinx/interface/plb46.gen 
Execute         source /home/samarth/Desktop/Vitis_HLS/2024.1/common/technology/xilinx/interface/axi4.gen 
Execute         source /home/samarth/Desktop/Vitis_HLS/2024.1/common/technology/xilinx/interface/nativeAXI4.gen 
Execute           source /home/samarth/Desktop/Vitis_HLS/2024.1/common/technology/xilinx/interface/saxilite.gen 
Execute         source /home/samarth/Desktop/Vitis_HLS/2024.1/common/technology/xilinx/scripts/xilinxcoregen.gen 
Execute         source /home/samarth/Desktop/Vitis_HLS/2024.1/common/technology/xilinx/interface/XilEDKCoreGen.gen 
Execute         source /home/samarth/Desktop/Vitis_HLS/2024.1/common/technology/xilinx/ip/dds_compiler.gen 
Execute         source /home/samarth/Desktop/Vitis_HLS/2024.1/common/technology/xilinx/ip/util.gen 
Execute         source /home/samarth/Desktop/Vitis_HLS/2024.1/common/technology/xilinx/ip/xfft.gen 
Execute         source /home/samarth/Desktop/Vitis_HLS/2024.1/common/technology/xilinx/ip/xfir.gen 
Execute         source /home/samarth/Desktop/Vitis_HLS/2024.1/common/technology/xilinx/DSP48/dsp48.gen 
Command       ap_source done; 0.11 sec.
Execute       ap_part_info -name xczu7ev-ffvc1156-2-e -data info 
Execute       config_compile -quiet -complex-mul-dsp=0 
Command     set_part done; 0.6 sec.
Execute     send_msg_by_id INFO @200-1505@%s%s  vivado 
INFO: [HLS 200-1505] Using flow_target 'vivado'
Command   open_solution done; 0.61 sec.
Execute   set_part xczu7ev-ffvc1156-2-e 
INFO: [HLS 200-1510] Running: set_part xczu7ev-ffvc1156-2-e 
Execute     create_platform xczu7ev-ffvc1156-2-e -board  
Execute     source /home/samarth/Desktop/Vitis_HLS/2024.1/common/technology/xilinx/common/xilinx.gen 
Execute       source /home/samarth/Desktop/Vitis_HLS/2024.1/common/technology/xilinx/interface/plb46.gen 
Execute       source /home/samarth/Desktop/Vitis_HLS/2024.1/common/technology/xilinx/interface/axi4.gen 
Execute       source /home/samarth/Desktop/Vitis_HLS/2024.1/common/technology/xilinx/interface/nativeAXI4.gen 
Execute         source /home/samarth/Desktop/Vitis_HLS/2024.1/common/technology/xilinx/interface/saxilite.gen 
Execute       source /home/samarth/Desktop/Vitis_HLS/2024.1/common/technology/xilinx/scripts/xilinxcoregen.gen 
Execute       source /home/samarth/Desktop/Vitis_HLS/2024.1/common/technology/xilinx/interface/XilEDKCoreGen.gen 
Execute       source /home/samarth/Desktop/Vitis_HLS/2024.1/common/technology/xilinx/ip/dds_compiler.gen 
Execute       source /home/samarth/Desktop/Vitis_HLS/2024.1/common/technology/xilinx/ip/util.gen 
Execute       source /home/samarth/Desktop/Vitis_HLS/2024.1/common/technology/xilinx/ip/xfft.gen 
Execute       source /home/samarth/Desktop/Vitis_HLS/2024.1/common/technology/xilinx/ip/xfir.gen 
Execute       source /home/samarth/Desktop/Vitis_HLS/2024.1/common/technology/xilinx/DSP48/dsp48.gen 
Execute     ap_part_info -name xczu7ev-ffvc1156-2-e -data info 
Execute     config_compile -quiet -complex-mul-dsp=0 
Command   set_part done; 0.2 sec.
Execute   create_clock -period 3.33 -name default 
INFO: [HLS 200-1510] Running: create_clock -period 3.33 -name default 
Execute   csim_design -quiet 
INFO: [HLS 200-1510] Running: csim_design -quiet 
INFO-FLOW: Running SLX 'csim' proc: ::SLX::run_csim
INFO: [SIM 211-2] *************** CSIM start ***************
INFO: [SIM 211-4] CSIM will launch CLANG as the compiler.
Execute     source csim/.lst_opt.tcl 
Execute     send_msg_by_id INFO @200-2036@%s debug 
INFO: [HLS 200-2036] Building debug C Simulation binaries
Execute     source /home/samarth/Desktop/Vitis_HLS/2024.1/tps/tcl/tcllib1.11.1/yaml/huddle.tcl 
Execute     source /home/samarth/Desktop/Vitis_HLS/2024.1/tps/tcl/tcllib1.11.1/yaml/json2huddle.tcl 
Execute       source /home/samarth/Desktop/Vitis_HLS/2024.1/tps/tcl/tcllib1.11.1/try/try.tcl 
Execute     ap_part_info -name xczu7ev-ffvc1156-2-e -data info 
Execute     source run_sim.tcl 
Command     ap_source done; error code: 1; 
INFO-FLOW: AESL_CSIM::c_sim errorInfo:

    while executing
"::AESL_CSIM::c_sim "$argn" "
ERROR: [SIM 211-100] 'csim_design' failed: nonzero return value.
INFO: [SIM 211-3] *************** CSIM finish ***************
INFO-FLOW: AESL_CSIM::csim_cmd_wrap errorInfo:
4
    while executing
"::AESL_CSIM::csim_cmd_wrap $args"
INFO-FLOW: Caught error in csim_design: 4
    while executing
"ap_internal_csim_design "
Command   csim_design done; error code: 2; 0.27 sec.
INFO: [HLS 200-2161] Finished Command csim_design Elapsed time: 00:00:00; Allocated memory: 0.000 MB.
Command ap_source done; error code: 1; 1.1 sec.
Execute cleanup_all 
INFO-FLOW: Workspace /home/samarth/Desktop/6g_ai_ran/snr_monitor/snr_monitor/solution1 opened at Mon Mar 02 11:24:08 IST 2026
Execute     ap_set_clock -name default -period 3.33 -unit ns -default=false 
INFO: [SYN 201-201] Setting up clock 'default' with a period of 3.33ns.
Execute     set_part xczu7ev-ffvc1156-2-e 
Execute       create_platform xczu7ev-ffvc1156-2-e -board  
DBG:HLSDevice: Trying to load device library: /home/samarth/Desktop/Vitis_HLS/2024.1/lib/lnx64.o/libxv_hlsvwrap.so
DBG:HLSDevice: first parts/arch.xml in RDI_DATADIR: /home/samarth/Desktop/Vivado/2024.1/data/parts/arch.xml
DBG:HLSDevice: init success
INFO: [HLS 200-1611] Setting target device to 'xczu7ev-ffvc1156-2-e'
Command       create_platform done; 0.43 sec.
Execute       source /home/samarth/Desktop/Vitis_HLS/2024.1/common/technology/xilinx/common/xilinx.gen 
Execute         source /home/samarth/Desktop/Vitis_HLS/2024.1/common/technology/xilinx/interface/plb46.gen 
Execute         source /home/samarth/Desktop/Vitis_HLS/2024.1/common/technology/xilinx/interface/axi4.gen 
Execute         source /home/samarth/Desktop/Vitis_HLS/2024.1/common/technology/xilinx/interface/nativeAXI4.gen 
Execute           source /home/samarth/Desktop/Vitis_HLS/2024.1/common/technology/xilinx/interface/saxilite.gen 
Execute         source /home/samarth/Desktop/Vitis_HLS/2024.1/common/technology/xilinx/scripts/xilinxcoregen.gen 
Execute         source /home/samarth/Desktop/Vitis_HLS/2024.1/common/technology/xilinx/interface/XilEDKCoreGen.gen 
Execute         source /home/samarth/Desktop/Vitis_HLS/2024.1/common/technology/xilinx/ip/dds_compiler.gen 
Execute         source /home/samarth/Desktop/Vitis_HLS/2024.1/common/technology/xilinx/ip/util.gen 
Execute         source /home/samarth/Desktop/Vitis_HLS/2024.1/common/technology/xilinx/ip/xfft.gen 
Execute         source /home/samarth/Desktop/Vitis_HLS/2024.1/common/technology/xilinx/ip/xfir.gen 
Execute         source /home/samarth/Desktop/Vitis_HLS/2024.1/common/technology/xilinx/DSP48/dsp48.gen 
Execute       ap_part_info -name xczu7ev-ffvc1156-2-e -data info 
Execute       config_compile -quiet -complex-mul-dsp=0 
Command     set_part done; 0.53 sec.
Execute     send_msg_by_id INFO @200-1505@%s%s  vivado 
INFO: [HLS 200-1505] Using flow_target 'vivado'
Command   open_solution done; 0.54 sec.
Execute   set_part xczu7ev-ffvc1156-2-e 
INFO: [HLS 200-1510] Running: set_part xczu7ev-ffvc1156-2-e 
Execute     create_platform xczu7ev-ffvc1156-2-e -board  
Execute     source /home/samarth/Desktop/Vitis_HLS/2024.1/common/technology/xilinx/common/xilinx.gen 
Execute       source /home/samarth/Desktop/Vitis_HLS/2024.1/common/technology/xilinx/interface/plb46.gen 
Execute       source /home/samarth/Desktop/Vitis_HLS/2024.1/common/technology/xilinx/interface/axi4.gen 
Execute       source /home/samarth/Desktop/Vitis_HLS/2024.1/common/technology/xilinx/interface/nativeAXI4.gen 
Execute         source /home/samarth/Desktop/Vitis_HLS/2024.1/common/technology/xilinx/interface/saxilite.gen 
Execute       source /home/samarth/Desktop/Vitis_HLS/2024.1/common/technology/xilinx/scripts/xilinxcoregen.gen 
Execute       source /home/samarth/Desktop/Vitis_HLS/2024.1/common/technology/xilinx/interface/XilEDKCoreGen.gen 
Execute       source /home/samarth/Desktop/Vitis_HLS/2024.1/common/technology/xilinx/ip/dds_compiler.gen 
Execute       source /home/samarth/Desktop/Vitis_HLS/2024.1/common/technology/xilinx/ip/util.gen 
Execute       source /home/samarth/Desktop/Vitis_HLS/2024.1/common/technology/xilinx/ip/xfft.gen 
Execute       source /home/samarth/Desktop/Vitis_HLS/2024.1/common/technology/xilinx/ip/xfir.gen 
Execute       source /home/samarth/Desktop/Vitis_HLS/2024.1/common/technology/xilinx/DSP48/dsp48.gen 
Execute     ap_part_info -name xczu7ev-ffvc1156-2-e -data info 
Execute     config_compile -quiet -complex-mul-dsp=0 
Command   set_part done; 0.17 sec.
Execute   create_clock -period 3.33 -name default 
INFO: [HLS 200-1510] Running: create_clock -period 3.33 -name default 
Execute   csim_design -quiet 
INFO: [HLS 200-1510] Running: csim_design -quiet 
INFO-FLOW: Running SLX 'csim' proc: ::SLX::run_csim
INFO: [SIM 211-2] *************** CSIM start ***************
INFO: [SIM 211-4] CSIM will launch CLANG as the compiler.
Execute     send_msg_by_id INFO @200-2036@%s debug 
INFO: [HLS 200-2036] Building debug C Simulation binaries
Execute     source /home/samarth/Desktop/Vitis_HLS/2024.1/tps/tcl/tcllib1.11.1/yaml/huddle.tcl 
Execute     source /home/samarth/Desktop/Vitis_HLS/2024.1/tps/tcl/tcllib1.11.1/yaml/json2huddle.tcl 
Execute       source /home/samarth/Desktop/Vitis_HLS/2024.1/tps/tcl/tcllib1.11.1/try/try.tcl 
Execute     ap_part_info -name xczu7ev-ffvc1156-2-e -data info 
Execute     source run_sim.tcl 
Command     ap_source done; error code: 1; 
INFO-FLOW: AESL_CSIM::c_sim errorInfo:

    while executing
"::AESL_CSIM::c_sim "$argn" "
ERROR: [SIM 211-100] 'csim_design' failed: nonzero return value.
INFO: [SIM 211-3] *************** CSIM finish ***************
INFO-FLOW: AESL_CSIM::csim_cmd_wrap errorInfo:
4
    while executing
"::AESL_CSIM::csim_cmd_wrap $args"
INFO-FLOW: Caught error in csim_design: 4
    while executing
"ap_internal_csim_design "
Command   csim_design done; error code: 2; 6.36 sec.
INFO: [HLS 200-2161] Finished Command csim_design Elapsed time: 00:00:06; Allocated memory: 0.000 MB.
Command ap_source done; error code: 1; 7.09 sec.
Execute cleanup_all 
