#-----------------------------------------------------------
# Vivado v2024.1 (64-bit)
# SW Build 5076996 on Wed May 22 18:36:09 MDT 2024
# IP Build 5075265 on Wed May 22 21:45:21 MDT 2024
# SharedData Build 5076995 on Wed May 22 18:29:18 MDT 2024
# Start of session at: Sun Mar  1 14:17:38 2026
# Process ID: 299888
# Current directory: /home/samarth/Desktop/6G-RAN---AI-RIC/6g_ai_ran/subcarrier_mapping/sc_mapping/solution1/impl/ip
# Command line: vivado -notrace -mode batch -source run_ippack.tcl
# Log file: /home/samarth/Desktop/6G-RAN---AI-RIC/6g_ai_ran/subcarrier_mapping/sc_mapping/solution1/impl/ip/vivado.log
# Journal file: /home/samarth/Desktop/6G-RAN---AI-RIC/6g_ai_ran/subcarrier_mapping/sc_mapping/solution1/impl/ip/vivado.jou
# Running On        :localhost.localdomain
# Platform          :unknown
# Operating System  :unknown
# Processor Detail  :13th Gen Intel(R) Core(TM) i7-13620H
# CPU Frequency     :907.310 MHz
# CPU Physical cores:10
# CPU Logical cores :16
# Host memory       :33071 MB
# Swap memory       :16739 MB
# Total Virtual     :49810 MB
# Available Virtual :29690 MB
#-----------------------------------------------------------
source run_ippack.tcl -notrace
INFO: calling package_hls_ip ip_types=vitis sysgen json_file=/home/samarth/Desktop/6G-RAN---AI-RIC/6g_ai_ran/subcarrier_mapping/sc_mapping/solution1/solution1_data.json outdir=/home/samarth/Desktop/6G-RAN---AI-RIC/6g_ai_ran/subcarrier_mapping/sc_mapping/solution1/impl/ip srcdir=/home/samarth/Desktop/6G-RAN---AI-RIC/6g_ai_ran/subcarrier_mapping/sc_mapping/solution1 sort_interfaces_ports=false
INFO: Copied 1 ipmisc file(s) to /home/samarth/Desktop/6G-RAN---AI-RIC/6g_ai_ran/subcarrier_mapping/sc_mapping/solution1/impl/ip/misc
INFO: Copied 7 verilog file(s) to /home/samarth/Desktop/6G-RAN---AI-RIC/6g_ai_ran/subcarrier_mapping/sc_mapping/solution1/impl/ip/hdl/verilog
INFO: Copied 4 vhdl file(s) to /home/samarth/Desktop/6G-RAN---AI-RIC/6g_ai_ran/subcarrier_mapping/sc_mapping/solution1/impl/ip/hdl/vhdl
ipx::create_core: Time (s): cpu = 00:00:07 ; elapsed = 00:00:07 . Memory (MB): peak = 1613.500 ; gain = 10.930 ; free physical = 1753 ; free virtual = 28172
INFO: Import ports from HDL: /home/samarth/Desktop/6G-RAN---AI-RIC/6g_ai_ran/subcarrier_mapping/sc_mapping/solution1/impl/ip/hdl/vhdl/sc_mapper_rx.vhd (sc_mapper_rx)
INFO: Add clock interface ap_clk
INFO: Add reset interface ap_rst_n
INFO: Add ap_ctrl interface ap_ctrl
INFO: Add axi4stream interface fft_in_0
INFO: Add axi4stream interface fft_in_1
INFO: Add axi4stream interface data_out_0
INFO: [IP_Flow 19-234] Refreshing IP repositories
INFO: [IP_Flow 19-1704] No user IP repositories specified
INFO: [IP_Flow 19-2313] Loaded Vivado IP repository '/home/samarth/Desktop/Vivado/2024.1/data/ip'.
INFO: Add axi4stream interface data_out_1
INFO: Calling post_process_vitis to specialize IP
INFO: Calling post_process_sysgen to specialize IP
Generating sysgen info xml from json file
INFO: Created IP /home/samarth/Desktop/6G-RAN---AI-RIC/6g_ai_ran/subcarrier_mapping/sc_mapping/solution1/impl/ip/component.xml
INFO: Created IP archive /home/samarth/Desktop/6G-RAN---AI-RIC/6g_ai_ran/subcarrier_mapping/sc_mapping/solution1/impl/ip/xilinx_com_hls_sc_mapper_rx_1_0.zip
INFO: [Common 17-206] Exiting Vivado at Sun Mar  1 14:17:49 2026...
