

================================================================
== Vitis HLS Report for 'slot_counter_top'
================================================================
* Date:           Mon Mar  2 12:24:00 2026

* Version:        2024.1 (Build 5069499 on May 21 2024)
* Project:        slot_counter
* Solution:       solution1 (Vivado IP Flow Target)
* Product family: zynquplus
* Target device:  xczu7ev-ffvc1156-2-e


================================================================
== Performance Estimates
================================================================
+ Timing: 
    * Summary: 
    +--------+---------+----------+------------+
    |  Clock |  Target | Estimated| Uncertainty|
    +--------+---------+----------+------------+
    |ap_clk  |  3.33 ns|  2.180 ns|     0.90 ns|
    +--------+---------+----------+------------+

+ Latency: 
    * Summary: 
    +---------+---------+----------+----------+-----+-----+---------+
    |  Latency (cycles) |  Latency (absolute) |  Interval | Pipeline|
    |   min   |   max   |    min   |    max   | min | max |   Type  |
    +---------+---------+----------+----------+-----+-----+---------+
    |        1|        1|  3.330 ns|  3.330 ns|    2|    2|       no|
    +---------+---------+----------+----------+-----+-----+---------+

    + Detail: 
        * Instance: 
        N/A

        * Loop: 
        N/A

============================================================
+ Verbose Summary: Synthesis Manager
============================================================
InlineROM: 1
ExposeGlobal: 0
============================================================
+ Verbose Summary: CDFG Model
============================================================
IsTopModel: 1
ResetActiveHigh: 1
IsCombinational: 0
IsDatapathOnly: 0
HasWiredReturn: 1
HasMFsm: 0
HasVarLatency: 1
IsPipeline: 0
IsRtlPipelined: 0
IsInstanceOverlapped: 0
IsDontTouch: 0
HasImplIP: 0
IsGatedGlobalClock: 0


============================================================
+ Verbose Summary: Schedule
============================================================
* Number of FSM states : 2
* Pipeline : 0
* Dataflow Pipeline: 0

* FSM state transitions: 
1 --> 2 
2 --> 

* FSM state operations: 

State 1 <SV = 0> <Delay = 2.18>
ST_1 : Operation 3 [1/1] (0.00ns)   --->   "%spectopmodule_ln43 = spectopmodule void @_ssdm_op_SpecTopModule, void @empty" [slot_counter.cpp:43]   --->   Operation 3 'spectopmodule' 'spectopmodule_ln43' <Predicate = true> <Delay = 0.00>
ST_1 : Operation 4 [1/1] (0.00ns)   --->   "%specinterface_ln43 = specinterface void @_ssdm_op_SpecInterface, i32 0, void @empty_10, i32 0, i32 0, void @empty_8, i32 0, i32 0, void @empty_8, void @empty_8, void @empty_8, i32 0, i32 0, i32 0, i32 0, void @empty_8, void @empty_8, i32 4294967295, i32 0, i32 0" [slot_counter.cpp:43]   --->   Operation 4 'specinterface' 'specinterface_ln43' <Predicate = true> <Delay = 0.00>
ST_1 : Operation 5 [1/1] (0.00ns)   --->   "%specbitsmap_ln0 = specbitsmap void @_ssdm_op_SpecBitsMap, i4 %symbol_num"   --->   Operation 5 'specbitsmap' 'specbitsmap_ln0' <Predicate = true> <Delay = 0.00>
ST_1 : Operation 6 [1/1] (0.00ns)   --->   "%specinterface_ln0 = specinterface void @_ssdm_op_SpecInterface, i4 %symbol_num, void @empty_9, i32 4294967295, i32 4294967295, void @empty_8, i32 0, i32 0, void @empty_8, void @empty_8, void @empty_8, i32 0, i32 0, i32 0, i32 0, void @empty_8, void @empty_8, i32 4294967295, i32 0, i32 0"   --->   Operation 6 'specinterface' 'specinterface_ln0' <Predicate = true> <Delay = 0.00>
ST_1 : Operation 7 [1/1] (0.00ns)   --->   "%specbitsmap_ln0 = specbitsmap void @_ssdm_op_SpecBitsMap, i7 %slot_num"   --->   Operation 7 'specbitsmap' 'specbitsmap_ln0' <Predicate = true> <Delay = 0.00>
ST_1 : Operation 8 [1/1] (0.00ns)   --->   "%specinterface_ln0 = specinterface void @_ssdm_op_SpecInterface, i7 %slot_num, void @empty_9, i32 4294967295, i32 4294967295, void @empty_8, i32 0, i32 0, void @empty_8, void @empty_8, void @empty_8, i32 0, i32 0, i32 0, i32 0, void @empty_8, void @empty_8, i32 4294967295, i32 0, i32 0"   --->   Operation 8 'specinterface' 'specinterface_ln0' <Predicate = true> <Delay = 0.00>
ST_1 : Operation 9 [1/1] (0.00ns)   --->   "%specbitsmap_ln0 = specbitsmap void @_ssdm_op_SpecBitsMap, i1 %gpio_override"   --->   Operation 9 'specbitsmap' 'specbitsmap_ln0' <Predicate = true> <Delay = 0.00>
ST_1 : Operation 10 [1/1] (0.00ns)   --->   "%specinterface_ln0 = specinterface void @_ssdm_op_SpecInterface, i1 %gpio_override, void @empty_9, i32 4294967295, i32 4294967295, void @empty_8, i32 0, i32 0, void @empty_8, void @empty_8, void @empty_8, i32 0, i32 0, i32 0, i32 0, void @empty_8, void @empty_8, i32 4294967295, i32 0, i32 0"   --->   Operation 10 'specinterface' 'specinterface_ln0' <Predicate = true> <Delay = 0.00>
ST_1 : Operation 11 [1/1] (0.00ns)   --->   "%specbitsmap_ln0 = specbitsmap void @_ssdm_op_SpecBitsMap, i4 %gpio_symbol_num"   --->   Operation 11 'specbitsmap' 'specbitsmap_ln0' <Predicate = true> <Delay = 0.00>
ST_1 : Operation 12 [1/1] (0.00ns)   --->   "%specinterface_ln0 = specinterface void @_ssdm_op_SpecInterface, i4 %gpio_symbol_num, void @empty_9, i32 4294967295, i32 4294967295, void @empty_8, i32 0, i32 0, void @empty_8, void @empty_8, void @empty_8, i32 0, i32 0, i32 0, i32 0, void @empty_8, void @empty_8, i32 4294967295, i32 0, i32 0"   --->   Operation 12 'specinterface' 'specinterface_ln0' <Predicate = true> <Delay = 0.00>
ST_1 : Operation 13 [1/1] (0.00ns)   --->   "%specbitsmap_ln0 = specbitsmap void @_ssdm_op_SpecBitsMap, i7 %gpio_slot_num"   --->   Operation 13 'specbitsmap' 'specbitsmap_ln0' <Predicate = true> <Delay = 0.00>
ST_1 : Operation 14 [1/1] (0.00ns)   --->   "%specinterface_ln0 = specinterface void @_ssdm_op_SpecInterface, i7 %gpio_slot_num, void @empty_9, i32 4294967295, i32 4294967295, void @empty_8, i32 0, i32 0, void @empty_8, void @empty_8, void @empty_8, i32 0, i32 0, i32 0, i32 0, void @empty_8, void @empty_8, i32 4294967295, i32 0, i32 0"   --->   Operation 14 'specinterface' 'specinterface_ln0' <Predicate = true> <Delay = 0.00>
ST_1 : Operation 15 [1/1] (0.00ns)   --->   "%specbitsmap_ln0 = specbitsmap void @_ssdm_op_SpecBitsMap, i1 %sync_req"   --->   Operation 15 'specbitsmap' 'specbitsmap_ln0' <Predicate = true> <Delay = 0.00>
ST_1 : Operation 16 [1/1] (0.00ns)   --->   "%specinterface_ln0 = specinterface void @_ssdm_op_SpecInterface, i1 %sync_req, void @empty_7, i32 4294967295, i32 4294967295, void @empty_6, i32 0, i32 0, void @empty_5, void @empty_4, void @empty_8, i32 0, i32 0, i32 0, i32 0, void @empty_8, void @empty_8, i32 4294967295, i32 0, i32 0"   --->   Operation 16 'specinterface' 'specinterface_ln0' <Predicate = true> <Delay = 0.00>
ST_1 : Operation 17 [1/1] (0.00ns)   --->   "%specinterface_ln0 = specinterface void @_ssdm_op_SpecInterface, i1 %sync_req, void @empty_3, i32 4294967295, i32 4294967295, void @empty_8, i32 0, i32 0, void @empty_8, void @empty_8, void @empty_8, i32 0, i32 0, i32 0, i32 0, void @empty_8, void @empty_8, i32 4294967295, i32 0, i32 0"   --->   Operation 17 'specinterface' 'specinterface_ln0' <Predicate = true> <Delay = 0.00>
ST_1 : Operation 18 [1/1] (0.00ns)   --->   "%specbitsmap_ln0 = specbitsmap void @_ssdm_op_SpecBitsMap, i4 %sync_symbol"   --->   Operation 18 'specbitsmap' 'specbitsmap_ln0' <Predicate = true> <Delay = 0.00>
ST_1 : Operation 19 [1/1] (0.00ns)   --->   "%specinterface_ln0 = specinterface void @_ssdm_op_SpecInterface, i4 %sync_symbol, void @empty_7, i32 4294967295, i32 4294967295, void @empty_6, i32 0, i32 0, void @empty_5, void @empty_11, void @empty_8, i32 0, i32 0, i32 0, i32 0, void @empty_8, void @empty_8, i32 4294967295, i32 0, i32 0"   --->   Operation 19 'specinterface' 'specinterface_ln0' <Predicate = true> <Delay = 0.00>
ST_1 : Operation 20 [1/1] (0.00ns)   --->   "%specinterface_ln0 = specinterface void @_ssdm_op_SpecInterface, i4 %sync_symbol, void @empty_3, i32 4294967295, i32 4294967295, void @empty_8, i32 0, i32 0, void @empty_8, void @empty_8, void @empty_8, i32 0, i32 0, i32 0, i32 0, void @empty_8, void @empty_8, i32 4294967295, i32 0, i32 0"   --->   Operation 20 'specinterface' 'specinterface_ln0' <Predicate = true> <Delay = 0.00>
ST_1 : Operation 21 [1/1] (0.00ns)   --->   "%specbitsmap_ln0 = specbitsmap void @_ssdm_op_SpecBitsMap, i7 %sync_slot"   --->   Operation 21 'specbitsmap' 'specbitsmap_ln0' <Predicate = true> <Delay = 0.00>
ST_1 : Operation 22 [1/1] (0.00ns)   --->   "%specinterface_ln0 = specinterface void @_ssdm_op_SpecInterface, i7 %sync_slot, void @empty_7, i32 4294967295, i32 4294967295, void @empty_6, i32 0, i32 0, void @empty_5, void @empty_2, void @empty_8, i32 0, i32 0, i32 0, i32 0, void @empty_8, void @empty_8, i32 4294967295, i32 0, i32 0"   --->   Operation 22 'specinterface' 'specinterface_ln0' <Predicate = true> <Delay = 0.00>
ST_1 : Operation 23 [1/1] (0.00ns)   --->   "%specinterface_ln0 = specinterface void @_ssdm_op_SpecInterface, i7 %sync_slot, void @empty_3, i32 4294967295, i32 4294967295, void @empty_8, i32 0, i32 0, void @empty_8, void @empty_8, void @empty_8, i32 0, i32 0, i32 0, i32 0, void @empty_8, void @empty_8, i32 4294967295, i32 0, i32 0"   --->   Operation 23 'specinterface' 'specinterface_ln0' <Predicate = true> <Delay = 0.00>
ST_1 : Operation 24 [1/1] (0.00ns)   --->   "%specbitsmap_ln0 = specbitsmap void @_ssdm_op_SpecBitsMap, i4 %symbol_num_out"   --->   Operation 24 'specbitsmap' 'specbitsmap_ln0' <Predicate = true> <Delay = 0.00>
ST_1 : Operation 25 [1/1] (0.00ns)   --->   "%specinterface_ln0 = specinterface void @_ssdm_op_SpecInterface, i4 %symbol_num_out, void @empty_7, i32 4294967295, i32 4294967295, void @empty_6, i32 0, i32 0, void @empty_5, void @empty_1, void @empty_8, i32 0, i32 0, i32 0, i32 0, void @empty_8, void @empty_8, i32 4294967295, i32 0, i32 0"   --->   Operation 25 'specinterface' 'specinterface_ln0' <Predicate = true> <Delay = 0.00>
ST_1 : Operation 26 [1/1] (0.00ns)   --->   "%specinterface_ln0 = specinterface void @_ssdm_op_SpecInterface, i4 %symbol_num_out, void @empty_3, i32 4294967295, i32 4294967295, void @empty_8, i32 0, i32 0, void @empty_8, void @empty_8, void @empty_8, i32 0, i32 0, i32 0, i32 0, void @empty_8, void @empty_8, i32 4294967295, i32 0, i32 0"   --->   Operation 26 'specinterface' 'specinterface_ln0' <Predicate = true> <Delay = 0.00>
ST_1 : Operation 27 [1/1] (0.00ns)   --->   "%specbitsmap_ln0 = specbitsmap void @_ssdm_op_SpecBitsMap, i7 %slot_num_out"   --->   Operation 27 'specbitsmap' 'specbitsmap_ln0' <Predicate = true> <Delay = 0.00>
ST_1 : Operation 28 [1/1] (0.00ns)   --->   "%specinterface_ln0 = specinterface void @_ssdm_op_SpecInterface, i7 %slot_num_out, void @empty_7, i32 4294967295, i32 4294967295, void @empty_6, i32 0, i32 0, void @empty_5, void @empty_0, void @empty_8, i32 0, i32 0, i32 0, i32 0, void @empty_8, void @empty_8, i32 4294967295, i32 0, i32 0"   --->   Operation 28 'specinterface' 'specinterface_ln0' <Predicate = true> <Delay = 0.00>
ST_1 : Operation 29 [1/1] (0.00ns)   --->   "%specinterface_ln0 = specinterface void @_ssdm_op_SpecInterface, i7 %slot_num_out, void @empty_3, i32 4294967295, i32 4294967295, void @empty_8, i32 0, i32 0, void @empty_8, void @empty_8, void @empty_8, i32 0, i32 0, i32 0, i32 0, void @empty_8, void @empty_8, i32 4294967295, i32 0, i32 0"   --->   Operation 29 'specinterface' 'specinterface_ln0' <Predicate = true> <Delay = 0.00>
ST_1 : Operation 30 [1/1] (0.00ns)   --->   "%specinterface_ln0 = specinterface void @_ssdm_op_SpecInterface, i32 0, void @empty_7, i32 0, i32 0, void @empty_8, i32 0, i32 0, void @empty_5, void @empty_8, void @empty_8, i32 0, i32 0, i32 0, i32 0, void @empty_8, void @empty_8, i32 4294967295, i32 0, i32 0"   --->   Operation 30 'specinterface' 'specinterface_ln0' <Predicate = true> <Delay = 0.00>
ST_1 : Operation 31 [1/1] (1.00ns)   --->   "%sync_slot_read = read i7 @_ssdm_op_Read.s_axilite.i7, i7 %sync_slot" [slot_counter.cpp:46]   --->   Operation 31 'read' 'sync_slot_read' <Predicate = true> <Delay = 1.00> <CoreInst = "s_axilite">   --->   Core 120 's_axilite' <Latency = 0> <II = 1> <Delay = 1.00> <Adapter> <Opcode : 'read' 'write'>
ST_1 : Operation 32 [1/1] (1.00ns)   --->   "%sync_symbol_read = read i4 @_ssdm_op_Read.s_axilite.i4, i4 %sync_symbol" [slot_counter.cpp:46]   --->   Operation 32 'read' 'sync_symbol_read' <Predicate = true> <Delay = 1.00> <CoreInst = "s_axilite">   --->   Core 120 's_axilite' <Latency = 0> <II = 1> <Delay = 1.00> <Adapter> <Opcode : 'read' 'write'>
ST_1 : Operation 33 [1/1] (1.00ns)   --->   "%sync_req_read = read i1 @_ssdm_op_Read.s_axilite.i1, i1 %sync_req" [slot_counter.cpp:46]   --->   Operation 33 'read' 'sync_req_read' <Predicate = true> <Delay = 1.00> <CoreInst = "s_axilite">   --->   Core 120 's_axilite' <Latency = 0> <II = 1> <Delay = 1.00> <Adapter> <Opcode : 'read' 'write'>
ST_1 : Operation 34 [1/1] (0.00ns)   --->   "%gpio_slot_num_read = read i7 @_ssdm_op_Read.ap_none.i7, i7 %gpio_slot_num" [slot_counter.cpp:46]   --->   Operation 34 'read' 'gpio_slot_num_read' <Predicate = true> <Delay = 0.00>
ST_1 : Operation 35 [1/1] (0.00ns)   --->   "%gpio_symbol_num_read = read i4 @_ssdm_op_Read.ap_none.i4, i4 %gpio_symbol_num" [slot_counter.cpp:46]   --->   Operation 35 'read' 'gpio_symbol_num_read' <Predicate = true> <Delay = 0.00>
ST_1 : Operation 36 [1/1] (0.00ns)   --->   "%gpio_override_read = read i1 @_ssdm_op_Read.ap_none.i1, i1 %gpio_override" [slot_counter.cpp:46]   --->   Operation 36 'read' 'gpio_override_read' <Predicate = true> <Delay = 0.00>
ST_1 : Operation 37 [1/1] (0.00ns)   --->   "%specreset_ln72 = specreset void @_ssdm_op_SpecReset, i12 %phase_cnt, i64 1, void @empty_8" [slot_counter.cpp:72]   --->   Operation 37 'specreset' 'specreset_ln72' <Predicate = true> <Delay = 0.00>
ST_1 : Operation 38 [1/1] (0.00ns)   --->   "%specreset_ln73 = specreset void @_ssdm_op_SpecReset, i4 %symbol_cnt, i64 1, void @empty_8" [slot_counter.cpp:73]   --->   Operation 38 'specreset' 'specreset_ln73' <Predicate = true> <Delay = 0.00>
ST_1 : Operation 39 [1/1] (0.00ns)   --->   "%specreset_ln74 = specreset void @_ssdm_op_SpecReset, i7 %slot_cnt, i64 1, void @empty_8" [slot_counter.cpp:74]   --->   Operation 39 'specreset' 'specreset_ln74' <Predicate = true> <Delay = 0.00>
ST_1 : Operation 40 [1/1] (0.00ns)   --->   "%slot_cnt_load = load i7 %slot_cnt" [slot_counter.cpp:103]   --->   Operation 40 'load' 'slot_cnt_load' <Predicate = true> <Delay = 0.00>
ST_1 : Operation 41 [1/1] (0.00ns)   --->   "%br_ln77 = br i1 %sync_req_read, void %if.else, void %if.then" [slot_counter.cpp:77]   --->   Operation 41 'br' 'br_ln77' <Predicate = true> <Delay = 0.00>
ST_1 : Operation 42 [1/1] (0.00ns)   --->   "%br_ln82 = br i1 %gpio_override_read, void %if.else17, void %if.then15" [slot_counter.cpp:82]   --->   Operation 42 'br' 'br_ln82' <Predicate = (!sync_req_read)> <Delay = 0.00>
ST_1 : Operation 43 [1/1] (0.00ns)   --->   "%symbol_cnt_load = load i4 %symbol_cnt" [slot_counter.cpp:93]   --->   Operation 43 'load' 'symbol_cnt_load' <Predicate = (!sync_req_read & !gpio_override_read)> <Delay = 0.00>
ST_1 : Operation 44 [1/1] (0.79ns)   --->   "%icmp_ln93 = icmp_eq  i4 %symbol_cnt_load, i4 0" [slot_counter.cpp:93]   --->   Operation 44 'icmp' 'icmp_ln93' <Predicate = (!sync_req_read & !gpio_override_read)> <Delay = 0.79> <CoreInst = "Cmp">   --->   Core 9 'Cmp' <Latency = 0> <II = 1> <Delay = 0.79> <FuncUnit> <Opcode : 'seteq' 'setne' 'setle' 'setge' 'setlt' 'setgt'> <InPorts = 2> <OutPorts = 1>
ST_1 : Operation 45 [1/1] (0.79ns)   --->   "%icmp_ln93_1 = icmp_eq  i4 %symbol_cnt_load, i4 7" [slot_counter.cpp:93]   --->   Operation 45 'icmp' 'icmp_ln93_1' <Predicate = (!sync_req_read & !gpio_override_read)> <Delay = 0.79> <CoreInst = "Cmp">   --->   Core 9 'Cmp' <Latency = 0> <II = 1> <Delay = 0.79> <FuncUnit> <Opcode : 'seteq' 'setne' 'setle' 'setge' 'setlt' 'setgt'> <InPorts = 2> <OutPorts = 1>
ST_1 : Operation 46 [1/1] (0.00ns) (grouped into LUT with out node icmp_ln97)   --->   "%or_ln93 = or i1 %icmp_ln93, i1 %icmp_ln93_1" [slot_counter.cpp:93]   --->   Operation 46 'or' 'or_ln93' <Predicate = (!sync_req_read & !gpio_override_read)> <Delay = 0.00> <CoreInst = "LogicGate">   --->   Core 74 'LogicGate' <Latency = 0> <II = 1> <Delay = 0.28> <FuncUnit> <Opcode : 'and' 'or' 'xor'> <InPorts = 2> <OutPorts = 1>
ST_1 : Operation 47 [1/1] (0.00ns) (grouped into LUT with out node icmp_ln97)   --->   "%select_ln97 = select i1 %or_ln93, i12 2681, i12 2677" [slot_counter.cpp:97]   --->   Operation 47 'select' 'select_ln97' <Predicate = (!sync_req_read & !gpio_override_read)> <Delay = 0.00> <CoreInst = "Sel">   --->   Core 73 'Sel' <Latency = 0> <II = 1> <Delay = 0.37> <FuncUnit> <Opcode : 'select'> <InPorts = 3> <OutPorts = 1>
ST_1 : Operation 48 [1/1] (0.00ns)   --->   "%phase_cnt_load = load i12 %phase_cnt" [slot_counter.cpp:97]   --->   Operation 48 'load' 'phase_cnt_load' <Predicate = (!sync_req_read & !gpio_override_read)> <Delay = 0.00>
ST_1 : Operation 49 [1/1] (0.80ns) (out node of the LUT)   --->   "%icmp_ln97 = icmp_ugt  i12 %select_ln97, i12 %phase_cnt_load" [slot_counter.cpp:97]   --->   Operation 49 'icmp' 'icmp_ln97' <Predicate = (!sync_req_read & !gpio_override_read)> <Delay = 0.80> <CoreInst = "Cmp">   --->   Core 9 'Cmp' <Latency = 0> <II = 1> <Delay = 0.80> <FuncUnit> <Opcode : 'seteq' 'setne' 'setle' 'setge' 'setlt' 'setgt'> <InPorts = 2> <OutPorts = 1>
ST_1 : Operation 50 [1/1] (0.00ns)   --->   "%br_ln97 = br i1 %icmp_ln97, void %if.then22, void %if.else36" [slot_counter.cpp:97]   --->   Operation 50 'br' 'br_ln97' <Predicate = (!sync_req_read & !gpio_override_read)> <Delay = 0.00>
ST_1 : Operation 51 [1/1] (0.42ns)   --->   "%store_ln99 = store i12 0, i12 %phase_cnt" [slot_counter.cpp:99]   --->   Operation 51 'store' 'store_ln99' <Predicate = (!sync_req_read & !gpio_override_read & !icmp_ln97)> <Delay = 0.42>
ST_1 : Operation 52 [1/1] (0.79ns)   --->   "%icmp_ln100 = icmp_eq  i4 %symbol_cnt_load, i4 13" [slot_counter.cpp:100]   --->   Operation 52 'icmp' 'icmp_ln100' <Predicate = (!sync_req_read & !gpio_override_read & !icmp_ln97)> <Delay = 0.79> <CoreInst = "Cmp">   --->   Core 9 'Cmp' <Latency = 0> <II = 1> <Delay = 0.79> <FuncUnit> <Opcode : 'seteq' 'setne' 'setle' 'setge' 'setlt' 'setgt'> <InPorts = 2> <OutPorts = 1>
ST_1 : Operation 53 [1/1] (0.00ns)   --->   "%br_ln100 = br i1 %icmp_ln100, void %if.else33, void %if.then25" [slot_counter.cpp:100]   --->   Operation 53 'br' 'br_ln100' <Predicate = (!sync_req_read & !gpio_override_read & !icmp_ln97)> <Delay = 0.00>
ST_1 : Operation 54 [1/1] (0.79ns)   --->   "%add_ln107 = add i4 %symbol_cnt_load, i4 1" [slot_counter.cpp:107]   --->   Operation 54 'add' 'add_ln107' <Predicate = (!sync_req_read & !gpio_override_read & !icmp_ln97 & !icmp_ln100)> <Delay = 0.79> <CoreInst = "Adder">   --->   Core 1 'Adder' <Latency = 0> <II = 1> <Delay = 0.79> <FuncUnit> <Opcode : 'add' 'sub'> <InPorts = 2> <OutPorts = 1>
ST_1 : Operation 55 [1/1] (0.52ns)   --->   "%store_ln107 = store i4 %add_ln107, i4 %symbol_cnt" [slot_counter.cpp:107]   --->   Operation 55 'store' 'store_ln107' <Predicate = (!sync_req_read & !gpio_override_read & !icmp_ln97 & !icmp_ln100)> <Delay = 0.52>
ST_1 : Operation 56 [1/1] (0.57ns)   --->   "%br_ln0 = br void %if.end41"   --->   Operation 56 'br' 'br_ln0' <Predicate = (!sync_req_read & !gpio_override_read & !icmp_ln97 & !icmp_ln100)> <Delay = 0.57>
ST_1 : Operation 57 [1/1] (0.52ns)   --->   "%store_ln102 = store i4 0, i4 %symbol_cnt" [slot_counter.cpp:102]   --->   Operation 57 'store' 'store_ln102' <Predicate = (!sync_req_read & !gpio_override_read & !icmp_ln97 & icmp_ln100)> <Delay = 0.52>
ST_1 : Operation 58 [1/1] (0.77ns)   --->   "%icmp_ln103 = icmp_eq  i7 %slot_cnt_load, i7 79" [slot_counter.cpp:103]   --->   Operation 58 'icmp' 'icmp_ln103' <Predicate = (!sync_req_read & !gpio_override_read & !icmp_ln97 & icmp_ln100)> <Delay = 0.77> <CoreInst = "Cmp">   --->   Core 9 'Cmp' <Latency = 0> <II = 1> <Delay = 0.77> <FuncUnit> <Opcode : 'seteq' 'setne' 'setle' 'setge' 'setlt' 'setgt'> <InPorts = 2> <OutPorts = 1>
ST_1 : Operation 59 [1/1] (0.77ns)   --->   "%add_ln105 = add i7 %slot_cnt_load, i7 1" [slot_counter.cpp:105]   --->   Operation 59 'add' 'add_ln105' <Predicate = (!sync_req_read & !gpio_override_read & !icmp_ln97 & icmp_ln100)> <Delay = 0.77> <CoreInst = "Adder">   --->   Core 1 'Adder' <Latency = 0> <II = 1> <Delay = 0.77> <FuncUnit> <Opcode : 'add' 'sub'> <InPorts = 2> <OutPorts = 1>
ST_1 : Operation 60 [1/1] (0.36ns)   --->   "%select_ln103 = select i1 %icmp_ln103, i7 0, i7 %add_ln105" [slot_counter.cpp:103]   --->   Operation 60 'select' 'select_ln103' <Predicate = (!sync_req_read & !gpio_override_read & !icmp_ln97 & icmp_ln100)> <Delay = 0.36> <CoreInst = "Sel">   --->   Core 73 'Sel' <Latency = 0> <II = 1> <Delay = 0.36> <FuncUnit> <Opcode : 'select'> <InPorts = 3> <OutPorts = 1>
ST_1 : Operation 61 [1/1] (0.47ns)   --->   "%store_ln103 = store i7 %select_ln103, i7 %slot_cnt" [slot_counter.cpp:103]   --->   Operation 61 'store' 'store_ln103' <Predicate = (!sync_req_read & !gpio_override_read & !icmp_ln97 & icmp_ln100)> <Delay = 0.47>
ST_1 : Operation 62 [1/1] (0.57ns)   --->   "%br_ln106 = br void %if.end41" [slot_counter.cpp:106]   --->   Operation 62 'br' 'br_ln106' <Predicate = (!sync_req_read & !gpio_override_read & !icmp_ln97 & icmp_ln100)> <Delay = 0.57>
ST_1 : Operation 63 [1/1] (0.80ns)   --->   "%add_ln110 = add i12 %phase_cnt_load, i12 1" [slot_counter.cpp:110]   --->   Operation 63 'add' 'add_ln110' <Predicate = (!sync_req_read & !gpio_override_read & icmp_ln97)> <Delay = 0.80> <CoreInst = "Adder">   --->   Core 1 'Adder' <Latency = 0> <II = 1> <Delay = 0.80> <FuncUnit> <Opcode : 'add' 'sub'> <InPorts = 2> <OutPorts = 1>
ST_1 : Operation 64 [1/1] (0.42ns)   --->   "%store_ln110 = store i12 %add_ln110, i12 %phase_cnt" [slot_counter.cpp:110]   --->   Operation 64 'store' 'store_ln110' <Predicate = (!sync_req_read & !gpio_override_read & icmp_ln97)> <Delay = 0.42>
ST_1 : Operation 65 [1/1] (0.57ns)   --->   "%br_ln0 = br void %if.end41"   --->   Operation 65 'br' 'br_ln0' <Predicate = (!sync_req_read & !gpio_override_read & icmp_ln97)> <Delay = 0.57>
ST_1 : Operation 66 [1/1] (0.42ns)   --->   "%store_ln84 = store i12 0, i12 %phase_cnt" [slot_counter.cpp:84]   --->   Operation 66 'store' 'store_ln84' <Predicate = (!sync_req_read & gpio_override_read)> <Delay = 0.42>
ST_1 : Operation 67 [1/1] (0.52ns)   --->   "%store_ln85 = store i4 %gpio_symbol_num_read, i4 %symbol_cnt" [slot_counter.cpp:85]   --->   Operation 67 'store' 'store_ln85' <Predicate = (!sync_req_read & gpio_override_read)> <Delay = 0.52>
ST_1 : Operation 68 [1/1] (0.47ns)   --->   "%store_ln86 = store i7 %gpio_slot_num_read, i7 %slot_cnt" [slot_counter.cpp:86]   --->   Operation 68 'store' 'store_ln86' <Predicate = (!sync_req_read & gpio_override_read)> <Delay = 0.47>
ST_1 : Operation 69 [1/1] (0.57ns)   --->   "%br_ln87 = br void %if.end41" [slot_counter.cpp:87]   --->   Operation 69 'br' 'br_ln87' <Predicate = (!sync_req_read & gpio_override_read)> <Delay = 0.57>
ST_1 : Operation 70 [1/1] (0.42ns)   --->   "%store_ln79 = store i12 0, i12 %phase_cnt" [slot_counter.cpp:79]   --->   Operation 70 'store' 'store_ln79' <Predicate = (sync_req_read)> <Delay = 0.42>
ST_1 : Operation 71 [1/1] (0.52ns)   --->   "%store_ln80 = store i4 %sync_symbol_read, i4 %symbol_cnt" [slot_counter.cpp:80]   --->   Operation 71 'store' 'store_ln80' <Predicate = (sync_req_read)> <Delay = 0.52>
ST_1 : Operation 72 [1/1] (0.47ns)   --->   "%store_ln81 = store i7 %sync_slot_read, i7 %slot_cnt" [slot_counter.cpp:81]   --->   Operation 72 'store' 'store_ln81' <Predicate = (sync_req_read)> <Delay = 0.47>
ST_1 : Operation 73 [1/1] (0.57ns)   --->   "%br_ln82 = br void %if.end41" [slot_counter.cpp:82]   --->   Operation 73 'br' 'br_ln82' <Predicate = (sync_req_read)> <Delay = 0.57>

State 2 <SV = 1> <Delay = 1.00>
ST_2 : Operation 74 [1/1] (0.00ns)   --->   "%slot_cnt_loc_0 = phi i7 %sync_slot_read, void %if.then, i7 %gpio_slot_num_read, void %if.then15, i7 %slot_cnt_load, void %if.else36, i7 %select_ln103, void %if.then25, i7 %slot_cnt_load, void %if.else33" [slot_counter.cpp:46]   --->   Operation 74 'phi' 'slot_cnt_loc_0' <Predicate = true> <Delay = 0.00>
ST_2 : Operation 75 [1/1] (0.00ns)   --->   "%p_0_0_0151 = phi i4 %sync_symbol_read, void %if.then, i4 %gpio_symbol_num_read, void %if.then15, i4 %symbol_cnt_load, void %if.else36, i4 0, void %if.then25, i4 %add_ln107, void %if.else33" [slot_counter.cpp:46]   --->   Operation 75 'phi' 'p_0_0_0151' <Predicate = true> <Delay = 0.00>
ST_2 : Operation 76 [1/1] (0.39ns)   --->   "%gpio_symbol_num_1 = select i1 %gpio_override_read, i4 %gpio_symbol_num_read, i4 %p_0_0_0151" [slot_counter.cpp:115]   --->   Operation 76 'select' 'gpio_symbol_num_1' <Predicate = true> <Delay = 0.39> <CoreInst = "Sel">   --->   Core 73 'Sel' <Latency = 0> <II = 1> <Delay = 0.39> <FuncUnit> <Opcode : 'select'> <InPorts = 3> <OutPorts = 1>
ST_2 : Operation 77 [1/1] (0.36ns)   --->   "%gpio_slot_num_1 = select i1 %gpio_override_read, i7 %gpio_slot_num_read, i7 %slot_cnt_loc_0" [slot_counter.cpp:115]   --->   Operation 77 'select' 'gpio_slot_num_1' <Predicate = true> <Delay = 0.36> <CoreInst = "Sel">   --->   Core 73 'Sel' <Latency = 0> <II = 1> <Delay = 0.36> <FuncUnit> <Opcode : 'select'> <InPorts = 3> <OutPorts = 1>
ST_2 : Operation 78 [1/1] (0.00ns)   --->   "%write_ln116 = write void @_ssdm_op_Write.ap_none.i4P0A, i4 %symbol_num, i4 %gpio_symbol_num_1" [slot_counter.cpp:116]   --->   Operation 78 'write' 'write_ln116' <Predicate = true> <Delay = 0.00>
ST_2 : Operation 79 [1/1] (0.00ns)   --->   "%write_ln120 = write void @_ssdm_op_Write.ap_none.i7P0A, i7 %slot_num, i7 %gpio_slot_num_1" [slot_counter.cpp:120]   --->   Operation 79 'write' 'write_ln120' <Predicate = true> <Delay = 0.00>
ST_2 : Operation 80 [1/1] (1.00ns)   --->   "%write_ln126 = write void @_ssdm_op_Write.s_axilite.i4P0A, i4 %symbol_num_out, i4 %p_0_0_0151" [slot_counter.cpp:126]   --->   Operation 80 'write' 'write_ln126' <Predicate = true> <Delay = 1.00> <CoreInst = "s_axilite">   --->   Core 120 's_axilite' <Latency = 0> <II = 1> <Delay = 1.00> <Adapter> <Opcode : 'read' 'write'>
ST_2 : Operation 81 [1/1] (1.00ns)   --->   "%write_ln127 = write void @_ssdm_op_Write.s_axilite.i7P0A, i7 %slot_num_out, i7 %slot_cnt_loc_0" [slot_counter.cpp:127]   --->   Operation 81 'write' 'write_ln127' <Predicate = true> <Delay = 1.00> <CoreInst = "s_axilite">   --->   Core 120 's_axilite' <Latency = 0> <II = 1> <Delay = 1.00> <Adapter> <Opcode : 'read' 'write'>
ST_2 : Operation 82 [1/1] (0.00ns)   --->   "%ret_ln128 = ret" [slot_counter.cpp:128]   --->   Operation 82 'ret' 'ret_ln128' <Predicate = true> <Delay = 0.00>


============================================================
+ Verbose Summary: Binding
============================================================
STG Binding: 
---------------- STG Properties BEGIN ----------------
- Is combinational: 0
- Is one-state seq: 0
- Is datapath-only: 0
- Is pipelined: 0
- Is top level: 1
Port [ Return ] is wired: 1; IO mode=ap_ctrl_none:ce=0
Port [ symbol_num]:  wired=1; compound=0; hidden=0; nouse=0; global=0; static=0; extern=0; dir=1; type=0; pingpong=0; private_global=0; IO mode=ap_none:ce=0
Port [ slot_num]:  wired=1; compound=0; hidden=0; nouse=0; global=0; static=0; extern=0; dir=1; type=0; pingpong=0; private_global=0; IO mode=ap_none:ce=0
Port [ gpio_override]:  wired=1; compound=0; hidden=0; nouse=0; global=0; static=0; extern=0; dir=0; type=0; pingpong=0; private_global=0; IO mode=ap_none:ce=0
Port [ gpio_symbol_num]:  wired=1; compound=0; hidden=0; nouse=0; global=0; static=0; extern=0; dir=0; type=0; pingpong=0; private_global=0; IO mode=ap_none:ce=0
Port [ gpio_slot_num]:  wired=1; compound=0; hidden=0; nouse=0; global=0; static=0; extern=0; dir=0; type=0; pingpong=0; private_global=0; IO mode=ap_none:ce=0
Port [ sync_req]:  wired=1; compound=0; hidden=0; nouse=0; global=0; static=0; extern=0; dir=0; type=0; pingpong=0; private_global=0; IO mode=ap_none:ce=0
Port [ sync_symbol]:  wired=1; compound=0; hidden=0; nouse=0; global=0; static=0; extern=0; dir=0; type=0; pingpong=0; private_global=0; IO mode=ap_none:ce=0
Port [ sync_slot]:  wired=1; compound=0; hidden=0; nouse=0; global=0; static=0; extern=0; dir=0; type=0; pingpong=0; private_global=0; IO mode=ap_none:ce=0
Port [ symbol_num_out]:  wired=1; compound=0; hidden=0; nouse=0; global=0; static=0; extern=0; dir=1; type=0; pingpong=0; private_global=0; IO mode=ap_vld:ce=0
Port [ slot_num_out]:  wired=1; compound=0; hidden=0; nouse=0; global=0; static=0; extern=0; dir=1; type=0; pingpong=0; private_global=0; IO mode=ap_vld:ce=0
Port [ slot_cnt]:  wired=0; compound=0; hidden=1; nouse=0; global=1; static=1; extern=0; dir=2; type=0; pingpong=0; private_global=1; IO mode=ap_ovld:ce=0
Port [ phase_cnt]:  wired=0; compound=0; hidden=1; nouse=0; global=1; static=1; extern=0; dir=2; type=0; pingpong=0; private_global=1; IO mode=ap_ovld:ce=0
Port [ symbol_cnt]:  wired=0; compound=0; hidden=1; nouse=0; global=1; static=1; extern=0; dir=2; type=0; pingpong=0; private_global=1; IO mode=ap_ovld:ce=0
---------------- STG Properties END ------------------

---------------- Datapath Model BEGIN ----------------

<LifeTime>
<method=bitvector/>
spectopmodule_ln43   (spectopmodule) [ 000]
specinterface_ln43   (specinterface) [ 000]
specbitsmap_ln0      (specbitsmap  ) [ 000]
specinterface_ln0    (specinterface) [ 000]
specbitsmap_ln0      (specbitsmap  ) [ 000]
specinterface_ln0    (specinterface) [ 000]
specbitsmap_ln0      (specbitsmap  ) [ 000]
specinterface_ln0    (specinterface) [ 000]
specbitsmap_ln0      (specbitsmap  ) [ 000]
specinterface_ln0    (specinterface) [ 000]
specbitsmap_ln0      (specbitsmap  ) [ 000]
specinterface_ln0    (specinterface) [ 000]
specbitsmap_ln0      (specbitsmap  ) [ 000]
specinterface_ln0    (specinterface) [ 000]
specinterface_ln0    (specinterface) [ 000]
specbitsmap_ln0      (specbitsmap  ) [ 000]
specinterface_ln0    (specinterface) [ 000]
specinterface_ln0    (specinterface) [ 000]
specbitsmap_ln0      (specbitsmap  ) [ 000]
specinterface_ln0    (specinterface) [ 000]
specinterface_ln0    (specinterface) [ 000]
specbitsmap_ln0      (specbitsmap  ) [ 000]
specinterface_ln0    (specinterface) [ 000]
specinterface_ln0    (specinterface) [ 000]
specbitsmap_ln0      (specbitsmap  ) [ 000]
specinterface_ln0    (specinterface) [ 000]
specinterface_ln0    (specinterface) [ 000]
specinterface_ln0    (specinterface) [ 000]
sync_slot_read       (read         ) [ 011]
sync_symbol_read     (read         ) [ 011]
sync_req_read        (read         ) [ 010]
gpio_slot_num_read   (read         ) [ 011]
gpio_symbol_num_read (read         ) [ 011]
gpio_override_read   (read         ) [ 011]
specreset_ln72       (specreset    ) [ 000]
specreset_ln73       (specreset    ) [ 000]
specreset_ln74       (specreset    ) [ 000]
slot_cnt_load        (load         ) [ 011]
br_ln77              (br           ) [ 000]
br_ln82              (br           ) [ 000]
symbol_cnt_load      (load         ) [ 011]
icmp_ln93            (icmp         ) [ 000]
icmp_ln93_1          (icmp         ) [ 000]
or_ln93              (or           ) [ 000]
select_ln97          (select       ) [ 000]
phase_cnt_load       (load         ) [ 000]
icmp_ln97            (icmp         ) [ 010]
br_ln97              (br           ) [ 000]
store_ln99           (store        ) [ 000]
icmp_ln100           (icmp         ) [ 010]
br_ln100             (br           ) [ 000]
add_ln107            (add          ) [ 011]
store_ln107          (store        ) [ 000]
br_ln0               (br           ) [ 011]
store_ln102          (store        ) [ 000]
icmp_ln103           (icmp         ) [ 000]
add_ln105            (add          ) [ 000]
select_ln103         (select       ) [ 011]
store_ln103          (store        ) [ 000]
br_ln106             (br           ) [ 011]
add_ln110            (add          ) [ 000]
store_ln110          (store        ) [ 000]
br_ln0               (br           ) [ 011]
store_ln84           (store        ) [ 000]
store_ln85           (store        ) [ 000]
store_ln86           (store        ) [ 000]
br_ln87              (br           ) [ 011]
store_ln79           (store        ) [ 000]
store_ln80           (store        ) [ 000]
store_ln81           (store        ) [ 000]
br_ln82              (br           ) [ 011]
slot_cnt_loc_0       (phi          ) [ 001]
p_0_0_0151           (phi          ) [ 001]
gpio_symbol_num_1    (select       ) [ 000]
gpio_slot_num_1      (select       ) [ 000]
write_ln116          (write        ) [ 000]
write_ln120          (write        ) [ 000]
write_ln126          (write        ) [ 000]
write_ln127          (write        ) [ 000]
ret_ln128            (ret          ) [ 000]
</LifeTime>

<model>

<comp_list>
<comp id="0" class="1000" name="symbol_num">
<pin_list>
<pin id="1" dir="1" index="0" bw="1" slack="0"/>
</pin_list>
<bind>
<StgValue><ssdm name="symbol_num"/></StgValue>
</bind>
</comp>

<comp id="2" class="1000" name="slot_num">
<pin_list>
<pin id="3" dir="1" index="0" bw="1" slack="0"/>
</pin_list>
<bind>
<StgValue><ssdm name="slot_num"/></StgValue>
</bind>
</comp>

<comp id="4" class="1000" name="gpio_override">
<pin_list>
<pin id="5" dir="1" index="0" bw="1" slack="0"/>
</pin_list>
<bind>
<StgValue><ssdm name="gpio_override"/></StgValue>
</bind>
</comp>

<comp id="6" class="1000" name="gpio_symbol_num">
<pin_list>
<pin id="7" dir="1" index="0" bw="1" slack="0"/>
</pin_list>
<bind>
<StgValue><ssdm name="gpio_symbol_num"/></StgValue>
</bind>
</comp>

<comp id="8" class="1000" name="gpio_slot_num">
<pin_list>
<pin id="9" dir="1" index="0" bw="1" slack="0"/>
</pin_list>
<bind>
<StgValue><ssdm name="gpio_slot_num"/></StgValue>
</bind>
</comp>

<comp id="10" class="1000" name="sync_req">
<pin_list>
<pin id="11" dir="1" index="0" bw="1" slack="0"/>
</pin_list>
<bind>
<StgValue><ssdm name="sync_req"/></StgValue>
</bind>
</comp>

<comp id="12" class="1000" name="sync_symbol">
<pin_list>
<pin id="13" dir="1" index="0" bw="1" slack="0"/>
</pin_list>
<bind>
<StgValue><ssdm name="sync_symbol"/></StgValue>
</bind>
</comp>

<comp id="14" class="1000" name="sync_slot">
<pin_list>
<pin id="15" dir="1" index="0" bw="1" slack="0"/>
</pin_list>
<bind>
<StgValue><ssdm name="sync_slot"/></StgValue>
</bind>
</comp>

<comp id="16" class="1000" name="symbol_num_out">
<pin_list>
<pin id="17" dir="1" index="0" bw="1" slack="0"/>
</pin_list>
<bind>
<StgValue><ssdm name="symbol_num_out"/></StgValue>
</bind>
</comp>

<comp id="18" class="1000" name="slot_num_out">
<pin_list>
<pin id="19" dir="1" index="0" bw="1" slack="0"/>
</pin_list>
<bind>
<StgValue><ssdm name="slot_num_out"/></StgValue>
</bind>
</comp>

<comp id="20" class="1000" name="slot_cnt">
<pin_list>
<pin id="21" dir="1" index="0" bw="1" slack="0"/>
</pin_list>
<bind>
<StgValue><ssdm name="slot_cnt"/></StgValue>
</bind>
</comp>

<comp id="22" class="1000" name="phase_cnt">
<pin_list>
<pin id="23" dir="1" index="0" bw="1" slack="0"/>
</pin_list>
<bind>
<StgValue><ssdm name="phase_cnt"/></StgValue>
</bind>
</comp>

<comp id="24" class="1000" name="symbol_cnt">
<pin_list>
<pin id="25" dir="1" index="0" bw="1" slack="0"/>
</pin_list>
<bind>
<StgValue><ssdm name="symbol_cnt"/></StgValue>
</bind>
</comp>

<comp id="26" class="1001" name="const_26">
<pin_list>
<pin id="27" dir="1" index="0" bw="1" slack="2147483647"/>
</pin_list>
<bind>
<StgValue><ssdm name="_ssdm_op_SpecTopModule"/></StgValue>
</bind>
</comp>

<comp id="28" class="1001" name="const_28">
<pin_list>
<pin id="29" dir="1" index="0" bw="1" slack="2147483647"/>
</pin_list>
<bind>
<StgValue><ssdm name="empty"/></StgValue>
</bind>
</comp>

<comp id="30" class="1001" name="const_30">
<pin_list>
<pin id="31" dir="1" index="0" bw="1" slack="2147483647"/>
</pin_list>
<bind>
<StgValue><ssdm name="_ssdm_op_SpecInterface"/></StgValue>
</bind>
</comp>

<comp id="32" class="1001" name="const_32">
<pin_list>
<pin id="33" dir="1" index="0" bw="1" slack="2147483647"/>
</pin_list>
<bind>
<StgValue><ssdm name=""/></StgValue>
</bind>
</comp>

<comp id="34" class="1001" name="const_34">
<pin_list>
<pin id="35" dir="1" index="0" bw="1" slack="2147483647"/>
</pin_list>
<bind>
<StgValue><ssdm name="empty_10"/></StgValue>
</bind>
</comp>

<comp id="36" class="1001" name="const_36">
<pin_list>
<pin id="37" dir="1" index="0" bw="1" slack="2147483647"/>
</pin_list>
<bind>
<StgValue><ssdm name="empty_8"/></StgValue>
</bind>
</comp>

<comp id="38" class="1001" name="const_38">
<pin_list>
<pin id="39" dir="1" index="0" bw="1" slack="2147483647"/>
</pin_list>
<bind>
<StgValue><ssdm name=""/></StgValue>
</bind>
</comp>

<comp id="40" class="1001" name="const_40">
<pin_list>
<pin id="41" dir="1" index="0" bw="1" slack="2147483647"/>
</pin_list>
<bind>
<StgValue><ssdm name="_ssdm_op_SpecBitsMap"/></StgValue>
</bind>
</comp>

<comp id="42" class="1001" name="const_42">
<pin_list>
<pin id="43" dir="1" index="0" bw="1" slack="2147483647"/>
</pin_list>
<bind>
<StgValue><ssdm name="empty_9"/></StgValue>
</bind>
</comp>

<comp id="44" class="1001" name="const_44">
<pin_list>
<pin id="45" dir="1" index="0" bw="1" slack="2147483647"/>
</pin_list>
<bind>
<StgValue><ssdm name="empty_7"/></StgValue>
</bind>
</comp>

<comp id="46" class="1001" name="const_46">
<pin_list>
<pin id="47" dir="1" index="0" bw="1" slack="2147483647"/>
</pin_list>
<bind>
<StgValue><ssdm name="empty_6"/></StgValue>
</bind>
</comp>

<comp id="48" class="1001" name="const_48">
<pin_list>
<pin id="49" dir="1" index="0" bw="1" slack="2147483647"/>
</pin_list>
<bind>
<StgValue><ssdm name="empty_5"/></StgValue>
</bind>
</comp>

<comp id="50" class="1001" name="const_50">
<pin_list>
<pin id="51" dir="1" index="0" bw="1" slack="2147483647"/>
</pin_list>
<bind>
<StgValue><ssdm name="empty_4"/></StgValue>
</bind>
</comp>

<comp id="52" class="1001" name="const_52">
<pin_list>
<pin id="53" dir="1" index="0" bw="1" slack="2147483647"/>
</pin_list>
<bind>
<StgValue><ssdm name="empty_3"/></StgValue>
</bind>
</comp>

<comp id="54" class="1001" name="const_54">
<pin_list>
<pin id="55" dir="1" index="0" bw="1" slack="2147483647"/>
</pin_list>
<bind>
<StgValue><ssdm name="empty_11"/></StgValue>
</bind>
</comp>

<comp id="56" class="1001" name="const_56">
<pin_list>
<pin id="57" dir="1" index="0" bw="1" slack="2147483647"/>
</pin_list>
<bind>
<StgValue><ssdm name="empty_2"/></StgValue>
</bind>
</comp>

<comp id="58" class="1001" name="const_58">
<pin_list>
<pin id="59" dir="1" index="0" bw="1" slack="2147483647"/>
</pin_list>
<bind>
<StgValue><ssdm name="empty_1"/></StgValue>
</bind>
</comp>

<comp id="60" class="1001" name="const_60">
<pin_list>
<pin id="61" dir="1" index="0" bw="1" slack="2147483647"/>
</pin_list>
<bind>
<StgValue><ssdm name="empty_0"/></StgValue>
</bind>
</comp>

<comp id="62" class="1001" name="const_62">
<pin_list>
<pin id="63" dir="1" index="0" bw="1" slack="0"/>
</pin_list>
<bind>
<StgValue><ssdm name="_ssdm_op_Read.s_axilite.i7"/></StgValue>
</bind>
</comp>

<comp id="64" class="1001" name="const_64">
<pin_list>
<pin id="65" dir="1" index="0" bw="1" slack="0"/>
</pin_list>
<bind>
<StgValue><ssdm name="_ssdm_op_Read.s_axilite.i4"/></StgValue>
</bind>
</comp>

<comp id="66" class="1001" name="const_66">
<pin_list>
<pin id="67" dir="1" index="0" bw="1" slack="0"/>
</pin_list>
<bind>
<StgValue><ssdm name="_ssdm_op_Read.s_axilite.i1"/></StgValue>
</bind>
</comp>

<comp id="68" class="1001" name="const_68">
<pin_list>
<pin id="69" dir="1" index="0" bw="1" slack="0"/>
</pin_list>
<bind>
<StgValue><ssdm name="_ssdm_op_Read.ap_none.i7"/></StgValue>
</bind>
</comp>

<comp id="70" class="1001" name="const_70">
<pin_list>
<pin id="71" dir="1" index="0" bw="1" slack="0"/>
</pin_list>
<bind>
<StgValue><ssdm name="_ssdm_op_Read.ap_none.i4"/></StgValue>
</bind>
</comp>

<comp id="72" class="1001" name="const_72">
<pin_list>
<pin id="73" dir="1" index="0" bw="1" slack="0"/>
</pin_list>
<bind>
<StgValue><ssdm name="_ssdm_op_Read.ap_none.i1"/></StgValue>
</bind>
</comp>

<comp id="74" class="1001" name="const_74">
<pin_list>
<pin id="75" dir="1" index="0" bw="1" slack="2147483647"/>
</pin_list>
<bind>
<StgValue><ssdm name="_ssdm_op_SpecReset"/></StgValue>
</bind>
</comp>

<comp id="76" class="1001" name="const_76">
<pin_list>
<pin id="77" dir="1" index="0" bw="1" slack="2147483647"/>
</pin_list>
<bind>
<StgValue><ssdm name=""/></StgValue>
</bind>
</comp>

<comp id="78" class="1001" name="const_78">
<pin_list>
<pin id="79" dir="1" index="0" bw="1" slack="0"/>
</pin_list>
<bind>
<StgValue><ssdm name=""/></StgValue>
</bind>
</comp>

<comp id="80" class="1001" name="const_80">
<pin_list>
<pin id="81" dir="1" index="0" bw="1" slack="0"/>
</pin_list>
<bind>
<StgValue><ssdm name=""/></StgValue>
</bind>
</comp>

<comp id="82" class="1001" name="const_82">
<pin_list>
<pin id="83" dir="1" index="0" bw="1" slack="0"/>
</pin_list>
<bind>
<StgValue><ssdm name=""/></StgValue>
</bind>
</comp>

<comp id="84" class="1001" name="const_84">
<pin_list>
<pin id="85" dir="1" index="0" bw="1" slack="0"/>
</pin_list>
<bind>
<StgValue><ssdm name=""/></StgValue>
</bind>
</comp>

<comp id="86" class="1001" name="const_86">
<pin_list>
<pin id="87" dir="1" index="0" bw="1" slack="0"/>
</pin_list>
<bind>
<StgValue><ssdm name=""/></StgValue>
</bind>
</comp>

<comp id="88" class="1001" name="const_88">
<pin_list>
<pin id="89" dir="1" index="0" bw="1" slack="0"/>
</pin_list>
<bind>
<StgValue><ssdm name=""/></StgValue>
</bind>
</comp>

<comp id="90" class="1001" name="const_90">
<pin_list>
<pin id="91" dir="1" index="0" bw="1" slack="0"/>
</pin_list>
<bind>
<StgValue><ssdm name=""/></StgValue>
</bind>
</comp>

<comp id="92" class="1001" name="const_92">
<pin_list>
<pin id="93" dir="1" index="0" bw="1" slack="0"/>
</pin_list>
<bind>
<StgValue><ssdm name=""/></StgValue>
</bind>
</comp>

<comp id="94" class="1001" name="const_94">
<pin_list>
<pin id="95" dir="1" index="0" bw="1" slack="0"/>
</pin_list>
<bind>
<StgValue><ssdm name=""/></StgValue>
</bind>
</comp>

<comp id="96" class="1001" name="const_96">
<pin_list>
<pin id="97" dir="1" index="0" bw="1" slack="0"/>
</pin_list>
<bind>
<StgValue><ssdm name=""/></StgValue>
</bind>
</comp>

<comp id="98" class="1001" name="const_98">
<pin_list>
<pin id="99" dir="1" index="0" bw="1" slack="0"/>
</pin_list>
<bind>
<StgValue><ssdm name=""/></StgValue>
</bind>
</comp>

<comp id="100" class="1001" name="const_100">
<pin_list>
<pin id="101" dir="1" index="0" bw="1" slack="0"/>
</pin_list>
<bind>
<StgValue><ssdm name="_ssdm_op_Write.ap_none.i4P0A"/></StgValue>
</bind>
</comp>

<comp id="102" class="1001" name="const_102">
<pin_list>
<pin id="103" dir="1" index="0" bw="1" slack="0"/>
</pin_list>
<bind>
<StgValue><ssdm name="_ssdm_op_Write.ap_none.i7P0A"/></StgValue>
</bind>
</comp>

<comp id="104" class="1001" name="const_104">
<pin_list>
<pin id="105" dir="1" index="0" bw="1" slack="0"/>
</pin_list>
<bind>
<StgValue><ssdm name="_ssdm_op_Write.s_axilite.i4P0A"/></StgValue>
</bind>
</comp>

<comp id="106" class="1001" name="const_106">
<pin_list>
<pin id="107" dir="1" index="0" bw="1" slack="0"/>
</pin_list>
<bind>
<StgValue><ssdm name="_ssdm_op_Write.s_axilite.i7P0A"/></StgValue>
</bind>
</comp>

<comp id="108" class="1004" name="sync_slot_read_read_fu_108">
<pin_list>
<pin id="109" dir="0" index="0" bw="7" slack="0"/>
<pin id="110" dir="0" index="1" bw="7" slack="0"/>
<pin id="111" dir="1" index="2" bw="7" slack="0"/>
</pin_list>
<bind>
<opcode="read(1150) " fcode="read"/>
<opset="sync_slot_read/1 "/>
</bind>
</comp>

<comp id="114" class="1004" name="sync_symbol_read_read_fu_114">
<pin_list>
<pin id="115" dir="0" index="0" bw="4" slack="0"/>
<pin id="116" dir="0" index="1" bw="4" slack="0"/>
<pin id="117" dir="1" index="2" bw="4" slack="0"/>
</pin_list>
<bind>
<opcode="read(1150) " fcode="read"/>
<opset="sync_symbol_read/1 "/>
</bind>
</comp>

<comp id="120" class="1004" name="sync_req_read_read_fu_120">
<pin_list>
<pin id="121" dir="0" index="0" bw="1" slack="0"/>
<pin id="122" dir="0" index="1" bw="1" slack="0"/>
<pin id="123" dir="1" index="2" bw="1" slack="2147483647"/>
</pin_list>
<bind>
<opcode="read(1150) " fcode="read"/>
<opset="sync_req_read/1 "/>
</bind>
</comp>

<comp id="126" class="1004" name="gpio_slot_num_read_read_fu_126">
<pin_list>
<pin id="127" dir="0" index="0" bw="7" slack="0"/>
<pin id="128" dir="0" index="1" bw="7" slack="0"/>
<pin id="129" dir="1" index="2" bw="7" slack="0"/>
</pin_list>
<bind>
<opcode="read(1150) " fcode="read"/>
<opset="gpio_slot_num_read/1 "/>
</bind>
</comp>

<comp id="132" class="1004" name="gpio_symbol_num_read_read_fu_132">
<pin_list>
<pin id="133" dir="0" index="0" bw="4" slack="0"/>
<pin id="134" dir="0" index="1" bw="4" slack="0"/>
<pin id="135" dir="1" index="2" bw="4" slack="0"/>
</pin_list>
<bind>
<opcode="read(1150) " fcode="read"/>
<opset="gpio_symbol_num_read/1 "/>
</bind>
</comp>

<comp id="138" class="1004" name="gpio_override_read_read_fu_138">
<pin_list>
<pin id="139" dir="0" index="0" bw="1" slack="0"/>
<pin id="140" dir="0" index="1" bw="1" slack="0"/>
<pin id="141" dir="1" index="2" bw="1" slack="1"/>
</pin_list>
<bind>
<opcode="read(1150) " fcode="read"/>
<opset="gpio_override_read/1 "/>
</bind>
</comp>

<comp id="144" class="1004" name="write_ln116_write_fu_144">
<pin_list>
<pin id="145" dir="0" index="0" bw="0" slack="0"/>
<pin id="146" dir="0" index="1" bw="4" slack="0"/>
<pin id="147" dir="0" index="2" bw="4" slack="0"/>
<pin id="148" dir="1" index="3" bw="0" slack="2147483647"/>
</pin_list>
<bind>
<opcode="write(1151) " fcode="write"/>
<opset="write_ln116/2 "/>
</bind>
</comp>

<comp id="151" class="1004" name="write_ln120_write_fu_151">
<pin_list>
<pin id="152" dir="0" index="0" bw="0" slack="0"/>
<pin id="153" dir="0" index="1" bw="7" slack="0"/>
<pin id="154" dir="0" index="2" bw="7" slack="0"/>
<pin id="155" dir="1" index="3" bw="0" slack="2147483647"/>
</pin_list>
<bind>
<opcode="write(1151) " fcode="write"/>
<opset="write_ln120/2 "/>
</bind>
</comp>

<comp id="158" class="1004" name="write_ln126_write_fu_158">
<pin_list>
<pin id="159" dir="0" index="0" bw="0" slack="0"/>
<pin id="160" dir="0" index="1" bw="4" slack="0"/>
<pin id="161" dir="0" index="2" bw="4" slack="0"/>
<pin id="162" dir="1" index="3" bw="0" slack="2147483647"/>
</pin_list>
<bind>
<opcode="write(1151) " fcode="write"/>
<opset="write_ln126/2 "/>
</bind>
</comp>

<comp id="165" class="1004" name="write_ln127_write_fu_165">
<pin_list>
<pin id="166" dir="0" index="0" bw="0" slack="0"/>
<pin id="167" dir="0" index="1" bw="7" slack="0"/>
<pin id="168" dir="0" index="2" bw="7" slack="0"/>
<pin id="169" dir="1" index="3" bw="0" slack="2147483647"/>
</pin_list>
<bind>
<opcode="write(1151) " fcode="write"/>
<opset="write_ln127/2 "/>
</bind>
</comp>

<comp id="172" class="1005" name="slot_cnt_loc_0_reg_172">
<pin_list>
<pin id="173" dir="0" index="0" bw="7" slack="2147483647"/>
<pin id="174" dir="1" index="1" bw="7" slack="2147483647"/>
</pin_list>
<bind>
<opset="slot_cnt_loc_0 (phireg) "/>
</bind>
</comp>

<comp id="175" class="1004" name="slot_cnt_loc_0_phi_fu_175">
<pin_list>
<pin id="176" dir="0" index="0" bw="7" slack="1"/>
<pin id="177" dir="0" index="1" bw="0" slack="2147483647"/>
<pin id="178" dir="0" index="2" bw="7" slack="1"/>
<pin id="179" dir="0" index="3" bw="0" slack="2147483647"/>
<pin id="180" dir="0" index="4" bw="7" slack="1"/>
<pin id="181" dir="0" index="5" bw="0" slack="2147483647"/>
<pin id="182" dir="0" index="6" bw="7" slack="1"/>
<pin id="183" dir="0" index="7" bw="0" slack="2147483647"/>
<pin id="184" dir="0" index="8" bw="7" slack="1"/>
<pin id="185" dir="0" index="9" bw="0" slack="2147483647"/>
<pin id="186" dir="1" index="10" bw="7" slack="0"/>
</pin_list>
<bind>
<opcode="phi(47) " fcode="phi"/>
<opset="slot_cnt_loc_0/2 "/>
</bind>
</comp>

<comp id="188" class="1005" name="p_0_0_0151_reg_188">
<pin_list>
<pin id="189" dir="0" index="0" bw="4" slack="1"/>
<pin id="190" dir="1" index="1" bw="4" slack="1"/>
</pin_list>
<bind>
<opset="p_0_0_0151 (phireg) "/>
</bind>
</comp>

<comp id="192" class="1004" name="p_0_0_0151_phi_fu_192">
<pin_list>
<pin id="193" dir="0" index="0" bw="4" slack="1"/>
<pin id="194" dir="0" index="1" bw="0" slack="2147483647"/>
<pin id="195" dir="0" index="2" bw="4" slack="1"/>
<pin id="196" dir="0" index="3" bw="0" slack="2147483647"/>
<pin id="197" dir="0" index="4" bw="4" slack="1"/>
<pin id="198" dir="0" index="5" bw="0" slack="2147483647"/>
<pin id="199" dir="0" index="6" bw="1" slack="1"/>
<pin id="200" dir="0" index="7" bw="0" slack="2147483647"/>
<pin id="201" dir="0" index="8" bw="4" slack="1"/>
<pin id="202" dir="0" index="9" bw="0" slack="2147483647"/>
<pin id="203" dir="1" index="10" bw="4" slack="0"/>
</pin_list>
<bind>
<opcode="phi(47) " fcode="phi"/>
<opset="p_0_0_0151/2 "/>
</bind>
</comp>

<comp id="206" class="1004" name="slot_cnt_load_load_fu_206">
<pin_list>
<pin id="207" dir="0" index="0" bw="7" slack="0"/>
<pin id="208" dir="1" index="1" bw="7" slack="0"/>
</pin_list>
<bind>
<opcode="load(27) " fcode="load"/>
<opset="slot_cnt_load/1 "/>
</bind>
</comp>

<comp id="210" class="1004" name="symbol_cnt_load_load_fu_210">
<pin_list>
<pin id="211" dir="0" index="0" bw="4" slack="0"/>
<pin id="212" dir="1" index="1" bw="4" slack="0"/>
</pin_list>
<bind>
<opcode="load(27) " fcode="load"/>
<opset="symbol_cnt_load/1 "/>
</bind>
</comp>

<comp id="214" class="1004" name="icmp_ln93_fu_214">
<pin_list>
<pin id="215" dir="0" index="0" bw="4" slack="0"/>
<pin id="216" dir="0" index="1" bw="1" slack="0"/>
<pin id="217" dir="1" index="2" bw="1" slack="0"/>
</pin_list>
<bind>
<opcode="icmp(45) " fcode="icmp"/>
<opset="icmp_ln93/1 "/>
</bind>
</comp>

<comp id="220" class="1004" name="icmp_ln93_1_fu_220">
<pin_list>
<pin id="221" dir="0" index="0" bw="4" slack="0"/>
<pin id="222" dir="0" index="1" bw="4" slack="0"/>
<pin id="223" dir="1" index="2" bw="1" slack="0"/>
</pin_list>
<bind>
<opcode="icmp(45) " fcode="icmp"/>
<opset="icmp_ln93_1/1 "/>
</bind>
</comp>

<comp id="226" class="1004" name="or_ln93_fu_226">
<pin_list>
<pin id="227" dir="0" index="0" bw="1" slack="0"/>
<pin id="228" dir="0" index="1" bw="1" slack="0"/>
<pin id="229" dir="1" index="2" bw="1" slack="0"/>
</pin_list>
<bind>
<opcode="or(24) " fcode="or"/>
<opset="or_ln93/1 "/>
</bind>
</comp>

<comp id="232" class="1004" name="select_ln97_fu_232">
<pin_list>
<pin id="233" dir="0" index="0" bw="1" slack="0"/>
<pin id="234" dir="0" index="1" bw="12" slack="0"/>
<pin id="235" dir="0" index="2" bw="12" slack="0"/>
<pin id="236" dir="1" index="3" bw="12" slack="0"/>
</pin_list>
<bind>
<opcode="select(49) " fcode="select"/>
<opset="select_ln97/1 "/>
</bind>
</comp>

<comp id="240" class="1004" name="phase_cnt_load_load_fu_240">
<pin_list>
<pin id="241" dir="0" index="0" bw="12" slack="0"/>
<pin id="242" dir="1" index="1" bw="12" slack="0"/>
</pin_list>
<bind>
<opcode="load(27) " fcode="load"/>
<opset="phase_cnt_load/1 "/>
</bind>
</comp>

<comp id="244" class="1004" name="icmp_ln97_fu_244">
<pin_list>
<pin id="245" dir="0" index="0" bw="12" slack="0"/>
<pin id="246" dir="0" index="1" bw="12" slack="0"/>
<pin id="247" dir="1" index="2" bw="1" slack="2147483647"/>
</pin_list>
<bind>
<opcode="icmp(45) " fcode="icmp"/>
<opset="icmp_ln97/1 "/>
</bind>
</comp>

<comp id="250" class="1004" name="store_ln99_store_fu_250">
<pin_list>
<pin id="251" dir="0" index="0" bw="1" slack="0"/>
<pin id="252" dir="0" index="1" bw="12" slack="0"/>
<pin id="253" dir="1" index="2" bw="0" slack="2147483647"/>
</pin_list>
<bind>
<opcode="store(28) " fcode="store"/>
<opset="store_ln99/1 "/>
</bind>
</comp>

<comp id="256" class="1004" name="icmp_ln100_fu_256">
<pin_list>
<pin id="257" dir="0" index="0" bw="4" slack="0"/>
<pin id="258" dir="0" index="1" bw="3" slack="0"/>
<pin id="259" dir="1" index="2" bw="1" slack="2147483647"/>
</pin_list>
<bind>
<opcode="icmp(45) " fcode="icmp"/>
<opset="icmp_ln100/1 "/>
</bind>
</comp>

<comp id="262" class="1004" name="add_ln107_fu_262">
<pin_list>
<pin id="263" dir="0" index="0" bw="4" slack="0"/>
<pin id="264" dir="0" index="1" bw="1" slack="0"/>
<pin id="265" dir="1" index="2" bw="4" slack="0"/>
</pin_list>
<bind>
<opcode="add(8) " fcode="add"/>
<opset="add_ln107/1 "/>
</bind>
</comp>

<comp id="268" class="1004" name="store_ln107_store_fu_268">
<pin_list>
<pin id="269" dir="0" index="0" bw="4" slack="0"/>
<pin id="270" dir="0" index="1" bw="4" slack="0"/>
<pin id="271" dir="1" index="2" bw="0" slack="2147483647"/>
</pin_list>
<bind>
<opcode="store(28) " fcode="store"/>
<opset="store_ln107/1 "/>
</bind>
</comp>

<comp id="274" class="1004" name="store_ln102_store_fu_274">
<pin_list>
<pin id="275" dir="0" index="0" bw="1" slack="0"/>
<pin id="276" dir="0" index="1" bw="4" slack="0"/>
<pin id="277" dir="1" index="2" bw="0" slack="2147483647"/>
</pin_list>
<bind>
<opcode="store(28) " fcode="store"/>
<opset="store_ln102/1 "/>
</bind>
</comp>

<comp id="280" class="1004" name="icmp_ln103_fu_280">
<pin_list>
<pin id="281" dir="0" index="0" bw="7" slack="0"/>
<pin id="282" dir="0" index="1" bw="7" slack="0"/>
<pin id="283" dir="1" index="2" bw="1" slack="0"/>
</pin_list>
<bind>
<opcode="icmp(45) " fcode="icmp"/>
<opset="icmp_ln103/1 "/>
</bind>
</comp>

<comp id="286" class="1004" name="add_ln105_fu_286">
<pin_list>
<pin id="287" dir="0" index="0" bw="7" slack="0"/>
<pin id="288" dir="0" index="1" bw="1" slack="0"/>
<pin id="289" dir="1" index="2" bw="7" slack="0"/>
</pin_list>
<bind>
<opcode="add(8) " fcode="add"/>
<opset="add_ln105/1 "/>
</bind>
</comp>

<comp id="292" class="1004" name="select_ln103_fu_292">
<pin_list>
<pin id="293" dir="0" index="0" bw="1" slack="0"/>
<pin id="294" dir="0" index="1" bw="1" slack="0"/>
<pin id="295" dir="0" index="2" bw="7" slack="0"/>
<pin id="296" dir="1" index="3" bw="7" slack="0"/>
</pin_list>
<bind>
<opcode="select(49) " fcode="select"/>
<opset="select_ln103/1 "/>
</bind>
</comp>

<comp id="300" class="1004" name="store_ln103_store_fu_300">
<pin_list>
<pin id="301" dir="0" index="0" bw="7" slack="0"/>
<pin id="302" dir="0" index="1" bw="7" slack="0"/>
<pin id="303" dir="1" index="2" bw="0" slack="2147483647"/>
</pin_list>
<bind>
<opcode="store(28) " fcode="store"/>
<opset="store_ln103/1 "/>
</bind>
</comp>

<comp id="306" class="1004" name="add_ln110_fu_306">
<pin_list>
<pin id="307" dir="0" index="0" bw="12" slack="0"/>
<pin id="308" dir="0" index="1" bw="1" slack="0"/>
<pin id="309" dir="1" index="2" bw="12" slack="0"/>
</pin_list>
<bind>
<opcode="add(8) " fcode="add"/>
<opset="add_ln110/1 "/>
</bind>
</comp>

<comp id="312" class="1004" name="store_ln110_store_fu_312">
<pin_list>
<pin id="313" dir="0" index="0" bw="12" slack="0"/>
<pin id="314" dir="0" index="1" bw="12" slack="0"/>
<pin id="315" dir="1" index="2" bw="0" slack="2147483647"/>
</pin_list>
<bind>
<opcode="store(28) " fcode="store"/>
<opset="store_ln110/1 "/>
</bind>
</comp>

<comp id="318" class="1004" name="store_ln84_store_fu_318">
<pin_list>
<pin id="319" dir="0" index="0" bw="1" slack="0"/>
<pin id="320" dir="0" index="1" bw="12" slack="0"/>
<pin id="321" dir="1" index="2" bw="0" slack="2147483647"/>
</pin_list>
<bind>
<opcode="store(28) " fcode="store"/>
<opset="store_ln84/1 "/>
</bind>
</comp>

<comp id="324" class="1004" name="store_ln85_store_fu_324">
<pin_list>
<pin id="325" dir="0" index="0" bw="4" slack="0"/>
<pin id="326" dir="0" index="1" bw="4" slack="0"/>
<pin id="327" dir="1" index="2" bw="0" slack="2147483647"/>
</pin_list>
<bind>
<opcode="store(28) " fcode="store"/>
<opset="store_ln85/1 "/>
</bind>
</comp>

<comp id="330" class="1004" name="store_ln86_store_fu_330">
<pin_list>
<pin id="331" dir="0" index="0" bw="7" slack="0"/>
<pin id="332" dir="0" index="1" bw="7" slack="0"/>
<pin id="333" dir="1" index="2" bw="0" slack="2147483647"/>
</pin_list>
<bind>
<opcode="store(28) " fcode="store"/>
<opset="store_ln86/1 "/>
</bind>
</comp>

<comp id="336" class="1004" name="store_ln79_store_fu_336">
<pin_list>
<pin id="337" dir="0" index="0" bw="1" slack="0"/>
<pin id="338" dir="0" index="1" bw="12" slack="0"/>
<pin id="339" dir="1" index="2" bw="0" slack="2147483647"/>
</pin_list>
<bind>
<opcode="store(28) " fcode="store"/>
<opset="store_ln79/1 "/>
</bind>
</comp>

<comp id="342" class="1004" name="store_ln80_store_fu_342">
<pin_list>
<pin id="343" dir="0" index="0" bw="4" slack="0"/>
<pin id="344" dir="0" index="1" bw="4" slack="0"/>
<pin id="345" dir="1" index="2" bw="0" slack="2147483647"/>
</pin_list>
<bind>
<opcode="store(28) " fcode="store"/>
<opset="store_ln80/1 "/>
</bind>
</comp>

<comp id="348" class="1004" name="store_ln81_store_fu_348">
<pin_list>
<pin id="349" dir="0" index="0" bw="7" slack="0"/>
<pin id="350" dir="0" index="1" bw="7" slack="0"/>
<pin id="351" dir="1" index="2" bw="0" slack="2147483647"/>
</pin_list>
<bind>
<opcode="store(28) " fcode="store"/>
<opset="store_ln81/1 "/>
</bind>
</comp>

<comp id="354" class="1004" name="gpio_symbol_num_1_fu_354">
<pin_list>
<pin id="355" dir="0" index="0" bw="1" slack="1"/>
<pin id="356" dir="0" index="1" bw="4" slack="1"/>
<pin id="357" dir="0" index="2" bw="4" slack="0"/>
<pin id="358" dir="1" index="3" bw="4" slack="0"/>
</pin_list>
<bind>
<opcode="select(49) " fcode="select"/>
<opset="gpio_symbol_num_1/2 "/>
</bind>
</comp>

<comp id="361" class="1004" name="gpio_slot_num_1_fu_361">
<pin_list>
<pin id="362" dir="0" index="0" bw="1" slack="1"/>
<pin id="363" dir="0" index="1" bw="7" slack="1"/>
<pin id="364" dir="0" index="2" bw="7" slack="0"/>
<pin id="365" dir="1" index="3" bw="7" slack="0"/>
</pin_list>
<bind>
<opcode="select(49) " fcode="select"/>
<opset="gpio_slot_num_1/2 "/>
</bind>
</comp>

<comp id="368" class="1005" name="sync_slot_read_reg_368">
<pin_list>
<pin id="369" dir="0" index="0" bw="7" slack="1"/>
<pin id="370" dir="1" index="1" bw="7" slack="1"/>
</pin_list>
<bind>
<opset="sync_slot_read "/>
</bind>
</comp>

<comp id="373" class="1005" name="sync_symbol_read_reg_373">
<pin_list>
<pin id="374" dir="0" index="0" bw="4" slack="1"/>
<pin id="375" dir="1" index="1" bw="4" slack="1"/>
</pin_list>
<bind>
<opset="sync_symbol_read "/>
</bind>
</comp>

<comp id="381" class="1005" name="gpio_slot_num_read_reg_381">
<pin_list>
<pin id="382" dir="0" index="0" bw="7" slack="1"/>
<pin id="383" dir="1" index="1" bw="7" slack="1"/>
</pin_list>
<bind>
<opset="gpio_slot_num_read "/>
</bind>
</comp>

<comp id="387" class="1005" name="gpio_symbol_num_read_reg_387">
<pin_list>
<pin id="388" dir="0" index="0" bw="4" slack="1"/>
<pin id="389" dir="1" index="1" bw="4" slack="1"/>
</pin_list>
<bind>
<opset="gpio_symbol_num_read "/>
</bind>
</comp>

<comp id="393" class="1005" name="gpio_override_read_reg_393">
<pin_list>
<pin id="394" dir="0" index="0" bw="1" slack="1"/>
<pin id="395" dir="1" index="1" bw="1" slack="1"/>
</pin_list>
<bind>
<opset="gpio_override_read "/>
</bind>
</comp>

<comp id="399" class="1005" name="slot_cnt_load_reg_399">
<pin_list>
<pin id="400" dir="0" index="0" bw="7" slack="1"/>
<pin id="401" dir="1" index="1" bw="7" slack="1"/>
</pin_list>
<bind>
<opset="slot_cnt_load "/>
</bind>
</comp>

<comp id="405" class="1005" name="symbol_cnt_load_reg_405">
<pin_list>
<pin id="406" dir="0" index="0" bw="4" slack="1"/>
<pin id="407" dir="1" index="1" bw="4" slack="1"/>
</pin_list>
<bind>
<opset="symbol_cnt_load "/>
</bind>
</comp>

<comp id="416" class="1005" name="add_ln107_reg_416">
<pin_list>
<pin id="417" dir="0" index="0" bw="4" slack="1"/>
<pin id="418" dir="1" index="1" bw="4" slack="1"/>
</pin_list>
<bind>
<opset="add_ln107 "/>
</bind>
</comp>

<comp id="421" class="1005" name="select_ln103_reg_421">
<pin_list>
<pin id="422" dir="0" index="0" bw="7" slack="1"/>
<pin id="423" dir="1" index="1" bw="7" slack="1"/>
</pin_list>
<bind>
<opset="select_ln103 "/>
</bind>
</comp>

</comp_list>

<net_list>
<net id="112"><net_src comp="62" pin="0"/><net_sink comp="108" pin=0"/></net>

<net id="113"><net_src comp="14" pin="0"/><net_sink comp="108" pin=1"/></net>

<net id="118"><net_src comp="64" pin="0"/><net_sink comp="114" pin=0"/></net>

<net id="119"><net_src comp="12" pin="0"/><net_sink comp="114" pin=1"/></net>

<net id="124"><net_src comp="66" pin="0"/><net_sink comp="120" pin=0"/></net>

<net id="125"><net_src comp="10" pin="0"/><net_sink comp="120" pin=1"/></net>

<net id="130"><net_src comp="68" pin="0"/><net_sink comp="126" pin=0"/></net>

<net id="131"><net_src comp="8" pin="0"/><net_sink comp="126" pin=1"/></net>

<net id="136"><net_src comp="70" pin="0"/><net_sink comp="132" pin=0"/></net>

<net id="137"><net_src comp="6" pin="0"/><net_sink comp="132" pin=1"/></net>

<net id="142"><net_src comp="72" pin="0"/><net_sink comp="138" pin=0"/></net>

<net id="143"><net_src comp="4" pin="0"/><net_sink comp="138" pin=1"/></net>

<net id="149"><net_src comp="100" pin="0"/><net_sink comp="144" pin=0"/></net>

<net id="150"><net_src comp="0" pin="0"/><net_sink comp="144" pin=1"/></net>

<net id="156"><net_src comp="102" pin="0"/><net_sink comp="151" pin=0"/></net>

<net id="157"><net_src comp="2" pin="0"/><net_sink comp="151" pin=1"/></net>

<net id="163"><net_src comp="104" pin="0"/><net_sink comp="158" pin=0"/></net>

<net id="164"><net_src comp="16" pin="0"/><net_sink comp="158" pin=1"/></net>

<net id="170"><net_src comp="106" pin="0"/><net_sink comp="165" pin=0"/></net>

<net id="171"><net_src comp="18" pin="0"/><net_sink comp="165" pin=1"/></net>

<net id="187"><net_src comp="175" pin="10"/><net_sink comp="165" pin=2"/></net>

<net id="191"><net_src comp="78" pin="0"/><net_sink comp="188" pin=0"/></net>

<net id="204"><net_src comp="188" pin="1"/><net_sink comp="192" pin=6"/></net>

<net id="205"><net_src comp="192" pin="10"/><net_sink comp="158" pin=2"/></net>

<net id="209"><net_src comp="20" pin="0"/><net_sink comp="206" pin=0"/></net>

<net id="213"><net_src comp="24" pin="0"/><net_sink comp="210" pin=0"/></net>

<net id="218"><net_src comp="210" pin="1"/><net_sink comp="214" pin=0"/></net>

<net id="219"><net_src comp="78" pin="0"/><net_sink comp="214" pin=1"/></net>

<net id="224"><net_src comp="210" pin="1"/><net_sink comp="220" pin=0"/></net>

<net id="225"><net_src comp="80" pin="0"/><net_sink comp="220" pin=1"/></net>

<net id="230"><net_src comp="214" pin="2"/><net_sink comp="226" pin=0"/></net>

<net id="231"><net_src comp="220" pin="2"/><net_sink comp="226" pin=1"/></net>

<net id="237"><net_src comp="226" pin="2"/><net_sink comp="232" pin=0"/></net>

<net id="238"><net_src comp="82" pin="0"/><net_sink comp="232" pin=1"/></net>

<net id="239"><net_src comp="84" pin="0"/><net_sink comp="232" pin=2"/></net>

<net id="243"><net_src comp="22" pin="0"/><net_sink comp="240" pin=0"/></net>

<net id="248"><net_src comp="232" pin="3"/><net_sink comp="244" pin=0"/></net>

<net id="249"><net_src comp="240" pin="1"/><net_sink comp="244" pin=1"/></net>

<net id="254"><net_src comp="86" pin="0"/><net_sink comp="250" pin=0"/></net>

<net id="255"><net_src comp="22" pin="0"/><net_sink comp="250" pin=1"/></net>

<net id="260"><net_src comp="210" pin="1"/><net_sink comp="256" pin=0"/></net>

<net id="261"><net_src comp="88" pin="0"/><net_sink comp="256" pin=1"/></net>

<net id="266"><net_src comp="210" pin="1"/><net_sink comp="262" pin=0"/></net>

<net id="267"><net_src comp="90" pin="0"/><net_sink comp="262" pin=1"/></net>

<net id="272"><net_src comp="262" pin="2"/><net_sink comp="268" pin=0"/></net>

<net id="273"><net_src comp="24" pin="0"/><net_sink comp="268" pin=1"/></net>

<net id="278"><net_src comp="78" pin="0"/><net_sink comp="274" pin=0"/></net>

<net id="279"><net_src comp="24" pin="0"/><net_sink comp="274" pin=1"/></net>

<net id="284"><net_src comp="206" pin="1"/><net_sink comp="280" pin=0"/></net>

<net id="285"><net_src comp="92" pin="0"/><net_sink comp="280" pin=1"/></net>

<net id="290"><net_src comp="206" pin="1"/><net_sink comp="286" pin=0"/></net>

<net id="291"><net_src comp="94" pin="0"/><net_sink comp="286" pin=1"/></net>

<net id="297"><net_src comp="280" pin="2"/><net_sink comp="292" pin=0"/></net>

<net id="298"><net_src comp="96" pin="0"/><net_sink comp="292" pin=1"/></net>

<net id="299"><net_src comp="286" pin="2"/><net_sink comp="292" pin=2"/></net>

<net id="304"><net_src comp="292" pin="3"/><net_sink comp="300" pin=0"/></net>

<net id="305"><net_src comp="20" pin="0"/><net_sink comp="300" pin=1"/></net>

<net id="310"><net_src comp="240" pin="1"/><net_sink comp="306" pin=0"/></net>

<net id="311"><net_src comp="98" pin="0"/><net_sink comp="306" pin=1"/></net>

<net id="316"><net_src comp="306" pin="2"/><net_sink comp="312" pin=0"/></net>

<net id="317"><net_src comp="22" pin="0"/><net_sink comp="312" pin=1"/></net>

<net id="322"><net_src comp="86" pin="0"/><net_sink comp="318" pin=0"/></net>

<net id="323"><net_src comp="22" pin="0"/><net_sink comp="318" pin=1"/></net>

<net id="328"><net_src comp="132" pin="2"/><net_sink comp="324" pin=0"/></net>

<net id="329"><net_src comp="24" pin="0"/><net_sink comp="324" pin=1"/></net>

<net id="334"><net_src comp="126" pin="2"/><net_sink comp="330" pin=0"/></net>

<net id="335"><net_src comp="20" pin="0"/><net_sink comp="330" pin=1"/></net>

<net id="340"><net_src comp="86" pin="0"/><net_sink comp="336" pin=0"/></net>

<net id="341"><net_src comp="22" pin="0"/><net_sink comp="336" pin=1"/></net>

<net id="346"><net_src comp="114" pin="2"/><net_sink comp="342" pin=0"/></net>

<net id="347"><net_src comp="24" pin="0"/><net_sink comp="342" pin=1"/></net>

<net id="352"><net_src comp="108" pin="2"/><net_sink comp="348" pin=0"/></net>

<net id="353"><net_src comp="20" pin="0"/><net_sink comp="348" pin=1"/></net>

<net id="359"><net_src comp="192" pin="10"/><net_sink comp="354" pin=2"/></net>

<net id="360"><net_src comp="354" pin="3"/><net_sink comp="144" pin=2"/></net>

<net id="366"><net_src comp="175" pin="10"/><net_sink comp="361" pin=2"/></net>

<net id="367"><net_src comp="361" pin="3"/><net_sink comp="151" pin=2"/></net>

<net id="371"><net_src comp="108" pin="2"/><net_sink comp="368" pin=0"/></net>

<net id="372"><net_src comp="368" pin="1"/><net_sink comp="175" pin=0"/></net>

<net id="376"><net_src comp="114" pin="2"/><net_sink comp="373" pin=0"/></net>

<net id="377"><net_src comp="373" pin="1"/><net_sink comp="192" pin=0"/></net>

<net id="384"><net_src comp="126" pin="2"/><net_sink comp="381" pin=0"/></net>

<net id="385"><net_src comp="381" pin="1"/><net_sink comp="175" pin=2"/></net>

<net id="386"><net_src comp="381" pin="1"/><net_sink comp="361" pin=1"/></net>

<net id="390"><net_src comp="132" pin="2"/><net_sink comp="387" pin=0"/></net>

<net id="391"><net_src comp="387" pin="1"/><net_sink comp="192" pin=2"/></net>

<net id="392"><net_src comp="387" pin="1"/><net_sink comp="354" pin=1"/></net>

<net id="396"><net_src comp="138" pin="2"/><net_sink comp="393" pin=0"/></net>

<net id="397"><net_src comp="393" pin="1"/><net_sink comp="354" pin=0"/></net>

<net id="398"><net_src comp="393" pin="1"/><net_sink comp="361" pin=0"/></net>

<net id="402"><net_src comp="206" pin="1"/><net_sink comp="399" pin=0"/></net>

<net id="403"><net_src comp="399" pin="1"/><net_sink comp="175" pin=4"/></net>

<net id="404"><net_src comp="399" pin="1"/><net_sink comp="175" pin=8"/></net>

<net id="408"><net_src comp="210" pin="1"/><net_sink comp="405" pin=0"/></net>

<net id="409"><net_src comp="405" pin="1"/><net_sink comp="192" pin=4"/></net>

<net id="419"><net_src comp="262" pin="2"/><net_sink comp="416" pin=0"/></net>

<net id="420"><net_src comp="416" pin="1"/><net_sink comp="192" pin=8"/></net>

<net id="424"><net_src comp="292" pin="3"/><net_sink comp="421" pin=0"/></net>

<net id="425"><net_src comp="421" pin="1"/><net_sink comp="175" pin=6"/></net>

</net_list>

</model> 
---------------- Datapath Model END ------------------

* FSMD analyzer results:
  - Output states:
	Port: symbol_num | {2 }
	Port: slot_num | {2 }
	Port: symbol_num_out | {2 }
	Port: slot_num_out | {2 }
	Port: slot_cnt | {1 }
	Port: phase_cnt | {1 }
	Port: symbol_cnt | {1 }
 - Input state : 
	Port: slot_counter_top : gpio_override | {1 }
	Port: slot_counter_top : gpio_symbol_num | {1 }
	Port: slot_counter_top : gpio_slot_num | {1 }
	Port: slot_counter_top : sync_req | {1 }
	Port: slot_counter_top : sync_symbol | {1 }
	Port: slot_counter_top : sync_slot | {1 }
	Port: slot_counter_top : slot_cnt | {1 }
	Port: slot_counter_top : phase_cnt | {1 }
	Port: slot_counter_top : symbol_cnt | {1 }
  - Chain level:
	State 1
		icmp_ln93 : 1
		icmp_ln93_1 : 1
		or_ln93 : 2
		select_ln97 : 2
		icmp_ln97 : 3
		br_ln97 : 4
		icmp_ln100 : 1
		br_ln100 : 2
		add_ln107 : 1
		store_ln107 : 2
		icmp_ln103 : 1
		add_ln105 : 1
		select_ln103 : 2
		store_ln103 : 3
		add_ln110 : 1
		store_ln110 : 2
	State 2
		gpio_symbol_num_1 : 1
		gpio_slot_num_1 : 1
		write_ln116 : 2
		write_ln120 : 2
		write_ln126 : 1
		write_ln127 : 1


============================================================
+ Verbose Summary: Datapath Resource usage 
============================================================

* Functional unit list:
|----------|----------------------------------|---------|---------|
| Operation|          Functional Unit         |    FF   |   LUT   |
|----------|----------------------------------|---------|---------|
|          |         icmp_ln93_fu_214         |    0    |    12   |
|          |        icmp_ln93_1_fu_220        |    0    |    12   |
|   icmp   |         icmp_ln97_fu_244         |    0    |    19   |
|          |         icmp_ln100_fu_256        |    0    |    12   |
|          |         icmp_ln103_fu_280        |    0    |    14   |
|----------|----------------------------------|---------|---------|
|          |         add_ln107_fu_262         |    0    |    12   |
|    add   |         add_ln105_fu_286         |    0    |    14   |
|          |         add_ln110_fu_306         |    0    |    19   |
|----------|----------------------------------|---------|---------|
|          |        select_ln97_fu_232        |    0    |    11   |
|  select  |        select_ln103_fu_292       |    0    |    7    |
|          |     gpio_symbol_num_1_fu_354     |    0    |    4    |
|          |      gpio_slot_num_1_fu_361      |    0    |    7    |
|----------|----------------------------------|---------|---------|
|    or    |          or_ln93_fu_226          |    0    |    2    |
|----------|----------------------------------|---------|---------|
|          |    sync_slot_read_read_fu_108    |    0    |    0    |
|          |   sync_symbol_read_read_fu_114   |    0    |    0    |
|   read   |     sync_req_read_read_fu_120    |    0    |    0    |
|          |  gpio_slot_num_read_read_fu_126  |    0    |    0    |
|          | gpio_symbol_num_read_read_fu_132 |    0    |    0    |
|          |  gpio_override_read_read_fu_138  |    0    |    0    |
|----------|----------------------------------|---------|---------|
|          |     write_ln116_write_fu_144     |    0    |    0    |
|   write  |     write_ln120_write_fu_151     |    0    |    0    |
|          |     write_ln126_write_fu_158     |    0    |    0    |
|          |     write_ln127_write_fu_165     |    0    |    0    |
|----------|----------------------------------|---------|---------|
|   Total  |                                  |    0    |   145   |
|----------|----------------------------------|---------|---------|

Memories:
N/A

* Register list:
+----------------------------+--------+
|                            |   FF   |
+----------------------------+--------+
|      add_ln107_reg_416     |    4   |
| gpio_override_read_reg_393 |    1   |
| gpio_slot_num_read_reg_381 |    7   |
|gpio_symbol_num_read_reg_387|    4   |
|     p_0_0_0151_reg_188     |    4   |
|    select_ln103_reg_421    |    7   |
|    slot_cnt_load_reg_399   |    7   |
|   slot_cnt_loc_0_reg_172   |    7   |
|   symbol_cnt_load_reg_405  |    4   |
|   sync_slot_read_reg_368   |    7   |
|  sync_symbol_read_reg_373  |    4   |
+----------------------------+--------+
|            Total           |   56   |
+----------------------------+--------+

* Multiplexer (MUX) list: 
|--------|------|------|------|--------|
|  Comp  |  Pin | Size |  BW  | S x BW |
|--------|------|------|------|--------|
|  Total |      |      |      |    0   |
|--------|------|------|------|--------|



* Summary:
+-----------+--------+--------+
|           |   FF   |   LUT  |
+-----------+--------+--------+
|  Function |    0   |   145  |
|   Memory  |    -   |    -   |
|Multiplexer|    -   |    -   |
|  Register |   56   |    -   |
+-----------+--------+--------+
|   Total   |   56   |   145  |
+-----------+--------+--------+
