/home/samarth/Desktop/6g_ai_ran/slot_counter/slot_counter/solution1/csynth.tcl:16:9: warning: HLS pragma dump _XLX_SEP_ PragmaIsValid=1_XLX_SEP_ PragmaType=top_XLX_SEP_ PragmaContext=directive_XLX_SEP_ PragmaFunction=slot_counter_top_XLX_SEP_ PragmaOptions=name=slot_counter_top_XLX_SEP_ [-Wdump-hls-pragmas]
#pragma HLSDIRECTIVE TOP name=slot_counter_top
        ^
slot_counter.cpp:55:9: warning: HLS pragma dump _XLX_SEP_ PragmaIsValid=1_XLX_SEP_ PragmaType=interface_XLX_SEP_ PragmaContext=_XLX_SEP_ PragmaFunction=slot_counter_top_XLX_SEP_ PragmaOptions=ap_none port=symbol_num_XLX_SEP_ [-Wdump-hls-pragmas]
#pragma HLS INTERFACE ap_none port=symbol_num
        ^
slot_counter.cpp:56:9: warning: HLS pragma dump _XLX_SEP_ PragmaIsValid=1_XLX_SEP_ PragmaType=interface_XLX_SEP_ PragmaContext=_XLX_SEP_ PragmaFunction=slot_counter_top_XLX_SEP_ PragmaOptions=ap_none port=slot_num_XLX_SEP_ [-Wdump-hls-pragmas]
#pragma HLS INTERFACE ap_none port=slot_num
        ^
slot_counter.cpp:57:9: warning: HLS pragma dump _XLX_SEP_ PragmaIsValid=1_XLX_SEP_ PragmaType=interface_XLX_SEP_ PragmaContext=_XLX_SEP_ PragmaFunction=slot_counter_top_XLX_SEP_ PragmaOptions=ap_none port=gpio_override_XLX_SEP_ [-Wdump-hls-pragmas]
#pragma HLS INTERFACE ap_none port=gpio_override
        ^
slot_counter.cpp:58:9: warning: HLS pragma dump _XLX_SEP_ PragmaIsValid=1_XLX_SEP_ PragmaType=interface_XLX_SEP_ PragmaContext=_XLX_SEP_ PragmaFunction=slot_counter_top_XLX_SEP_ PragmaOptions=ap_none port=gpio_symbol_num_XLX_SEP_ [-Wdump-hls-pragmas]
#pragma HLS INTERFACE ap_none port=gpio_symbol_num
        ^
slot_counter.cpp:59:9: warning: HLS pragma dump _XLX_SEP_ PragmaIsValid=1_XLX_SEP_ PragmaType=interface_XLX_SEP_ PragmaContext=_XLX_SEP_ PragmaFunction=slot_counter_top_XLX_SEP_ PragmaOptions=ap_none port=gpio_slot_num_XLX_SEP_ [-Wdump-hls-pragmas]
#pragma HLS INTERFACE ap_none port=gpio_slot_num
        ^
slot_counter.cpp:60:9: warning: HLS pragma dump _XLX_SEP_ PragmaIsValid=1_XLX_SEP_ PragmaType=interface_XLX_SEP_ PragmaContext=_XLX_SEP_ PragmaFunction=slot_counter_top_XLX_SEP_ PragmaOptions=s_axilite port=sync_req bundle=CTRL_XLX_SEP_ [-Wdump-hls-pragmas]
#pragma HLS INTERFACE s_axilite port=sync_req bundle=CTRL
        ^
slot_counter.cpp:61:9: warning: HLS pragma dump _XLX_SEP_ PragmaIsValid=1_XLX_SEP_ PragmaType=interface_XLX_SEP_ PragmaContext=_XLX_SEP_ PragmaFunction=slot_counter_top_XLX_SEP_ PragmaOptions=s_axilite port=sync_symbol bundle=CTRL_XLX_SEP_ [-Wdump-hls-pragmas]
#pragma HLS INTERFACE s_axilite port=sync_symbol bundle=CTRL
        ^
slot_counter.cpp:62:9: warning: HLS pragma dump _XLX_SEP_ PragmaIsValid=1_XLX_SEP_ PragmaType=interface_XLX_SEP_ PragmaContext=_XLX_SEP_ PragmaFunction=slot_counter_top_XLX_SEP_ PragmaOptions=s_axilite port=sync_slot bundle=CTRL_XLX_SEP_ [-Wdump-hls-pragmas]
#pragma HLS INTERFACE s_axilite port=sync_slot bundle=CTRL
        ^
slot_counter.cpp:63:9: warning: HLS pragma dump _XLX_SEP_ PragmaIsValid=1_XLX_SEP_ PragmaType=interface_XLX_SEP_ PragmaContext=_XLX_SEP_ PragmaFunction=slot_counter_top_XLX_SEP_ PragmaOptions=s_axilite port=symbol_num_out bundle=CTRL_XLX_SEP_ [-Wdump-hls-pragmas]
#pragma HLS INTERFACE s_axilite port=symbol_num_out bundle=CTRL
        ^
slot_counter.cpp:64:9: warning: HLS pragma dump _XLX_SEP_ PragmaIsValid=1_XLX_SEP_ PragmaType=interface_XLX_SEP_ PragmaContext=_XLX_SEP_ PragmaFunction=slot_counter_top_XLX_SEP_ PragmaOptions=s_axilite port=slot_num_out bundle=CTRL_XLX_SEP_ [-Wdump-hls-pragmas]
#pragma HLS INTERFACE s_axilite port=slot_num_out bundle=CTRL
        ^
slot_counter.cpp:65:9: warning: HLS pragma dump _XLX_SEP_ PragmaIsValid=1_XLX_SEP_ PragmaType=interface_XLX_SEP_ PragmaContext=_XLX_SEP_ PragmaFunction=slot_counter_top_XLX_SEP_ PragmaOptions=s_axilite port=return bundle=CTRL_XLX_SEP_ [-Wdump-hls-pragmas]
#pragma HLS INTERFACE s_axilite port=return bundle=CTRL
        ^
slot_counter.cpp:66:9: warning: HLS pragma dump _XLX_SEP_ PragmaIsValid=1_XLX_SEP_ PragmaType=interface_XLX_SEP_ PragmaContext=_XLX_SEP_ PragmaFunction=slot_counter_top_XLX_SEP_ PragmaOptions=ap_ctrl_none port=return_XLX_SEP_ [-Wdump-hls-pragmas]
#pragma HLS INTERFACE ap_ctrl_none port=return
        ^
slot_counter.cpp:72:9: warning: HLS pragma dump _XLX_SEP_ PragmaIsValid=1_XLX_SEP_ PragmaType=reset_XLX_SEP_ PragmaContext=_XLX_SEP_ PragmaFunction=slot_counter_top_XLX_SEP_ PragmaOptions=variable=phase_cnt_XLX_SEP_ [-Wdump-hls-pragmas]
#pragma HLS RESET variable=phase_cnt
        ^
slot_counter.cpp:73:9: warning: HLS pragma dump _XLX_SEP_ PragmaIsValid=1_XLX_SEP_ PragmaType=reset_XLX_SEP_ PragmaContext=_XLX_SEP_ PragmaFunction=slot_counter_top_XLX_SEP_ PragmaOptions=variable=symbol_cnt_XLX_SEP_ [-Wdump-hls-pragmas]
#pragma HLS RESET variable=symbol_cnt
        ^
slot_counter.cpp:74:9: warning: HLS pragma dump _XLX_SEP_ PragmaIsValid=1_XLX_SEP_ PragmaType=reset_XLX_SEP_ PragmaContext=_XLX_SEP_ PragmaFunction=slot_counter_top_XLX_SEP_ PragmaOptions=variable=slot_cnt_XLX_SEP_ [-Wdump-hls-pragmas]
#pragma HLS RESET variable=slot_cnt
        ^
16 warnings generated.
