

================================================================
== Vitis HLS Report for 'slot_counter_top'
================================================================
* Date:           Mon Mar  2 12:24:00 2026

* Version:        2024.1 (Build 5069499 on May 21 2024)
* Project:        slot_counter
* Solution:       solution1 (Vivado IP Flow Target)
* Product family: zynquplus
* Target device:  xczu7ev-ffvc1156-2-e


================================================================
== Performance Estimates
================================================================
+ Timing: 
    * Summary: 
    +--------+---------+----------+------------+
    |  Clock |  Target | Estimated| Uncertainty|
    +--------+---------+----------+------------+
    |ap_clk  |  3.33 ns|  2.180 ns|     0.90 ns|
    +--------+---------+----------+------------+

+ Latency: 
    * Summary: 
    +---------+---------+----------+----------+-----+-----+---------+
    |  Latency (cycles) |  Latency (absolute) |  Interval | Pipeline|
    |   min   |   max   |    min   |    max   | min | max |   Type  |
    +---------+---------+----------+----------+-----+-----+---------+
    |        1|        1|  3.330 ns|  3.330 ns|    2|    2|       no|
    +---------+---------+----------+----------+-----+-----+---------+

    + Detail: 
        * Instance: 
        N/A

        * Loop: 
        N/A

============================================================
+ Verbose Summary: Synthesis Manager
============================================================
InlineROM: 1
ExposeGlobal: 0
============================================================
+ Verbose Summary: CDFG Model
============================================================
IsTopModel: 1
ResetActiveHigh: 1
IsCombinational: 0
IsDatapathOnly: 0
HasWiredReturn: 1
HasMFsm: 0
HasVarLatency: 1
IsPipeline: 0
IsRtlPipelined: 0
IsInstanceOverlapped: 0
IsDontTouch: 0
HasImplIP: 0
IsGatedGlobalClock: 0


============================================================
+ Verbose Summary: Schedule
============================================================
* Number of FSM states : 2
* Pipeline : 0
* Dataflow Pipeline: 0

* FSM state transitions: 
1 --> 2 
2 --> 

* FSM state operations: 

State 1 <SV = 0> <Delay = 2.18>
ST_1 : Operation 3 [1/1] (0.00ns)   --->   "%spectopmodule_ln43 = spectopmodule void @_ssdm_op_SpecTopModule, void @empty" [slot_counter.cpp:43]   --->   Operation 3 'spectopmodule' 'spectopmodule_ln43' <Predicate = true> <Delay = 0.00>
ST_1 : Operation 4 [1/1] (0.00ns)   --->   "%specinterface_ln43 = specinterface void @_ssdm_op_SpecInterface, i32 0, void @empty_10, i32 0, i32 0, void @empty_8, i32 0, i32 0, void @empty_8, void @empty_8, void @empty_8, i32 0, i32 0, i32 0, i32 0, void @empty_8, void @empty_8, i32 4294967295, i32 0, i32 0" [slot_counter.cpp:43]   --->   Operation 4 'specinterface' 'specinterface_ln43' <Predicate = true> <Delay = 0.00>
ST_1 : Operation 5 [1/1] (0.00ns)   --->   "%specbitsmap_ln0 = specbitsmap void @_ssdm_op_SpecBitsMap, i4 %symbol_num"   --->   Operation 5 'specbitsmap' 'specbitsmap_ln0' <Predicate = true> <Delay = 0.00>
ST_1 : Operation 6 [1/1] (0.00ns)   --->   "%specinterface_ln0 = specinterface void @_ssdm_op_SpecInterface, i4 %symbol_num, void @empty_9, i32 4294967295, i32 4294967295, void @empty_8, i32 0, i32 0, void @empty_8, void @empty_8, void @empty_8, i32 0, i32 0, i32 0, i32 0, void @empty_8, void @empty_8, i32 4294967295, i32 0, i32 0"   --->   Operation 6 'specinterface' 'specinterface_ln0' <Predicate = true> <Delay = 0.00>
ST_1 : Operation 7 [1/1] (0.00ns)   --->   "%specbitsmap_ln0 = specbitsmap void @_ssdm_op_SpecBitsMap, i7 %slot_num"   --->   Operation 7 'specbitsmap' 'specbitsmap_ln0' <Predicate = true> <Delay = 0.00>
ST_1 : Operation 8 [1/1] (0.00ns)   --->   "%specinterface_ln0 = specinterface void @_ssdm_op_SpecInterface, i7 %slot_num, void @empty_9, i32 4294967295, i32 4294967295, void @empty_8, i32 0, i32 0, void @empty_8, void @empty_8, void @empty_8, i32 0, i32 0, i32 0, i32 0, void @empty_8, void @empty_8, i32 4294967295, i32 0, i32 0"   --->   Operation 8 'specinterface' 'specinterface_ln0' <Predicate = true> <Delay = 0.00>
ST_1 : Operation 9 [1/1] (0.00ns)   --->   "%specbitsmap_ln0 = specbitsmap void @_ssdm_op_SpecBitsMap, i1 %gpio_override"   --->   Operation 9 'specbitsmap' 'specbitsmap_ln0' <Predicate = true> <Delay = 0.00>
ST_1 : Operation 10 [1/1] (0.00ns)   --->   "%specinterface_ln0 = specinterface void @_ssdm_op_SpecInterface, i1 %gpio_override, void @empty_9, i32 4294967295, i32 4294967295, void @empty_8, i32 0, i32 0, void @empty_8, void @empty_8, void @empty_8, i32 0, i32 0, i32 0, i32 0, void @empty_8, void @empty_8, i32 4294967295, i32 0, i32 0"   --->   Operation 10 'specinterface' 'specinterface_ln0' <Predicate = true> <Delay = 0.00>
ST_1 : Operation 11 [1/1] (0.00ns)   --->   "%specbitsmap_ln0 = specbitsmap void @_ssdm_op_SpecBitsMap, i4 %gpio_symbol_num"   --->   Operation 11 'specbitsmap' 'specbitsmap_ln0' <Predicate = true> <Delay = 0.00>
ST_1 : Operation 12 [1/1] (0.00ns)   --->   "%specinterface_ln0 = specinterface void @_ssdm_op_SpecInterface, i4 %gpio_symbol_num, void @empty_9, i32 4294967295, i32 4294967295, void @empty_8, i32 0, i32 0, void @empty_8, void @empty_8, void @empty_8, i32 0, i32 0, i32 0, i32 0, void @empty_8, void @empty_8, i32 4294967295, i32 0, i32 0"   --->   Operation 12 'specinterface' 'specinterface_ln0' <Predicate = true> <Delay = 0.00>
ST_1 : Operation 13 [1/1] (0.00ns)   --->   "%specbitsmap_ln0 = specbitsmap void @_ssdm_op_SpecBitsMap, i7 %gpio_slot_num"   --->   Operation 13 'specbitsmap' 'specbitsmap_ln0' <Predicate = true> <Delay = 0.00>
ST_1 : Operation 14 [1/1] (0.00ns)   --->   "%specinterface_ln0 = specinterface void @_ssdm_op_SpecInterface, i7 %gpio_slot_num, void @empty_9, i32 4294967295, i32 4294967295, void @empty_8, i32 0, i32 0, void @empty_8, void @empty_8, void @empty_8, i32 0, i32 0, i32 0, i32 0, void @empty_8, void @empty_8, i32 4294967295, i32 0, i32 0"   --->   Operation 14 'specinterface' 'specinterface_ln0' <Predicate = true> <Delay = 0.00>
ST_1 : Operation 15 [1/1] (0.00ns)   --->   "%specbitsmap_ln0 = specbitsmap void @_ssdm_op_SpecBitsMap, i1 %sync_req"   --->   Operation 15 'specbitsmap' 'specbitsmap_ln0' <Predicate = true> <Delay = 0.00>
ST_1 : Operation 16 [1/1] (0.00ns)   --->   "%specinterface_ln0 = specinterface void @_ssdm_op_SpecInterface, i1 %sync_req, void @empty_7, i32 4294967295, i32 4294967295, void @empty_6, i32 0, i32 0, void @empty_5, void @empty_4, void @empty_8, i32 0, i32 0, i32 0, i32 0, void @empty_8, void @empty_8, i32 4294967295, i32 0, i32 0"   --->   Operation 16 'specinterface' 'specinterface_ln0' <Predicate = true> <Delay = 0.00>
ST_1 : Operation 17 [1/1] (0.00ns)   --->   "%specinterface_ln0 = specinterface void @_ssdm_op_SpecInterface, i1 %sync_req, void @empty_3, i32 4294967295, i32 4294967295, void @empty_8, i32 0, i32 0, void @empty_8, void @empty_8, void @empty_8, i32 0, i32 0, i32 0, i32 0, void @empty_8, void @empty_8, i32 4294967295, i32 0, i32 0"   --->   Operation 17 'specinterface' 'specinterface_ln0' <Predicate = true> <Delay = 0.00>
ST_1 : Operation 18 [1/1] (0.00ns)   --->   "%specbitsmap_ln0 = specbitsmap void @_ssdm_op_SpecBitsMap, i4 %sync_symbol"   --->   Operation 18 'specbitsmap' 'specbitsmap_ln0' <Predicate = true> <Delay = 0.00>
ST_1 : Operation 19 [1/1] (0.00ns)   --->   "%specinterface_ln0 = specinterface void @_ssdm_op_SpecInterface, i4 %sync_symbol, void @empty_7, i32 4294967295, i32 4294967295, void @empty_6, i32 0, i32 0, void @empty_5, void @empty_11, void @empty_8, i32 0, i32 0, i32 0, i32 0, void @empty_8, void @empty_8, i32 4294967295, i32 0, i32 0"   --->   Operation 19 'specinterface' 'specinterface_ln0' <Predicate = true> <Delay = 0.00>
ST_1 : Operation 20 [1/1] (0.00ns)   --->   "%specinterface_ln0 = specinterface void @_ssdm_op_SpecInterface, i4 %sync_symbol, void @empty_3, i32 4294967295, i32 4294967295, void @empty_8, i32 0, i32 0, void @empty_8, void @empty_8, void @empty_8, i32 0, i32 0, i32 0, i32 0, void @empty_8, void @empty_8, i32 4294967295, i32 0, i32 0"   --->   Operation 20 'specinterface' 'specinterface_ln0' <Predicate = true> <Delay = 0.00>
ST_1 : Operation 21 [1/1] (0.00ns)   --->   "%specbitsmap_ln0 = specbitsmap void @_ssdm_op_SpecBitsMap, i7 %sync_slot"   --->   Operation 21 'specbitsmap' 'specbitsmap_ln0' <Predicate = true> <Delay = 0.00>
ST_1 : Operation 22 [1/1] (0.00ns)   --->   "%specinterface_ln0 = specinterface void @_ssdm_op_SpecInterface, i7 %sync_slot, void @empty_7, i32 4294967295, i32 4294967295, void @empty_6, i32 0, i32 0, void @empty_5, void @empty_2, void @empty_8, i32 0, i32 0, i32 0, i32 0, void @empty_8, void @empty_8, i32 4294967295, i32 0, i32 0"   --->   Operation 22 'specinterface' 'specinterface_ln0' <Predicate = true> <Delay = 0.00>
ST_1 : Operation 23 [1/1] (0.00ns)   --->   "%specinterface_ln0 = specinterface void @_ssdm_op_SpecInterface, i7 %sync_slot, void @empty_3, i32 4294967295, i32 4294967295, void @empty_8, i32 0, i32 0, void @empty_8, void @empty_8, void @empty_8, i32 0, i32 0, i32 0, i32 0, void @empty_8, void @empty_8, i32 4294967295, i32 0, i32 0"   --->   Operation 23 'specinterface' 'specinterface_ln0' <Predicate = true> <Delay = 0.00>
ST_1 : Operation 24 [1/1] (0.00ns)   --->   "%specbitsmap_ln0 = specbitsmap void @_ssdm_op_SpecBitsMap, i4 %symbol_num_out"   --->   Operation 24 'specbitsmap' 'specbitsmap_ln0' <Predicate = true> <Delay = 0.00>
ST_1 : Operation 25 [1/1] (0.00ns)   --->   "%specinterface_ln0 = specinterface void @_ssdm_op_SpecInterface, i4 %symbol_num_out, void @empty_7, i32 4294967295, i32 4294967295, void @empty_6, i32 0, i32 0, void @empty_5, void @empty_1, void @empty_8, i32 0, i32 0, i32 0, i32 0, void @empty_8, void @empty_8, i32 4294967295, i32 0, i32 0"   --->   Operation 25 'specinterface' 'specinterface_ln0' <Predicate = true> <Delay = 0.00>
ST_1 : Operation 26 [1/1] (0.00ns)   --->   "%specinterface_ln0 = specinterface void @_ssdm_op_SpecInterface, i4 %symbol_num_out, void @empty_3, i32 4294967295, i32 4294967295, void @empty_8, i32 0, i32 0, void @empty_8, void @empty_8, void @empty_8, i32 0, i32 0, i32 0, i32 0, void @empty_8, void @empty_8, i32 4294967295, i32 0, i32 0"   --->   Operation 26 'specinterface' 'specinterface_ln0' <Predicate = true> <Delay = 0.00>
ST_1 : Operation 27 [1/1] (0.00ns)   --->   "%specbitsmap_ln0 = specbitsmap void @_ssdm_op_SpecBitsMap, i7 %slot_num_out"   --->   Operation 27 'specbitsmap' 'specbitsmap_ln0' <Predicate = true> <Delay = 0.00>
ST_1 : Operation 28 [1/1] (0.00ns)   --->   "%specinterface_ln0 = specinterface void @_ssdm_op_SpecInterface, i7 %slot_num_out, void @empty_7, i32 4294967295, i32 4294967295, void @empty_6, i32 0, i32 0, void @empty_5, void @empty_0, void @empty_8, i32 0, i32 0, i32 0, i32 0, void @empty_8, void @empty_8, i32 4294967295, i32 0, i32 0"   --->   Operation 28 'specinterface' 'specinterface_ln0' <Predicate = true> <Delay = 0.00>
ST_1 : Operation 29 [1/1] (0.00ns)   --->   "%specinterface_ln0 = specinterface void @_ssdm_op_SpecInterface, i7 %slot_num_out, void @empty_3, i32 4294967295, i32 4294967295, void @empty_8, i32 0, i32 0, void @empty_8, void @empty_8, void @empty_8, i32 0, i32 0, i32 0, i32 0, void @empty_8, void @empty_8, i32 4294967295, i32 0, i32 0"   --->   Operation 29 'specinterface' 'specinterface_ln0' <Predicate = true> <Delay = 0.00>
ST_1 : Operation 30 [1/1] (0.00ns)   --->   "%specinterface_ln0 = specinterface void @_ssdm_op_SpecInterface, i32 0, void @empty_7, i32 0, i32 0, void @empty_8, i32 0, i32 0, void @empty_5, void @empty_8, void @empty_8, i32 0, i32 0, i32 0, i32 0, void @empty_8, void @empty_8, i32 4294967295, i32 0, i32 0"   --->   Operation 30 'specinterface' 'specinterface_ln0' <Predicate = true> <Delay = 0.00>
ST_1 : Operation 31 [1/1] (1.00ns)   --->   "%sync_slot_read = read i7 @_ssdm_op_Read.s_axilite.i7, i7 %sync_slot" [slot_counter.cpp:46]   --->   Operation 31 'read' 'sync_slot_read' <Predicate = true> <Delay = 1.00> <CoreInst = "s_axilite">   --->   Core 120 's_axilite' <Latency = 0> <II = 1> <Delay = 1.00> <Adapter> <Opcode : 'read' 'write'>
ST_1 : Operation 32 [1/1] (1.00ns)   --->   "%sync_symbol_read = read i4 @_ssdm_op_Read.s_axilite.i4, i4 %sync_symbol" [slot_counter.cpp:46]   --->   Operation 32 'read' 'sync_symbol_read' <Predicate = true> <Delay = 1.00> <CoreInst = "s_axilite">   --->   Core 120 's_axilite' <Latency = 0> <II = 1> <Delay = 1.00> <Adapter> <Opcode : 'read' 'write'>
ST_1 : Operation 33 [1/1] (1.00ns)   --->   "%sync_req_read = read i1 @_ssdm_op_Read.s_axilite.i1, i1 %sync_req" [slot_counter.cpp:46]   --->   Operation 33 'read' 'sync_req_read' <Predicate = true> <Delay = 1.00> <CoreInst = "s_axilite">   --->   Core 120 's_axilite' <Latency = 0> <II = 1> <Delay = 1.00> <Adapter> <Opcode : 'read' 'write'>
ST_1 : Operation 34 [1/1] (0.00ns)   --->   "%gpio_slot_num_read = read i7 @_ssdm_op_Read.ap_none.i7, i7 %gpio_slot_num" [slot_counter.cpp:46]   --->   Operation 34 'read' 'gpio_slot_num_read' <Predicate = true> <Delay = 0.00>
ST_1 : Operation 35 [1/1] (0.00ns)   --->   "%gpio_symbol_num_read = read i4 @_ssdm_op_Read.ap_none.i4, i4 %gpio_symbol_num" [slot_counter.cpp:46]   --->   Operation 35 'read' 'gpio_symbol_num_read' <Predicate = true> <Delay = 0.00>
ST_1 : Operation 36 [1/1] (0.00ns)   --->   "%gpio_override_read = read i1 @_ssdm_op_Read.ap_none.i1, i1 %gpio_override" [slot_counter.cpp:46]   --->   Operation 36 'read' 'gpio_override_read' <Predicate = true> <Delay = 0.00>
ST_1 : Operation 37 [1/1] (0.00ns)   --->   "%specreset_ln72 = specreset void @_ssdm_op_SpecReset, i12 %phase_cnt, i64 1, void @empty_8" [slot_counter.cpp:72]   --->   Operation 37 'specreset' 'specreset_ln72' <Predicate = true> <Delay = 0.00>
ST_1 : Operation 38 [1/1] (0.00ns)   --->   "%specreset_ln73 = specreset void @_ssdm_op_SpecReset, i4 %symbol_cnt, i64 1, void @empty_8" [slot_counter.cpp:73]   --->   Operation 38 'specreset' 'specreset_ln73' <Predicate = true> <Delay = 0.00>
ST_1 : Operation 39 [1/1] (0.00ns)   --->   "%specreset_ln74 = specreset void @_ssdm_op_SpecReset, i7 %slot_cnt, i64 1, void @empty_8" [slot_counter.cpp:74]   --->   Operation 39 'specreset' 'specreset_ln74' <Predicate = true> <Delay = 0.00>
ST_1 : Operation 40 [1/1] (0.00ns)   --->   "%slot_cnt_load = load i7 %slot_cnt" [slot_counter.cpp:103]   --->   Operation 40 'load' 'slot_cnt_load' <Predicate = true> <Delay = 0.00>
ST_1 : Operation 41 [1/1] (0.00ns)   --->   "%br_ln77 = br i1 %sync_req_read, void %if.else, void %if.then" [slot_counter.cpp:77]   --->   Operation 41 'br' 'br_ln77' <Predicate = true> <Delay = 0.00>
ST_1 : Operation 42 [1/1] (0.00ns)   --->   "%br_ln82 = br i1 %gpio_override_read, void %if.else17, void %if.then15" [slot_counter.cpp:82]   --->   Operation 42 'br' 'br_ln82' <Predicate = (!sync_req_read)> <Delay = 0.00>
ST_1 : Operation 43 [1/1] (0.00ns)   --->   "%symbol_cnt_load = load i4 %symbol_cnt" [slot_counter.cpp:93]   --->   Operation 43 'load' 'symbol_cnt_load' <Predicate = (!sync_req_read & !gpio_override_read)> <Delay = 0.00>
ST_1 : Operation 44 [1/1] (0.79ns)   --->   "%icmp_ln93 = icmp_eq  i4 %symbol_cnt_load, i4 0" [slot_counter.cpp:93]   --->   Operation 44 'icmp' 'icmp_ln93' <Predicate = (!sync_req_read & !gpio_override_read)> <Delay = 0.79> <CoreInst = "Cmp">   --->   Core 9 'Cmp' <Latency = 0> <II = 1> <Delay = 0.79> <FuncUnit> <Opcode : 'seteq' 'setne' 'setle' 'setge' 'setlt' 'setgt'> <InPorts = 2> <OutPorts = 1>
ST_1 : Operation 45 [1/1] (0.79ns)   --->   "%icmp_ln93_1 = icmp_eq  i4 %symbol_cnt_load, i4 7" [slot_counter.cpp:93]   --->   Operation 45 'icmp' 'icmp_ln93_1' <Predicate = (!sync_req_read & !gpio_override_read)> <Delay = 0.79> <CoreInst = "Cmp">   --->   Core 9 'Cmp' <Latency = 0> <II = 1> <Delay = 0.79> <FuncUnit> <Opcode : 'seteq' 'setne' 'setle' 'setge' 'setlt' 'setgt'> <InPorts = 2> <OutPorts = 1>
ST_1 : Operation 46 [1/1] (0.00ns) (grouped into LUT with out node icmp_ln97)   --->   "%or_ln93 = or i1 %icmp_ln93, i1 %icmp_ln93_1" [slot_counter.cpp:93]   --->   Operation 46 'or' 'or_ln93' <Predicate = (!sync_req_read & !gpio_override_read)> <Delay = 0.00> <CoreInst = "LogicGate">   --->   Core 74 'LogicGate' <Latency = 0> <II = 1> <Delay = 0.28> <FuncUnit> <Opcode : 'and' 'or' 'xor'> <InPorts = 2> <OutPorts = 1>
ST_1 : Operation 47 [1/1] (0.00ns) (grouped into LUT with out node icmp_ln97)   --->   "%select_ln97 = select i1 %or_ln93, i12 2681, i12 2677" [slot_counter.cpp:97]   --->   Operation 47 'select' 'select_ln97' <Predicate = (!sync_req_read & !gpio_override_read)> <Delay = 0.00> <CoreInst = "Sel">   --->   Core 73 'Sel' <Latency = 0> <II = 1> <Delay = 0.37> <FuncUnit> <Opcode : 'select'> <InPorts = 3> <OutPorts = 1>
ST_1 : Operation 48 [1/1] (0.00ns)   --->   "%phase_cnt_load = load i12 %phase_cnt" [slot_counter.cpp:97]   --->   Operation 48 'load' 'phase_cnt_load' <Predicate = (!sync_req_read & !gpio_override_read)> <Delay = 0.00>
ST_1 : Operation 49 [1/1] (0.80ns) (out node of the LUT)   --->   "%icmp_ln97 = icmp_ugt  i12 %select_ln97, i12 %phase_cnt_load" [slot_counter.cpp:97]   --->   Operation 49 'icmp' 'icmp_ln97' <Predicate = (!sync_req_read & !gpio_override_read)> <Delay = 0.80> <CoreInst = "Cmp">   --->   Core 9 'Cmp' <Latency = 0> <II = 1> <Delay = 0.80> <FuncUnit> <Opcode : 'seteq' 'setne' 'setle' 'setge' 'setlt' 'setgt'> <InPorts = 2> <OutPorts = 1>
ST_1 : Operation 50 [1/1] (0.00ns)   --->   "%br_ln97 = br i1 %icmp_ln97, void %if.then22, void %if.else36" [slot_counter.cpp:97]   --->   Operation 50 'br' 'br_ln97' <Predicate = (!sync_req_read & !gpio_override_read)> <Delay = 0.00>
ST_1 : Operation 51 [1/1] (0.42ns)   --->   "%store_ln99 = store i12 0, i12 %phase_cnt" [slot_counter.cpp:99]   --->   Operation 51 'store' 'store_ln99' <Predicate = (!sync_req_read & !gpio_override_read & !icmp_ln97)> <Delay = 0.42>
ST_1 : Operation 52 [1/1] (0.79ns)   --->   "%icmp_ln100 = icmp_eq  i4 %symbol_cnt_load, i4 13" [slot_counter.cpp:100]   --->   Operation 52 'icmp' 'icmp_ln100' <Predicate = (!sync_req_read & !gpio_override_read & !icmp_ln97)> <Delay = 0.79> <CoreInst = "Cmp">   --->   Core 9 'Cmp' <Latency = 0> <II = 1> <Delay = 0.79> <FuncUnit> <Opcode : 'seteq' 'setne' 'setle' 'setge' 'setlt' 'setgt'> <InPorts = 2> <OutPorts = 1>
ST_1 : Operation 53 [1/1] (0.00ns)   --->   "%br_ln100 = br i1 %icmp_ln100, void %if.else33, void %if.then25" [slot_counter.cpp:100]   --->   Operation 53 'br' 'br_ln100' <Predicate = (!sync_req_read & !gpio_override_read & !icmp_ln97)> <Delay = 0.00>
ST_1 : Operation 54 [1/1] (0.79ns)   --->   "%add_ln107 = add i4 %symbol_cnt_load, i4 1" [slot_counter.cpp:107]   --->   Operation 54 'add' 'add_ln107' <Predicate = (!sync_req_read & !gpio_override_read & !icmp_ln97 & !icmp_ln100)> <Delay = 0.79> <CoreInst = "Adder">   --->   Core 1 'Adder' <Latency = 0> <II = 1> <Delay = 0.79> <FuncUnit> <Opcode : 'add' 'sub'> <InPorts = 2> <OutPorts = 1>
ST_1 : Operation 55 [1/1] (0.52ns)   --->   "%store_ln107 = store i4 %add_ln107, i4 %symbol_cnt" [slot_counter.cpp:107]   --->   Operation 55 'store' 'store_ln107' <Predicate = (!sync_req_read & !gpio_override_read & !icmp_ln97 & !icmp_ln100)> <Delay = 0.52>
ST_1 : Operation 56 [1/1] (0.57ns)   --->   "%br_ln0 = br void %if.end41"   --->   Operation 56 'br' 'br_ln0' <Predicate = (!sync_req_read & !gpio_override_read & !icmp_ln97 & !icmp_ln100)> <Delay = 0.57>
ST_1 : Operation 57 [1/1] (0.52ns)   --->   "%store_ln102 = store i4 0, i4 %symbol_cnt" [slot_counter.cpp:102]   --->   Operation 57 'store' 'store_ln102' <Predicate = (!sync_req_read & !gpio_override_read & !icmp_ln97 & icmp_ln100)> <Delay = 0.52>
ST_1 : Operation 58 [1/1] (0.77ns)   --->   "%icmp_ln103 = icmp_eq  i7 %slot_cnt_load, i7 79" [slot_counter.cpp:103]   --->   Operation 58 'icmp' 'icmp_ln103' <Predicate = (!sync_req_read & !gpio_override_read & !icmp_ln97 & icmp_ln100)> <Delay = 0.77> <CoreInst = "Cmp">   --->   Core 9 'Cmp' <Latency = 0> <II = 1> <Delay = 0.77> <FuncUnit> <Opcode : 'seteq' 'setne' 'setle' 'setge' 'setlt' 'setgt'> <InPorts = 2> <OutPorts = 1>
ST_1 : Operation 59 [1/1] (0.77ns)   --->   "%add_ln105 = add i7 %slot_cnt_load, i7 1" [slot_counter.cpp:105]   --->   Operation 59 'add' 'add_ln105' <Predicate = (!sync_req_read & !gpio_override_read & !icmp_ln97 & icmp_ln100)> <Delay = 0.77> <CoreInst = "Adder">   --->   Core 1 'Adder' <Latency = 0> <II = 1> <Delay = 0.77> <FuncUnit> <Opcode : 'add' 'sub'> <InPorts = 2> <OutPorts = 1>
ST_1 : Operation 60 [1/1] (0.36ns)   --->   "%select_ln103 = select i1 %icmp_ln103, i7 0, i7 %add_ln105" [slot_counter.cpp:103]   --->   Operation 60 'select' 'select_ln103' <Predicate = (!sync_req_read & !gpio_override_read & !icmp_ln97 & icmp_ln100)> <Delay = 0.36> <CoreInst = "Sel">   --->   Core 73 'Sel' <Latency = 0> <II = 1> <Delay = 0.36> <FuncUnit> <Opcode : 'select'> <InPorts = 3> <OutPorts = 1>
ST_1 : Operation 61 [1/1] (0.47ns)   --->   "%store_ln103 = store i7 %select_ln103, i7 %slot_cnt" [slot_counter.cpp:103]   --->   Operation 61 'store' 'store_ln103' <Predicate = (!sync_req_read & !gpio_override_read & !icmp_ln97 & icmp_ln100)> <Delay = 0.47>
ST_1 : Operation 62 [1/1] (0.57ns)   --->   "%br_ln106 = br void %if.end41" [slot_counter.cpp:106]   --->   Operation 62 'br' 'br_ln106' <Predicate = (!sync_req_read & !gpio_override_read & !icmp_ln97 & icmp_ln100)> <Delay = 0.57>
ST_1 : Operation 63 [1/1] (0.80ns)   --->   "%add_ln110 = add i12 %phase_cnt_load, i12 1" [slot_counter.cpp:110]   --->   Operation 63 'add' 'add_ln110' <Predicate = (!sync_req_read & !gpio_override_read & icmp_ln97)> <Delay = 0.80> <CoreInst = "Adder">   --->   Core 1 'Adder' <Latency = 0> <II = 1> <Delay = 0.80> <FuncUnit> <Opcode : 'add' 'sub'> <InPorts = 2> <OutPorts = 1>
ST_1 : Operation 64 [1/1] (0.42ns)   --->   "%store_ln110 = store i12 %add_ln110, i12 %phase_cnt" [slot_counter.cpp:110]   --->   Operation 64 'store' 'store_ln110' <Predicate = (!sync_req_read & !gpio_override_read & icmp_ln97)> <Delay = 0.42>
ST_1 : Operation 65 [1/1] (0.57ns)   --->   "%br_ln0 = br void %if.end41"   --->   Operation 65 'br' 'br_ln0' <Predicate = (!sync_req_read & !gpio_override_read & icmp_ln97)> <Delay = 0.57>
ST_1 : Operation 66 [1/1] (0.42ns)   --->   "%store_ln84 = store i12 0, i12 %phase_cnt" [slot_counter.cpp:84]   --->   Operation 66 'store' 'store_ln84' <Predicate = (!sync_req_read & gpio_override_read)> <Delay = 0.42>
ST_1 : Operation 67 [1/1] (0.52ns)   --->   "%store_ln85 = store i4 %gpio_symbol_num_read, i4 %symbol_cnt" [slot_counter.cpp:85]   --->   Operation 67 'store' 'store_ln85' <Predicate = (!sync_req_read & gpio_override_read)> <Delay = 0.52>
ST_1 : Operation 68 [1/1] (0.47ns)   --->   "%store_ln86 = store i7 %gpio_slot_num_read, i7 %slot_cnt" [slot_counter.cpp:86]   --->   Operation 68 'store' 'store_ln86' <Predicate = (!sync_req_read & gpio_override_read)> <Delay = 0.47>
ST_1 : Operation 69 [1/1] (0.57ns)   --->   "%br_ln87 = br void %if.end41" [slot_counter.cpp:87]   --->   Operation 69 'br' 'br_ln87' <Predicate = (!sync_req_read & gpio_override_read)> <Delay = 0.57>
ST_1 : Operation 70 [1/1] (0.42ns)   --->   "%store_ln79 = store i12 0, i12 %phase_cnt" [slot_counter.cpp:79]   --->   Operation 70 'store' 'store_ln79' <Predicate = (sync_req_read)> <Delay = 0.42>
ST_1 : Operation 71 [1/1] (0.52ns)   --->   "%store_ln80 = store i4 %sync_symbol_read, i4 %symbol_cnt" [slot_counter.cpp:80]   --->   Operation 71 'store' 'store_ln80' <Predicate = (sync_req_read)> <Delay = 0.52>
ST_1 : Operation 72 [1/1] (0.47ns)   --->   "%store_ln81 = store i7 %sync_slot_read, i7 %slot_cnt" [slot_counter.cpp:81]   --->   Operation 72 'store' 'store_ln81' <Predicate = (sync_req_read)> <Delay = 0.47>
ST_1 : Operation 73 [1/1] (0.57ns)   --->   "%br_ln82 = br void %if.end41" [slot_counter.cpp:82]   --->   Operation 73 'br' 'br_ln82' <Predicate = (sync_req_read)> <Delay = 0.57>

State 2 <SV = 1> <Delay = 1.00>
ST_2 : Operation 74 [1/1] (0.00ns)   --->   "%slot_cnt_loc_0 = phi i7 %sync_slot_read, void %if.then, i7 %gpio_slot_num_read, void %if.then15, i7 %slot_cnt_load, void %if.else36, i7 %select_ln103, void %if.then25, i7 %slot_cnt_load, void %if.else33" [slot_counter.cpp:46]   --->   Operation 74 'phi' 'slot_cnt_loc_0' <Predicate = true> <Delay = 0.00>
ST_2 : Operation 75 [1/1] (0.00ns)   --->   "%p_0_0_0151 = phi i4 %sync_symbol_read, void %if.then, i4 %gpio_symbol_num_read, void %if.then15, i4 %symbol_cnt_load, void %if.else36, i4 0, void %if.then25, i4 %add_ln107, void %if.else33" [slot_counter.cpp:46]   --->   Operation 75 'phi' 'p_0_0_0151' <Predicate = true> <Delay = 0.00>
ST_2 : Operation 76 [1/1] (0.39ns)   --->   "%gpio_symbol_num_1 = select i1 %gpio_override_read, i4 %gpio_symbol_num_read, i4 %p_0_0_0151" [slot_counter.cpp:115]   --->   Operation 76 'select' 'gpio_symbol_num_1' <Predicate = true> <Delay = 0.39> <CoreInst = "Sel">   --->   Core 73 'Sel' <Latency = 0> <II = 1> <Delay = 0.39> <FuncUnit> <Opcode : 'select'> <InPorts = 3> <OutPorts = 1>
ST_2 : Operation 77 [1/1] (0.36ns)   --->   "%gpio_slot_num_1 = select i1 %gpio_override_read, i7 %gpio_slot_num_read, i7 %slot_cnt_loc_0" [slot_counter.cpp:115]   --->   Operation 77 'select' 'gpio_slot_num_1' <Predicate = true> <Delay = 0.36> <CoreInst = "Sel">   --->   Core 73 'Sel' <Latency = 0> <II = 1> <Delay = 0.36> <FuncUnit> <Opcode : 'select'> <InPorts = 3> <OutPorts = 1>
ST_2 : Operation 78 [1/1] (0.00ns)   --->   "%write_ln116 = write void @_ssdm_op_Write.ap_none.i4P0A, i4 %symbol_num, i4 %gpio_symbol_num_1" [slot_counter.cpp:116]   --->   Operation 78 'write' 'write_ln116' <Predicate = true> <Delay = 0.00>
ST_2 : Operation 79 [1/1] (0.00ns)   --->   "%write_ln120 = write void @_ssdm_op_Write.ap_none.i7P0A, i7 %slot_num, i7 %gpio_slot_num_1" [slot_counter.cpp:120]   --->   Operation 79 'write' 'write_ln120' <Predicate = true> <Delay = 0.00>
ST_2 : Operation 80 [1/1] (1.00ns)   --->   "%write_ln126 = write void @_ssdm_op_Write.s_axilite.i4P0A, i4 %symbol_num_out, i4 %p_0_0_0151" [slot_counter.cpp:126]   --->   Operation 80 'write' 'write_ln126' <Predicate = true> <Delay = 1.00> <CoreInst = "s_axilite">   --->   Core 120 's_axilite' <Latency = 0> <II = 1> <Delay = 1.00> <Adapter> <Opcode : 'read' 'write'>
ST_2 : Operation 81 [1/1] (1.00ns)   --->   "%write_ln127 = write void @_ssdm_op_Write.s_axilite.i7P0A, i7 %slot_num_out, i7 %slot_cnt_loc_0" [slot_counter.cpp:127]   --->   Operation 81 'write' 'write_ln127' <Predicate = true> <Delay = 1.00> <CoreInst = "s_axilite">   --->   Core 120 's_axilite' <Latency = 0> <II = 1> <Delay = 1.00> <Adapter> <Opcode : 'read' 'write'>
ST_2 : Operation 82 [1/1] (0.00ns)   --->   "%ret_ln128 = ret" [slot_counter.cpp:128]   --->   Operation 82 'ret' 'ret_ln128' <Predicate = true> <Delay = 0.00>


============================================================
+ Verbose Summary: Timing violations
============================================================
Target clock period: 3.330ns, clock uncertainty: 0.899ns.

 <State 1>: 2.180ns
The critical path consists of the following:
	'load' operation 4 bit ('symbol_cnt_load', slot_counter.cpp:93) on static variable 'symbol_cnt' [56]  (0.000 ns)
	'icmp' operation 1 bit ('icmp_ln93', slot_counter.cpp:93) [57]  (0.797 ns)
	'or' operation 1 bit ('or_ln93', slot_counter.cpp:93) [59]  (0.000 ns)
	'select' operation 12 bit ('select_ln97', slot_counter.cpp:97) [60]  (0.000 ns)
	'icmp' operation 1 bit ('icmp_ln97', slot_counter.cpp:97) [62]  (0.809 ns)
	'store' operation 0 bit ('store_ln107', slot_counter.cpp:107) of variable 'add_ln107', slot_counter.cpp:107 on static variable 'symbol_cnt' [70]  (0.525 ns)
	blocking operation 0.049 ns on control path)

 <State 2>: 1.000ns
The critical path consists of the following:
	'phi' operation 4 bit ('p_0_0_0151', slot_counter.cpp:46) with incoming values : ('sync_symbol_read', slot_counter.cpp:46) ('gpio_symbol_num_read', slot_counter.cpp:46) ('symbol_cnt_load', slot_counter.cpp:93) ('add_ln107', slot_counter.cpp:107) [95]  (0.000 ns)
	s_axi write operation ('write_ln126', slot_counter.cpp:126) on port 'symbol_num_out' (slot_counter.cpp:126) [100]  (1.000 ns)


============================================================
+ Verbose Summary: Binding
============================================================
N/A
* FSMD analyzer results:
  - Output states:
 - Input state : 
  - Chain level:
	State 1
	State 2


============================================================
+ Verbose Summary: Datapath Resource usage 
============================================================
N/A
