

================================================================
== Vitis HLS Report for 'snr_monitor_top_Pipeline_pilot_snr'
================================================================
* Date:           Mon Mar  2 11:31:41 2026

* Version:        2024.1 (Build 5069499 on May 21 2024)
* Project:        snr_monitor_1
* Solution:       solution1 (Vivado IP Flow Target)
* Product family: zynquplus
* Target device:  xczu7ev-ffvc1156-2-e


================================================================
== Performance Estimates
================================================================
+ Timing: 
    * Summary: 
    +--------+---------+----------+------------+
    |  Clock |  Target | Estimated| Uncertainty|
    +--------+---------+----------+------------+
    |ap_clk  |  3.33 ns|  2.380 ns|     0.90 ns|
    +--------+---------+----------+------------+

+ Latency: 
    * Summary: 
    +---------+---------+----------+----------+-----+-----+-----------------------------------------------+
    |  Latency (cycles) |  Latency (absolute) |  Interval |                    Pipeline                   |
    |   min   |   max   |    min   |    max   | min | max |                      Type                     |
    +---------+---------+----------+----------+-----+-----+-----------------------------------------------+
    |      110|      110|  0.366 us|  0.366 us|  101|  101|  loop auto-rewind stp(delay=0 clock cycles(s))|
    +---------+---------+----------+----------+-----+-----+-----------------------------------------------+

    + Detail: 
        * Instance: 
        N/A

        * Loop: 
        +-------------+---------+---------+----------+-----------+-----------+------+----------+
        |             |  Latency (cycles) | Iteration|  Initiation Interval  | Trip |          |
        |  Loop Name  |   min   |   max   |  Latency |  achieved |   target  | Count| Pipelined|
        +-------------+---------+---------+----------+-----------+-----------+------+----------+
        |- pilot_snr  |      108|      108|        10|          1|          1|   100|       yes|
        +-------------+---------+---------+----------+-----------+-----------+------+----------+



================================================================
== Utilization Estimates
================================================================
* Summary: 
+-----------------+---------+------+--------+--------+-----+
|       Name      | BRAM_18K|  DSP |   FF   |   LUT  | URAM|
+-----------------+---------+------+--------+--------+-----+
|DSP              |        -|     4|       -|       -|    -|
|Expression       |        -|     -|       0|     278|    -|
|FIFO             |        -|     -|       -|       -|    -|
|Instance         |        -|     4|       0|      20|    -|
|Memory           |        2|     -|       0|       0|    -|
|Multiplexer      |        -|     -|       0|      54|    -|
|Register         |        -|     -|     528|      64|    -|
+-----------------+---------+------+--------+--------+-----+
|Total            |        2|     8|     528|     416|    0|
+-----------------+---------+------+--------+--------+-----+
|Available        |      624|  1728|  460800|  230400|   96|
+-----------------+---------+------+--------+--------+-----+
|Utilization (%)  |       ~0|    ~0|      ~0|      ~0|    0|
+-----------------+---------+------+--------+--------+-----+

+ Detail: 
    * Instance: 
    +------------------------+--------------------+---------+----+---+----+-----+
    |        Instance        |       Module       | BRAM_18K| DSP| FF| LUT| URAM|
    +------------------------+--------------------+---------+----+---+----+-----+
    |mul_16s_15s_30_1_1_U17  |mul_16s_15s_30_1_1  |        0|   1|  0|   5|    0|
    |mul_16s_15s_30_1_1_U18  |mul_16s_15s_30_1_1  |        0|   1|  0|   5|    0|
    |mul_16s_16s_32_1_1_U19  |mul_16s_16s_32_1_1  |        0|   1|  0|   5|    0|
    |mul_16s_16s_32_1_1_U20  |mul_16s_16s_32_1_1  |        0|   1|  0|   5|    0|
    +------------------------+--------------------+---------+----+---+----+-----+
    |Total                   |                    |        0|   4|  0|  20|    0|
    +------------------------+--------------------+---------+----+---+----+-----+

    * DSP: 
    +-----------------------------------+-------------------------------+--------------+
    |              Instance             |             Module            |  Expression  |
    +-----------------------------------+-------------------------------+--------------+
    |mac_muladd_16s_15s_30s_30_4_1_U22  |mac_muladd_16s_15s_30s_30_4_1  |  i0 + i1 * i2|
    |mac_muladd_16s_16s_32s_33_4_1_U23  |mac_muladd_16s_16s_32s_33_4_1  |  i0 + i1 * i1|
    |mac_muladd_16s_16s_32s_33_4_1_U24  |mac_muladd_16s_16s_32s_33_4_1  |  i0 + i1 * i1|
    |mac_mulsub_16s_15s_30s_30_4_1_U21  |mac_mulsub_16s_15s_30s_30_4_1  |  i0 - i1 * i2|
    +-----------------------------------+-------------------------------+--------------+

    * Memory: 
    +-----------+--------------------------------------------------------+---------+---+----+-----+------+-----+------+-------------+
    |   Memory  |                         Module                         | BRAM_18K| FF| LUT| URAM| Words| Bits| Banks| W*Bits*Banks|
    +-----------+--------------------------------------------------------+---------+---+----+-----+------+-----+------+-------------+
    |DMRS_IM_U  |snr_monitor_top_Pipeline_pilot_snr_DMRS_IM_ROM_AUTO_1R  |        1|  0|   0|    0|   100|   15|     1|         1500|
    |DMRS_RE_U  |snr_monitor_top_Pipeline_pilot_snr_DMRS_RE_ROM_AUTO_1R  |        1|  0|   0|    0|   100|   15|     1|         1500|
    +-----------+--------------------------------------------------------+---------+---+----+-----+------+-----+------+-------------+
    |Total      |                                                        |        2|  0|   0|    0|   200|   30|     2|         3000|
    +-----------+--------------------------------------------------------+---------+---+----+-----+------+-----+------+-------------+

    * FIFO: 
    N/A

    * Expression: 
    +----------------------+----------+----+---+----+------------+------------+
    |     Variable Name    | Operation| DSP| FF| LUT| Bitwidth P0| Bitwidth P1|
    +----------------------+----------+----+---+----+------------+------------+
    |add_ln147_fu_267_p2   |         +|   0|  0|  37|          30|          14|
    |add_ln148_fu_282_p2   |         +|   0|  0|  37|          30|          14|
    |k_fu_230_p2           |         +|   0|  0|  18|          10|           8|
    |m_2_fu_190_p2         |         +|   0|  0|  14|           7|           1|
    |nse_pow_1_fu_355_p2   |         +|   0|  0|  46|          39|          39|
    |sig_pow_1_fu_346_p2   |         +|   0|  0|  46|          39|          39|
    |e_im_fu_302_p2        |         -|   0|  0|  23|          16|          16|
    |e_re_fu_297_p2        |         -|   0|  0|  23|          16|          16|
    |sub_ln123_fu_224_p2   |         -|   0|  0|  18|          10|          10|
    |icmp_ln119_fu_184_p2  |      icmp|   0|  0|  14|           7|           6|
    |ap_enable_pp0         |       xor|   0|  0|   2|           1|           2|
    +----------------------+----------+----+---+----+------------+------------+
    |Total                 |          |   0|  0| 278|         205|         165|
    +----------------------+----------+----+---+----+------------+------------+

    * Multiplexer: 
    +-------------------------+----+-----------+-----+-----------+
    |           Name          | LUT| Input Size| Bits| Total Bits|
    +-------------------------+----+-----------+-----+-----------+
    |ap_done_int              |   9|          2|    1|          2|
    |ap_enable_reg_pp0_iter1  |   9|          2|    1|          2|
    |ap_sig_allocacmp_m_1     |   9|          2|    7|         14|
    |m_fu_70                  |   9|          2|    7|         14|
    |nse_pow_fu_66            |   9|          2|   39|         78|
    |sig_pow_fu_62            |   9|          2|   39|         78|
    +-------------------------+----+-----------+-----+-----------+
    |Total                    |  54|         12|   94|        188|
    +-------------------------+----+-----------+-----+-----------+

    * Register: 
    +----------------------------------+----+----+-----+-----------+
    |               Name               | FF | LUT| Bits| Const Bits|
    +----------------------------------+----+----+-----+-----------+
    |ap_CS_fsm                         |   1|   0|    1|          0|
    |ap_done_reg                       |   1|   0|    1|          0|
    |ap_enable_reg_pp0_iter1           |   1|   0|    1|          0|
    |ap_enable_reg_pp0_iter2           |   1|   0|    1|          0|
    |ap_enable_reg_pp0_iter3           |   1|   0|    1|          0|
    |ap_enable_reg_pp0_iter4           |   1|   0|    1|          0|
    |ap_enable_reg_pp0_iter5           |   1|   0|    1|          0|
    |ap_enable_reg_pp0_iter6           |   1|   0|    1|          0|
    |ap_enable_reg_pp0_iter7           |   1|   0|    1|          0|
    |ap_enable_reg_pp0_iter8           |   1|   0|    1|          0|
    |ap_enable_reg_pp0_iter9           |   1|   0|    1|          0|
    |ap_loop_exit_ready_pp0_iter1_reg  |   1|   0|    1|          0|
    |ap_loop_exit_ready_pp0_iter2_reg  |   1|   0|    1|          0|
    |ap_loop_exit_ready_pp0_iter3_reg  |   1|   0|    1|          0|
    |ap_loop_exit_ready_pp0_iter4_reg  |   1|   0|    1|          0|
    |ap_loop_exit_ready_pp0_iter5_reg  |   1|   0|    1|          0|
    |ap_loop_exit_ready_pp0_iter6_reg  |   1|   0|    1|          0|
    |ap_loop_exit_ready_pp0_iter7_reg  |   1|   0|    1|          0|
    |ap_loop_exit_ready_pp0_iter8_reg  |   1|   0|    1|          0|
    |e_re_reg_533                      |  16|   0|   16|          0|
    |icmp_ln119_reg_443                |   1|   0|    1|          0|
    |m_1_reg_436                       |   7|   0|    7|          0|
    |m_fu_70                           |   7|   0|    7|          0|
    |mul_ln145_reg_496                 |  30|   0|   30|          0|
    |mul_ln146_1_reg_501               |  30|   0|   30|          0|
    |mul_ln156_reg_550                 |  32|   0|   32|          0|
    |mul_ln157_reg_555                 |  32|   0|   32|          0|
    |nse_pow_fu_66                     |  39|   0|   39|          0|
    |s_im_reg_527                      |  16|   0|   16|          0|
    |s_re_reg_521                      |  16|   0|   16|          0|
    |s_re_reg_521_pp0_iter6_reg        |  16|   0|   16|          0|
    |sext_ln145_2_reg_484              |  30|   0|   30|          0|
    |sext_ln145_reg_478                |  30|   0|   30|          0|
    |sig_pow_fu_62                     |  39|   0|   39|          0|
    |x_re_reg_473                      |  15|   0|   15|          0|
    |y_im_reg_516                      |  16|   0|   16|          0|
    |zext_ln130_reg_447                |   9|   0|   64|         55|
    |icmp_ln119_reg_443                |  64|  32|    1|          0|
    |zext_ln130_reg_447                |  64|  32|   64|         55|
    +----------------------------------+----+----+-----+-----------+
    |Total                             | 528|  64|  520|        110|
    +----------------------------------+----+----+-----+-----------+



================================================================
== Interface
================================================================
* Summary: 
+--------------------+-----+-----+------------+------------------------------------+--------------+
|      RTL Ports     | Dir | Bits|  Protocol  |            Source Object           |    C Type    |
+--------------------+-----+-----+------------+------------------------------------+--------------+
|ap_clk              |   in|    1|  ap_ctrl_hs|  snr_monitor_top_Pipeline_pilot_snr|  return value|
|ap_rst              |   in|    1|  ap_ctrl_hs|  snr_monitor_top_Pipeline_pilot_snr|  return value|
|ap_start            |   in|    1|  ap_ctrl_hs|  snr_monitor_top_Pipeline_pilot_snr|  return value|
|ap_done             |  out|    1|  ap_ctrl_hs|  snr_monitor_top_Pipeline_pilot_snr|  return value|
|ap_idle             |  out|    1|  ap_ctrl_hs|  snr_monitor_top_Pipeline_pilot_snr|  return value|
|ap_ready            |  out|    1|  ap_ctrl_hs|  snr_monitor_top_Pipeline_pilot_snr|  return value|
|fft_re_address0     |  out|   10|   ap_memory|                              fft_re|         array|
|fft_re_ce0          |  out|    1|   ap_memory|                              fft_re|         array|
|fft_re_q0           |   in|   16|   ap_memory|                              fft_re|         array|
|fft_im_address0     |  out|   10|   ap_memory|                              fft_im|         array|
|fft_im_ce0          |  out|    1|   ap_memory|                              fft_im|         array|
|fft_im_q0           |   in|   16|   ap_memory|                              fft_im|         array|
|h_re_address0       |  out|   10|   ap_memory|                                h_re|         array|
|h_re_ce0            |  out|    1|   ap_memory|                                h_re|         array|
|h_re_q0             |   in|   16|   ap_memory|                                h_re|         array|
|h_im_address0       |  out|   10|   ap_memory|                                h_im|         array|
|h_im_ce0            |  out|    1|   ap_memory|                                h_im|         array|
|h_im_q0             |   in|   16|   ap_memory|                                h_im|         array|
|nse_pow_out         |  out|   39|      ap_vld|                         nse_pow_out|       pointer|
|nse_pow_out_ap_vld  |  out|    1|      ap_vld|                         nse_pow_out|       pointer|
|sig_pow_out         |  out|   39|      ap_vld|                         sig_pow_out|       pointer|
|sig_pow_out_ap_vld  |  out|    1|      ap_vld|                         sig_pow_out|       pointer|
+--------------------+-----+-----+------------+------------------------------------+--------------+

