

================================================================
== Vitis HLS Report for 'snr_monitor_top'
================================================================
* Date:           Mon Mar  2 11:31:41 2026

* Version:        2024.1 (Build 5069499 on May 21 2024)
* Project:        snr_monitor_1
* Solution:       solution1 (Vivado IP Flow Target)
* Product family: zynquplus
* Target device:  xczu7ev-ffvc1156-2-e


================================================================
== Performance Estimates
================================================================
+ Timing: 
    * Summary: 
    +--------+---------+----------+------------+
    |  Clock |  Target | Estimated| Uncertainty|
    +--------+---------+----------+------------+
    |ap_clk  |  3.33 ns|  2.380 ns|     0.90 ns|
    +--------+---------+----------+------------+

+ Latency: 
    * Summary: 
    +---------+---------+-----------+-----------+------+------+---------+
    |  Latency (cycles) |   Latency (absolute)  |   Interval  | Pipeline|
    |   min   |   max   |    min    |    max    |  min |  max |   Type  |
    +---------+---------+-----------+-----------+------+------+---------+
    |     5130|     5311|  17.083 us|  17.686 us|  5131|  5312|       no|
    +---------+---------+-----------+-----------+------+------+---------+

    + Detail: 
        * Instance: 
        +--------------------------------------------------+---------------------------------------+---------+---------+-----------+-----------+------+------+-----------------------------------------------+
        |                                                  |                                       |  Latency (cycles) |   Latency (absolute)  |   Interval  |                    Pipeline                   |
        |                     Instance                     |                 Module                |   min   |   max   |    min    |    max    |  min |  max |                      Type                     |
        +--------------------------------------------------+---------------------------------------+---------+---------+-----------+-----------+------+------+-----------------------------------------------+
        |grp_snr_monitor_top_Pipeline_buf_loop_fu_145      |snr_monitor_top_Pipeline_buf_loop      |     1026|     1026|   3.417 us|   3.417 us|  1025|  1025|  loop auto-rewind stp(delay=0 clock cycles(s))|
        |grp_snr_monitor_top_Pipeline_weight_drain_fu_167  |snr_monitor_top_Pipeline_weight_drain  |     4098|     4098|  13.646 us|  13.646 us|  4097|  4097|  loop auto-rewind stp(delay=0 clock cycles(s))|
        |grp_snr_monitor_top_Pipeline_pilot_snr_fu_181     |snr_monitor_top_Pipeline_pilot_snr     |      110|      110|   0.366 us|   0.366 us|   101|   101|  loop auto-rewind stp(delay=0 clock cycles(s))|
        +--------------------------------------------------+---------------------------------------+---------+---------+-----------+-----------+------+------+-----------------------------------------------+

        * Loop: 
        N/A



================================================================
== Utilization Estimates
================================================================
* Summary: 
+-----------------+---------+------+--------+--------+-----+
|       Name      | BRAM_18K|  DSP |   FF   |   LUT  | URAM|
+-----------------+---------+------+--------+--------+-----+
|DSP              |        -|     -|       -|       -|    -|
|Expression       |        -|     -|       0|     170|    -|
|FIFO             |        -|     -|       -|       -|    -|
|Instance         |        2|     8|    1500|    1188|    0|
|Memory           |        4|     -|       0|       0|    0|
|Multiplexer      |        -|     -|       0|     602|    -|
|Register         |        -|     -|     115|       -|    -|
+-----------------+---------+------+--------+--------+-----+
|Total            |        6|     8|    1615|    1960|    0|
+-----------------+---------+------+--------+--------+-----+
|Available        |      624|  1728|  460800|  230400|   96|
+-----------------+---------+------+--------+--------+-----+
|Utilization (%)  |       ~0|    ~0|      ~0|      ~0|    0|
+-----------------+---------+------+--------+--------+-----+

+ Detail: 
    * Instance: 
    +--------------------------------------------------+---------------------------------------+---------+----+-----+-----+-----+
    |                     Instance                     |                 Module                | BRAM_18K| DSP|  FF | LUT | URAM|
    +--------------------------------------------------+---------------------------------------+---------+----+-----+-----+-----+
    |SNR_s_axi_U                                       |SNR_s_axi                              |        0|   0|   74|  104|    0|
    |grp_snr_monitor_top_Pipeline_buf_loop_fu_145      |snr_monitor_top_Pipeline_buf_loop      |        0|   0|   57|   97|    0|
    |grp_snr_monitor_top_Pipeline_pilot_snr_fu_181     |snr_monitor_top_Pipeline_pilot_snr     |        2|   8|  528|  416|    0|
    |grp_snr_monitor_top_Pipeline_weight_drain_fu_167  |snr_monitor_top_Pipeline_weight_drain  |        0|   0|   62|  102|    0|
    |udiv_64s_39ns_32_68_seq_1_U38                     |udiv_64s_39ns_32_68_seq_1              |        0|   0|  779|  469|    0|
    +--------------------------------------------------+---------------------------------------+---------+----+-----+-----+-----+
    |Total                                             |                                       |        2|   8| 1500| 1188|    0|
    +--------------------------------------------------+---------------------------------------+---------+----+-----+-----+-----+

    * DSP: 
    N/A

    * Memory: 
    +----------+----------------------+---------+---+----+-----+------+-----+------+-------------+
    |  Memory  |        Module        | BRAM_18K| FF| LUT| URAM| Words| Bits| Banks| W*Bits*Banks|
    +----------+----------------------+---------+---+----+-----+------+-----+------+-------------+
    |fft_re_U  |fft_re_RAM_AUTO_1R1W  |        1|  0|   0|    0|  1024|   16|     1|        16384|
    |fft_im_U  |fft_re_RAM_AUTO_1R1W  |        1|  0|   0|    0|  1024|   16|     1|        16384|
    |h_re_U    |fft_re_RAM_AUTO_1R1W  |        1|  0|   0|    0|  1024|   16|     1|        16384|
    |h_im_U    |fft_re_RAM_AUTO_1R1W  |        1|  0|   0|    0|  1024|   16|     1|        16384|
    +----------+----------------------+---------+---+----+-----+------+-----+------+-------------+
    |Total     |                      |        4|  0|   0|    0|  4096|   64|     4|        65536|
    +----------+----------------------+---------+---+----+-----+------+-----+------+-------------+

    * FIFO: 
    N/A

    * Expression: 
    +------------------------+----------+----+---+----+------------+------------+
    |      Variable Name     | Operation| DSP| FF| LUT| Bitwidth P0| Bitwidth P1|
    +------------------------+----------+----+---+----+------------+------------+
    |sub_ln168_fu_227_p2     |         -|   0|  0|  55|          48|          48|
    |icmp_ln113_fu_195_p2    |      icmp|   0|  0|  12|           4|           2|
    |icmp_ln168_1_fu_233_p2  |      icmp|   0|  0|  55|          48|          48|
    |icmp_ln168_fu_239_p2    |      icmp|   0|  0|  46|          39|           1|
    |or_ln168_fu_244_p2      |        or|   0|  0|   2|           1|           1|
    +------------------------+----------+----+---+----+------------+------------+
    |Total                   |          |   0|  0| 170|         140|         100|
    +------------------------+----------+----+---+----+------------+------------+

    * Multiplexer: 
    +-----------------------------------+-----+-----------+-----+-----------+
    |                Name               | LUT | Input Size| Bits| Total Bits|
    +-----------------------------------+-----+-----------+-----+-----------+
    |ap_NS_fsm                          |  418|         79|    1|         79|
    |fft_im_address0                    |   14|          3|   10|         30|
    |fft_im_ce0                         |   14|          3|    1|          3|
    |fft_im_we0                         |    9|          2|    1|          2|
    |fft_in_0_TREADY_int_regslice       |    9|          2|    1|          2|
    |fft_in_1_TREADY_int_regslice       |    9|          2|    1|          2|
    |fft_re_address0                    |   14|          3|   10|         30|
    |fft_re_ce0                         |   14|          3|    1|          3|
    |fft_re_we0                         |    9|          2|    1|          2|
    |h_im_address0                      |   14|          3|   10|         30|
    |h_im_ce0                           |   14|          3|    1|          3|
    |h_im_we0                           |    9|          2|    1|          2|
    |h_re_address0                      |   14|          3|   10|         30|
    |h_re_ce0                           |   14|          3|    1|          3|
    |h_re_we0                           |    9|          2|    1|          2|
    |storemerge_reg_133                 |    9|          2|   32|         64|
    |weight_stream_TREADY_int_regslice  |    9|          2|    1|          2|
    +-----------------------------------+-----+-----------+-----+-----------+
    |Total                              |  602|        119|   84|        289|
    +-----------------------------------+-----+-----------+-----+-----------+

    * Register: 
    +---------------------------------------------------------------+----+----+-----+-----------+
    |                              Name                             | FF | LUT| Bits| Const Bits|
    +---------------------------------------------------------------+----+----+-----+-----------+
    |ap_CS_fsm                                                      |  78|   0|   78|          0|
    |grp_snr_monitor_top_Pipeline_buf_loop_fu_145_ap_start_reg      |   1|   0|    1|          0|
    |grp_snr_monitor_top_Pipeline_pilot_snr_fu_181_ap_start_reg     |   1|   0|    1|          0|
    |grp_snr_monitor_top_Pipeline_weight_drain_fu_167_ap_start_reg  |   1|   0|    1|          0|
    |icmp_ln113_reg_285                                             |   1|   0|    1|          0|
    |icmp_ln168_1_reg_295                                           |   1|   0|    1|          0|
    |storemerge_reg_133                                             |  32|   0|   32|          0|
    +---------------------------------------------------------------+----+----+-----+-----------+
    |Total                                                          | 115|   0|  115|          0|
    +---------------------------------------------------------------+----+----+-----+-----------+



================================================================
== Interface
================================================================
* Summary: 
+----------------------+-----+-----+------------+------------------------+--------------+
|       RTL Ports      | Dir | Bits|  Protocol  |      Source Object     |    C Type    |
+----------------------+-----+-----+------------+------------------------+--------------+
|s_axi_SNR_AWVALID     |   in|    1|       s_axi|                     SNR|       pointer|
|s_axi_SNR_AWREADY     |  out|    1|       s_axi|                     SNR|       pointer|
|s_axi_SNR_AWADDR      |   in|    5|       s_axi|                     SNR|       pointer|
|s_axi_SNR_WVALID      |   in|    1|       s_axi|                     SNR|       pointer|
|s_axi_SNR_WREADY      |  out|    1|       s_axi|                     SNR|       pointer|
|s_axi_SNR_WDATA       |   in|   32|       s_axi|                     SNR|       pointer|
|s_axi_SNR_WSTRB       |   in|    4|       s_axi|                     SNR|       pointer|
|s_axi_SNR_ARVALID     |   in|    1|       s_axi|                     SNR|       pointer|
|s_axi_SNR_ARREADY     |  out|    1|       s_axi|                     SNR|       pointer|
|s_axi_SNR_ARADDR      |   in|    5|       s_axi|                     SNR|       pointer|
|s_axi_SNR_RVALID      |  out|    1|       s_axi|                     SNR|       pointer|
|s_axi_SNR_RREADY      |   in|    1|       s_axi|                     SNR|       pointer|
|s_axi_SNR_RDATA       |  out|   32|       s_axi|                     SNR|       pointer|
|s_axi_SNR_RRESP       |  out|    2|       s_axi|                     SNR|       pointer|
|s_axi_SNR_BVALID      |  out|    1|       s_axi|                     SNR|       pointer|
|s_axi_SNR_BREADY      |   in|    1|       s_axi|                     SNR|       pointer|
|s_axi_SNR_BRESP       |  out|    2|       s_axi|                     SNR|       pointer|
|ap_clk                |   in|    1|  ap_ctrl_hs|         snr_monitor_top|  return value|
|ap_rst_n              |   in|    1|  ap_ctrl_hs|         snr_monitor_top|  return value|
|interrupt             |  out|    1|  ap_ctrl_hs|         snr_monitor_top|  return value|
|fft_in_0_TDATA        |   in|   32|        axis|       fft_in_0_V_data_V|       pointer|
|fft_in_0_TVALID       |   in|    1|        axis|       fft_in_0_V_last_V|       pointer|
|fft_in_0_TREADY       |  out|    1|        axis|       fft_in_0_V_last_V|       pointer|
|fft_in_0_TLAST        |   in|    1|        axis|       fft_in_0_V_last_V|       pointer|
|fft_in_0_TKEEP        |   in|    4|        axis|       fft_in_0_V_keep_V|       pointer|
|fft_in_0_TSTRB        |   in|    4|        axis|       fft_in_0_V_strb_V|       pointer|
|fft_in_1_TDATA        |   in|   32|        axis|       fft_in_1_V_data_V|       pointer|
|fft_in_1_TVALID       |   in|    1|        axis|       fft_in_1_V_last_V|       pointer|
|fft_in_1_TREADY       |  out|    1|        axis|       fft_in_1_V_last_V|       pointer|
|fft_in_1_TLAST        |   in|    1|        axis|       fft_in_1_V_last_V|       pointer|
|fft_in_1_TKEEP        |   in|    4|        axis|       fft_in_1_V_keep_V|       pointer|
|fft_in_1_TSTRB        |   in|    4|        axis|       fft_in_1_V_strb_V|       pointer|
|weight_stream_TDATA   |   in|   32|        axis|  weight_stream_V_data_V|       pointer|
|weight_stream_TVALID  |   in|    1|        axis|  weight_stream_V_last_V|       pointer|
|weight_stream_TREADY  |  out|    1|        axis|  weight_stream_V_last_V|       pointer|
|weight_stream_TLAST   |   in|    1|        axis|  weight_stream_V_last_V|       pointer|
|weight_stream_TKEEP   |   in|    4|        axis|  weight_stream_V_keep_V|       pointer|
|weight_stream_TSTRB   |   in|    4|        axis|  weight_stream_V_strb_V|       pointer|
|symbol_num            |   in|    4|     ap_none|              symbol_num|        scalar|
+----------------------+-----+-----+------------+------------------------+--------------+

