

================================================================
== Vitis HLS Report for 'snr_monitor_top_Pipeline_weight_drain'
================================================================
* Date:           Mon Mar  2 11:31:41 2026

* Version:        2024.1 (Build 5069499 on May 21 2024)
* Project:        snr_monitor_1
* Solution:       solution1 (Vivado IP Flow Target)
* Product family: zynquplus
* Target device:  xczu7ev-ffvc1156-2-e


================================================================
== Performance Estimates
================================================================
+ Timing: 
    * Summary: 
    +--------+---------+----------+------------+
    |  Clock |  Target | Estimated| Uncertainty|
    +--------+---------+----------+------------+
    |ap_clk  |  3.33 ns|  1.674 ns|     0.90 ns|
    +--------+---------+----------+------------+

+ Latency: 
    * Summary: 
    +---------+---------+-----------+-----------+------+------+-----------------------------------------------+
    |  Latency (cycles) |   Latency (absolute)  |   Interval  |                    Pipeline                   |
    |   min   |   max   |    min    |    max    |  min |  max |                      Type                     |
    +---------+---------+-----------+-----------+------+------+-----------------------------------------------+
    |     4098|     4098|  13.646 us|  13.646 us|  4097|  4097|  loop auto-rewind stp(delay=0 clock cycles(s))|
    +---------+---------+-----------+-----------+------+------+-----------------------------------------------+

    + Detail: 
        * Instance: 
        N/A

        * Loop: 
        +----------------+---------+---------+----------+-----------+-----------+------+----------+
        |                |  Latency (cycles) | Iteration|  Initiation Interval  | Trip |          |
        |    Loop Name   |   min   |   max   |  Latency |  achieved |   target  | Count| Pipelined|
        +----------------+---------+---------+----------+-----------+-----------+------+----------+
        |- weight_drain  |     4096|     4096|         2|          1|          1|  4096|       yes|
        +----------------+---------+---------+----------+-----------+-----------+------+----------+



================================================================
== Utilization Estimates
================================================================
* Summary: 
+-----------------+---------+------+--------+--------+-----+
|       Name      | BRAM_18K|  DSP |   FF   |   LUT  | URAM|
+-----------------+---------+------+--------+--------+-----+
|DSP              |        -|     -|       -|       -|    -|
|Expression       |        -|     -|       0|      57|    -|
|FIFO             |        -|     -|       -|       -|    -|
|Instance         |        -|     -|       -|       -|    -|
|Memory           |        -|     -|       -|       -|    -|
|Multiplexer      |        -|     -|       0|      45|    -|
|Register         |        -|     -|      62|       -|    -|
+-----------------+---------+------+--------+--------+-----+
|Total            |        0|     0|      62|     102|    0|
+-----------------+---------+------+--------+--------+-----+
|Available        |      624|  1728|  460800|  230400|   96|
+-----------------+---------+------+--------+--------+-----+
|Utilization (%)  |        0|     0|      ~0|      ~0|    0|
+-----------------+---------+------+--------+--------+-----+

+ Detail: 
    * Instance: 
    N/A

    * DSP: 
    N/A

    * Memory: 
    N/A

    * FIFO: 
    N/A

    * Expression: 
    +----------------------------------+----------+----+---+----+------------+------------+
    |           Variable Name          | Operation| DSP| FF| LUT| Bitwidth P0| Bitwidth P1|
    +----------------------------------+----------+----+---+----+------------+------------+
    |add_ln99_fu_122_p2                |         +|   0|  0|  20|          13|           1|
    |ap_block_pp0_stage0_11001         |       and|   0|  0|   2|           1|           1|
    |ap_block_state1_pp0_stage0_iter0  |       and|   0|  0|   2|           1|           1|
    |icmp_ln102_fu_142_p2              |      icmp|   0|  0|  10|           3|           1|
    |icmp_ln99_fu_116_p2               |      icmp|   0|  0|  21|          13|          14|
    |ap_enable_pp0                     |       xor|   0|  0|   2|           1|           2|
    +----------------------------------+----------+----+---+----+------------+------------+
    |Total                             |          |   0|  0|  57|          32|          20|
    +----------------------------------+----------+----+---+----+------------+------------+

    * Multiplexer: 
    +---------------------------+----+-----------+-----+-----------+
    |            Name           | LUT| Input Size| Bits| Total Bits|
    +---------------------------+----+-----------+-----+-----------+
    |ap_done_int                |   9|          2|    1|          2|
    |ap_enable_reg_pp0_iter1    |   9|          2|    1|          2|
    |ap_sig_allocacmp_idx_1     |   9|          2|   13|         26|
    |idx_fu_66                  |   9|          2|   13|         26|
    |weight_stream_TDATA_blk_n  |   9|          2|    1|          2|
    +---------------------------+----+-----------+-----+-----------+
    |Total                      |  45|         10|   29|         58|
    +---------------------------+----+-----------+-----+-----------+

    * Register: 
    +-------------------------+----+----+-----+-----------+
    |           Name          | FF | LUT| Bits| Const Bits|
    +-------------------------+----+----+-----+-----------+
    |ap_CS_fsm                |   1|   0|    1|          0|
    |ap_done_reg              |   1|   0|    1|          0|
    |ap_enable_reg_pp0_iter1  |   1|   0|    1|          0|
    |icmp_ln102_reg_193       |   1|   0|    1|          0|
    |idx_1_reg_179            |  13|   0|   13|          0|
    |idx_fu_66                |  13|   0|   13|          0|
    |w_data_reg_187           |  32|   0|   32|          0|
    +-------------------------+----+----+-----+-----------+
    |Total                    |  62|   0|   62|          0|
    +-------------------------+----+----+-----+-----------+



================================================================
== Interface
================================================================
* Summary: 
+----------------------+-----+-----+------------+---------------------------------------+--------------+
|       RTL Ports      | Dir | Bits|  Protocol  |             Source Object             |    C Type    |
+----------------------+-----+-----+------------+---------------------------------------+--------------+
|ap_clk                |   in|    1|  ap_ctrl_hs|  snr_monitor_top_Pipeline_weight_drain|  return value|
|ap_rst                |   in|    1|  ap_ctrl_hs|  snr_monitor_top_Pipeline_weight_drain|  return value|
|ap_start              |   in|    1|  ap_ctrl_hs|  snr_monitor_top_Pipeline_weight_drain|  return value|
|ap_done               |  out|    1|  ap_ctrl_hs|  snr_monitor_top_Pipeline_weight_drain|  return value|
|ap_idle               |  out|    1|  ap_ctrl_hs|  snr_monitor_top_Pipeline_weight_drain|  return value|
|ap_ready              |  out|    1|  ap_ctrl_hs|  snr_monitor_top_Pipeline_weight_drain|  return value|
|weight_stream_TVALID  |   in|    1|        axis|                 weight_stream_V_data_V|       pointer|
|weight_stream_TDATA   |   in|   32|        axis|                 weight_stream_V_data_V|       pointer|
|weight_stream_TREADY  |  out|    1|        axis|                 weight_stream_V_last_V|       pointer|
|weight_stream_TLAST   |   in|    1|        axis|                 weight_stream_V_last_V|       pointer|
|weight_stream_TKEEP   |   in|    4|        axis|                 weight_stream_V_keep_V|       pointer|
|weight_stream_TSTRB   |   in|    4|        axis|                 weight_stream_V_strb_V|       pointer|
|h_re_address0         |  out|   10|   ap_memory|                                   h_re|         array|
|h_re_ce0              |  out|    1|   ap_memory|                                   h_re|         array|
|h_re_we0              |  out|    1|   ap_memory|                                   h_re|         array|
|h_re_d0               |  out|   16|   ap_memory|                                   h_re|         array|
|h_im_address0         |  out|   10|   ap_memory|                                   h_im|         array|
|h_im_ce0              |  out|    1|   ap_memory|                                   h_im|         array|
|h_im_we0              |  out|    1|   ap_memory|                                   h_im|         array|
|h_im_d0               |  out|   16|   ap_memory|                                   h_im|         array|
+----------------------+-----+-----+------------+---------------------------------------+--------------+

