

================================================================
== Vitis HLS Report for 'slot_counter_top'
================================================================
* Date:           Mon Mar  2 12:24:00 2026

* Version:        2024.1 (Build 5069499 on May 21 2024)
* Project:        slot_counter
* Solution:       solution1 (Vivado IP Flow Target)
* Product family: zynquplus
* Target device:  xczu7ev-ffvc1156-2-e


================================================================
== Performance Estimates
================================================================
+ Timing: 
    * Summary: 
    +--------+---------+----------+------------+
    |  Clock |  Target | Estimated| Uncertainty|
    +--------+---------+----------+------------+
    |ap_clk  |  3.33 ns|  2.180 ns|     0.90 ns|
    +--------+---------+----------+------------+

+ Latency: 
    * Summary: 
    +---------+---------+----------+----------+-----+-----+---------+
    |  Latency (cycles) |  Latency (absolute) |  Interval | Pipeline|
    |   min   |   max   |    min   |    max   | min | max |   Type  |
    +---------+---------+----------+----------+-----+-----+---------+
    |        1|        1|  3.330 ns|  3.330 ns|    2|    2|       no|
    +---------+---------+----------+----------+-----+-----+---------+

    + Detail: 
        * Instance: 
        N/A

        * Loop: 
        N/A



================================================================
== Utilization Estimates
================================================================
* Summary: 
+-----------------+---------+------+--------+--------+-----+
|       Name      | BRAM_18K|  DSP |   FF   |   LUT  | URAM|
+-----------------+---------+------+--------+--------+-----+
|DSP              |        -|     -|       -|       -|    -|
|Expression       |        -|     -|       0|     153|    -|
|FIFO             |        -|     -|       -|       -|    -|
|Instance         |        0|     -|      89|      86|    0|
|Memory           |        -|     -|       -|       -|    -|
|Multiplexer      |        -|     -|       0|     114|    -|
|Register         |        -|     -|      36|       -|    -|
+-----------------+---------+------+--------+--------+-----+
|Total            |        0|     0|     125|     353|    0|
+-----------------+---------+------+--------+--------+-----+
|Available        |      624|  1728|  460800|  230400|   96|
+-----------------+---------+------+--------+--------+-----+
|Utilization (%)  |        0|     0|      ~0|      ~0|    0|
+-----------------+---------+------+--------+--------+-----+

+ Detail: 
    * Instance: 
    +--------------+------------+---------+----+----+----+-----+
    |   Instance   |   Module   | BRAM_18K| DSP| FF | LUT| URAM|
    +--------------+------------+---------+----+----+----+-----+
    |CTRL_s_axi_U  |CTRL_s_axi  |        0|   0|  89|  86|    0|
    +--------------+------------+---------+----+----+----+-----+
    |Total         |            |        0|   0|  89|  86|    0|
    +--------------+------------+---------+----+----+----+-----+

    * DSP: 
    N/A

    * Memory: 
    N/A

    * FIFO: 
    N/A

    * Expression: 
    +------------------------+----------+----+---+----+------------+------------+
    |      Variable Name     | Operation| DSP| FF| LUT| Bitwidth P0| Bitwidth P1|
    +------------------------+----------+----+---+----+------------+------------+
    |add_ln105_fu_286_p2     |         +|   0|  0|  14|           7|           1|
    |add_ln107_fu_262_p2     |         +|   0|  0|  12|           4|           1|
    |add_ln110_fu_306_p2     |         +|   0|  0|  19|          12|           1|
    |ap_condition_104        |       and|   0|  0|   2|           1|           1|
    |ap_condition_107        |       and|   0|  0|   2|           1|           1|
    |ap_condition_110        |       and|   0|  0|   2|           1|           1|
    |ap_condition_113        |       and|   0|  0|   2|           1|           1|
    |icmp_ln100_fu_256_p2    |      icmp|   0|  0|  12|           4|           3|
    |icmp_ln103_fu_280_p2    |      icmp|   0|  0|  14|           7|           7|
    |icmp_ln93_1_fu_220_p2   |      icmp|   0|  0|  12|           4|           3|
    |icmp_ln93_fu_214_p2     |      icmp|   0|  0|  12|           4|           1|
    |icmp_ln97_fu_244_p2     |      icmp|   0|  0|  19|          12|          12|
    |or_ln93_fu_226_p2       |        or|   0|  0|   2|           1|           1|
    |select_ln103_fu_292_p3  |    select|   0|  0|   7|           1|           1|
    |select_ln97_fu_232_p3   |    select|   0|  0|  11|           1|          12|
    |slot_num                |    select|   0|  0|   7|           1|           7|
    |symbol_num              |    select|   0|  0|   4|           1|           4|
    +------------------------+----------+----+---+----+------------+------------+
    |Total                   |          |   0|  0| 153|          63|          58|
    +------------------------+----------+----+---+----+------------+------------+

    * Multiplexer: 
    +------------------------+----+-----------+-----+-----------+
    |          Name          | LUT| Input Size| Bits| Total Bits|
    +------------------------+----+-----------+-----+-----------+
    |ap_NS_fsm               |  14|          3|    1|          3|
    |p_0_0_0151_reg_188      |  26|          5|    4|         20|
    |phase_cnt               |  20|          4|   12|         48|
    |slot_cnt                |  14|          3|    7|         21|
    |slot_cnt_loc_0_reg_172  |  20|          4|    7|         28|
    |symbol_cnt              |  20|          4|    4|         16|
    +------------------------+----+-----------+-----+-----------+
    |Total                   | 114|         23|   35|        136|
    +------------------------+----+-----------+-----+-----------+

    * Register: 
    +------------------------+----+----+-----+-----------+
    |          Name          | FF | LUT| Bits| Const Bits|
    +------------------------+----+----+-----+-----------+
    |ap_CS_fsm               |   2|   0|    2|          0|
    |p_0_0_0151_reg_188      |   4|   0|    4|          0|
    |phase_cnt               |  12|   0|   12|          0|
    |slot_cnt                |   7|   0|    7|          0|
    |slot_cnt_loc_0_reg_172  |   7|   0|    7|          0|
    |symbol_cnt              |   4|   0|    4|          0|
    +------------------------+----+----+-----+-----------+
    |Total                   |  36|   0|   36|          0|
    +------------------------+----+----+-----+-----------+



================================================================
== Interface
================================================================
* Summary: 
+--------------------+-----+-----+--------------+------------------+--------------+
|      RTL Ports     | Dir | Bits|   Protocol   |   Source Object  |    C Type    |
+--------------------+-----+-----+--------------+------------------+--------------+
|s_axi_CTRL_AWVALID  |   in|    1|         s_axi|              CTRL|       pointer|
|s_axi_CTRL_AWREADY  |  out|    1|         s_axi|              CTRL|       pointer|
|s_axi_CTRL_AWADDR   |   in|    6|         s_axi|              CTRL|       pointer|
|s_axi_CTRL_WVALID   |   in|    1|         s_axi|              CTRL|       pointer|
|s_axi_CTRL_WREADY   |  out|    1|         s_axi|              CTRL|       pointer|
|s_axi_CTRL_WDATA    |   in|   32|         s_axi|              CTRL|       pointer|
|s_axi_CTRL_WSTRB    |   in|    4|         s_axi|              CTRL|       pointer|
|s_axi_CTRL_ARVALID  |   in|    1|         s_axi|              CTRL|       pointer|
|s_axi_CTRL_ARREADY  |  out|    1|         s_axi|              CTRL|       pointer|
|s_axi_CTRL_ARADDR   |   in|    6|         s_axi|              CTRL|       pointer|
|s_axi_CTRL_RVALID   |  out|    1|         s_axi|              CTRL|       pointer|
|s_axi_CTRL_RREADY   |   in|    1|         s_axi|              CTRL|       pointer|
|s_axi_CTRL_RDATA    |  out|   32|         s_axi|              CTRL|       pointer|
|s_axi_CTRL_RRESP    |  out|    2|         s_axi|              CTRL|       pointer|
|s_axi_CTRL_BVALID   |  out|    1|         s_axi|              CTRL|       pointer|
|s_axi_CTRL_BREADY   |   in|    1|         s_axi|              CTRL|       pointer|
|s_axi_CTRL_BRESP    |  out|    2|         s_axi|              CTRL|       pointer|
|ap_clk              |   in|    1|  ap_ctrl_none|  slot_counter_top|  return value|
|ap_rst_n            |   in|    1|  ap_ctrl_none|  slot_counter_top|  return value|
|symbol_num          |  out|    4|       ap_none|        symbol_num|       pointer|
|slot_num            |  out|    7|       ap_none|          slot_num|       pointer|
|gpio_override       |   in|    1|       ap_none|     gpio_override|        scalar|
|gpio_symbol_num     |   in|    4|       ap_none|   gpio_symbol_num|        scalar|
|gpio_slot_num       |   in|    7|       ap_none|     gpio_slot_num|        scalar|
+--------------------+-----+-----+--------------+------------------+--------------+

