

================================================================
== Vitis HLS Report for 'sc_mapper_rx'
================================================================
* Date:           Sun Mar  1 14:11:07 2026

* Version:        2024.1 (Build 5069499 on May 21 2024)
* Project:        sc_mapping
* Solution:       solution1 (Vivado IP Flow Target)
* Product family: zynquplus
* Target device:  xczu7ev-ffvc1156-2-e


================================================================
== Performance Estimates
================================================================
+ Timing: 
    * Summary: 
    +--------+---------+----------+------------+
    |  Clock |  Target | Estimated| Uncertainty|
    +--------+---------+----------+------------+
    |ap_clk  |  3.53 ns|  2.508 ns|     0.95 ns|
    +--------+---------+----------+------------+

+ Latency: 
    * Summary: 
    +---------+---------+----------+----------+------+------+-----------------------------------------------+
    |  Latency (cycles) |  Latency (absolute) |   Interval  |                    Pipeline                   |
    |   min   |   max   |    min   |    max   |  min |  max |                      Type                     |
    +---------+---------+----------+----------+------+------+-----------------------------------------------+
    |     1028|     1028|  3.629 us|  3.629 us|  1024|  1024|  loop auto-rewind stp(delay=1 clock cycles(s))|
    +---------+---------+----------+----------+------+------+-----------------------------------------------+

    + Detail: 
        * Instance: 
        N/A

        * Loop: 
        +-------------+---------+---------+----------+-----------+-----------+------+----------+
        |             |  Latency (cycles) | Iteration|  Initiation Interval  | Trip |          |
        |  Loop Name  |   min   |   max   |  Latency |  achieved |   target  | Count| Pipelined|
        +-------------+---------+---------+----------+-----------+-----------+------+----------+
        |- scan_loop  |     1026|     1026|         4|          1|          1|  1024|       yes|
        +-------------+---------+---------+----------+-----------+-----------+------+----------+



================================================================
== Utilization Estimates
================================================================
* Summary: 
+-----------------+---------+------+--------+--------+-----+
|       Name      | BRAM_18K|  DSP |   FF   |   LUT  | URAM|
+-----------------+---------+------+--------+--------+-----+
|DSP              |        -|     -|       -|       -|    -|
|Expression       |        -|     -|       0|     231|    -|
|FIFO             |        -|     -|       -|       -|    -|
|Instance         |        -|     -|       -|       -|    -|
|Memory           |        1|     -|       0|       0|    -|
|Multiplexer      |        -|     -|       0|     104|    -|
|Register         |        -|     -|     403|     128|    -|
+-----------------+---------+------+--------+--------+-----+
|Total            |        1|     0|     403|     463|    0|
+-----------------+---------+------+--------+--------+-----+
|Available        |      624|  1728|  460800|  230400|   96|
+-----------------+---------+------+--------+--------+-----+
|Utilization (%)  |       ~0|     0|      ~0|      ~0|    0|
+-----------------+---------+------+--------+--------+-----+

+ Detail: 
    * Instance: 
    N/A

    * DSP: 
    N/A

    * Memory: 
    +---------------+-------------------------+---------+---+----+-----+------+-----+------+-------------+
    |     Memory    |          Module         | BRAM_18K| FF| LUT| URAM| Words| Bits| Banks| W*Bits*Banks|
    +---------------+-------------------------+---------+---+----+-----+------+-----+------+-------------+
    |DATA_SC_IDX_U  |DATA_SC_IDX_ROM_AUTO_1R  |        1|  0|   0|    0|   499|   10|     1|         4990|
    +---------------+-------------------------+---------+---+----+-----+------+-----+------+-------------+
    |Total          |                         |        1|  0|   0|    0|   499|   10|     1|         4990|
    +---------------+-------------------------+---------+---+----+-----+------+-----+------+-------------+

    * FIFO: 
    N/A

    * Expression: 
    +----------------------------------+----------+----+---+----+------------+------------+
    |           Variable Name          | Operation| DSP| FF| LUT| Bitwidth P0| Bitwidth P1|
    +----------------------------------+----------+----+---+----+------------+------------+
    |d_fu_261_p2                       |         +|   0|  0|  39|          32|           1|
    |k_fu_215_p2                       |         +|   0|  0|  17|          10|           1|
    |ap_condition_202                  |       and|   0|  0|   2|           1|           1|
    |ap_condition_203                  |       and|   0|  0|   2|           1|           1|
    |ap_condition_465                  |       and|   0|  0|   2|           1|           1|
    |ap_condition_469                  |       and|   0|  0|   2|           1|           1|
    |is_data_fu_249_p2                 |       and|   0|  0|   2|           1|           1|
    |icmp_ln39_fu_221_p2               |      icmp|   0|  0|  17|          10|           2|
    |icmp_ln53_1_fu_244_p2             |      icmp|   0|  0|  17|          10|          10|
    |icmp_ln53_fu_238_p2               |      icmp|   0|  0|  39|          32|           9|
    |icmp_ln68_fu_267_p2               |      icmp|   0|  0|  39|          32|           9|
    |is_last_fu_255_p2                 |      icmp|   0|  0|  39|          32|           9|
    |ap_block_pp0_stage0_01001         |        or|   0|  0|   2|           1|           1|
    |ap_block_pp0_stage0_11001         |        or|   0|  0|   2|           1|           1|
    |ap_block_state1_pp0_stage0_iter0  |        or|   0|  0|   2|           1|           1|
    |ap_block_state3_io                |        or|   0|  0|   2|           1|           1|
    |ap_block_state4_io                |        or|   0|  0|   2|           1|           1|
    |ap_block_state4_pp0_stage0_iter3  |        or|   0|  0|   2|           1|           1|
    |ap_enable_pp0                     |       xor|   0|  0|   2|           1|           2|
    +----------------------------------+----------+----+---+----+------------+------------+
    |Total                             |          |   0|  0| 231|         170|          54|
    +----------------------------------+----------+----+---+----+------------+------------+

    * Multiplexer: 
    +----------------------------------+----+-----------+-----+-----------+
    |               Name               | LUT| Input Size| Bits| Total Bits|
    +----------------------------------+----+-----------+-----+-----------+
    |ap_done_int                       |   9|          2|    1|          2|
    |ap_loop_exit_ready_pp0_iter3_reg  |   9|          2|    1|          2|
    |ap_sig_allocacmp_k2_load          |   9|          2|   10|         20|
    |ap_sig_allocacmp_next_idx3_load   |   9|          2|   10|         20|
    |d1_fu_102                         |   9|          2|   32|         64|
    |data_out_0_TDATA_blk_n            |   9|          2|    1|          2|
    |data_out_1_TDATA_blk_n            |   9|          2|    1|          2|
    |fft_in_0_TDATA_blk_n              |   9|          2|    1|          2|
    |fft_in_1_TDATA_blk_n              |   9|          2|    1|          2|
    |k2_fu_98                          |   9|          2|   10|         20|
    |next_idx3_fu_106                  |  14|          3|   10|         30|
    +----------------------------------+----+-----------+-----+-----------+
    |Total                             | 104|         23|   78|        166|
    +----------------------------------+----+-----------+-----+-----------+

    * Register: 
    +--------------------------------------------------+----+----+-----+-----------+
    |                       Name                       | FF | LUT| Bits| Const Bits|
    +--------------------------------------------------+----+----+-----+-----------+
    |ap_CS_fsm                                         |   1|   0|    1|          0|
    |ap_condition_exit_pp0_iter0_stage0_pp0_iter1_reg  |   1|   0|    1|          0|
    |ap_done_reg                                       |   1|   0|    1|          0|
    |ap_enable_reg_pp0_iter1                           |   1|   0|    1|          0|
    |ap_enable_reg_pp0_iter2                           |   1|   0|    1|          0|
    |ap_enable_reg_pp0_iter3                           |   1|   0|    1|          0|
    |ap_loop_exit_ready_pp0_iter1_reg                  |   1|   0|    1|          0|
    |ap_loop_exit_ready_pp0_iter2_reg                  |   1|   0|    1|          0|
    |ap_loop_exit_ready_pp0_iter3_reg                  |   1|   0|    1|          0|
    |d1_fu_102                                         |  32|   0|   32|          0|
    |icmp_ln68_reg_354                                 |   1|   0|    1|          0|
    |is_data_reg_344                                   |   1|   0|    1|          0|
    |is_data_reg_344_pp0_iter2_reg                     |   1|   0|    1|          0|
    |is_last_reg_348                                   |   1|   0|    1|          0|
    |k2_fu_98                                          |  10|   0|   10|          0|
    |k2_load_reg_315                                   |  10|   0|   10|          0|
    |next_idx3_fu_106                                  |  10|   0|   10|          0|
    |out_data_1_reg_330                                |  32|   0|   32|          0|
    |out_data_reg_320                                  |  32|   0|   32|          0|
    |out_strb_1_reg_335                                |   4|   0|    4|          0|
    |out_strb_reg_325                                  |   4|   0|    4|          0|
    |out_data_1_reg_330                                |  64|  32|   32|          0|
    |out_data_reg_320                                  |  64|  32|   32|          0|
    |out_strb_1_reg_335                                |  64|  32|    4|          0|
    |out_strb_reg_325                                  |  64|  32|    4|          0|
    +--------------------------------------------------+----+----+-----+-----------+
    |Total                                             | 403| 128|  219|          0|
    +--------------------------------------------------+----+----+-----+-----------+



================================================================
== Interface
================================================================
* Summary: 
+-------------------+-----+-----+------------+---------------------+--------------+
|     RTL Ports     | Dir | Bits|  Protocol  |    Source Object    |    C Type    |
+-------------------+-----+-----+------------+---------------------+--------------+
|ap_clk             |   in|    1|  ap_ctrl_hs|         sc_mapper_rx|  return value|
|ap_rst_n           |   in|    1|  ap_ctrl_hs|         sc_mapper_rx|  return value|
|ap_start           |   in|    1|  ap_ctrl_hs|         sc_mapper_rx|  return value|
|ap_done            |  out|    1|  ap_ctrl_hs|         sc_mapper_rx|  return value|
|ap_idle            |  out|    1|  ap_ctrl_hs|         sc_mapper_rx|  return value|
|ap_ready           |  out|    1|  ap_ctrl_hs|         sc_mapper_rx|  return value|
|fft_in_0_TVALID    |   in|    1|        axis|    fft_in_0_V_last_V|       pointer|
|fft_in_0_TREADY    |  out|    1|        axis|    fft_in_0_V_last_V|       pointer|
|fft_in_0_TLAST     |   in|    1|        axis|    fft_in_0_V_last_V|       pointer|
|fft_in_1_TVALID    |   in|    1|        axis|    fft_in_1_V_last_V|       pointer|
|fft_in_1_TREADY    |  out|    1|        axis|    fft_in_1_V_last_V|       pointer|
|fft_in_1_TLAST     |   in|    1|        axis|    fft_in_1_V_last_V|       pointer|
|data_out_0_TREADY  |   in|    1|        axis|  data_out_0_V_last_V|       pointer|
|data_out_0_TVALID  |  out|    1|        axis|  data_out_0_V_last_V|       pointer|
|data_out_0_TLAST   |  out|    1|        axis|  data_out_0_V_last_V|       pointer|
|data_out_1_TREADY  |   in|    1|        axis|  data_out_1_V_last_V|       pointer|
|data_out_1_TVALID  |  out|    1|        axis|  data_out_1_V_last_V|       pointer|
|data_out_1_TLAST   |  out|    1|        axis|  data_out_1_V_last_V|       pointer|
|fft_in_0_TDATA     |   in|   32|        axis|    fft_in_0_V_data_V|       pointer|
|fft_in_0_TKEEP     |   in|    4|        axis|    fft_in_0_V_keep_V|       pointer|
|fft_in_0_TSTRB     |   in|    4|        axis|    fft_in_0_V_strb_V|       pointer|
|fft_in_1_TDATA     |   in|   32|        axis|    fft_in_1_V_data_V|       pointer|
|fft_in_1_TKEEP     |   in|    4|        axis|    fft_in_1_V_keep_V|       pointer|
|fft_in_1_TSTRB     |   in|    4|        axis|    fft_in_1_V_strb_V|       pointer|
|data_out_0_TDATA   |  out|   32|        axis|  data_out_0_V_data_V|       pointer|
|data_out_0_TKEEP   |  out|    4|        axis|  data_out_0_V_keep_V|       pointer|
|data_out_0_TSTRB   |  out|    4|        axis|  data_out_0_V_strb_V|       pointer|
|data_out_1_TDATA   |  out|   32|        axis|  data_out_1_V_data_V|       pointer|
|data_out_1_TKEEP   |  out|    4|        axis|  data_out_1_V_keep_V|       pointer|
|data_out_1_TSTRB   |  out|    4|        axis|  data_out_1_V_strb_V|       pointer|
+-------------------+-----+-----+------------+---------------------+--------------+

